 cx06_MA_sfun

 Timestamp is 58bf60eb (Tue Mar 07 19:39:55 2017)

 Preferred load address is 10000000

 Start         Length     Name                   Class
 0001:00000000 0006b958H .text                   CODE
 0002:00000000 00000220H .idata$5                DATA
 0002:00000220 00000004H .CRT$XCA                DATA
 0002:00000224 00000004H .CRT$XCZ                DATA
 0002:00000228 00000004H .CRT$XIA                DATA
 0002:0000022c 00000004H .CRT$XIAA               DATA
 0002:00000230 00000004H .CRT$XIC                DATA
 0002:00000234 00000004H .CRT$XIZ                DATA
 0002:00000238 00004b20H .rdata                  DATA
 0002:00004d60 00000004H .rdata$sxdata           DATA
 0002:00004d64 00000004H .rtc$IAA                DATA
 0002:00004d68 00000004H .rtc$IZZ                DATA
 0002:00004d6c 00000004H .rtc$TAA                DATA
 0002:00004d70 00000004H .rtc$TZZ                DATA
 0002:00004d78 00000084H .xdata$x                DATA
 0002:00004dfc 000000a0H .idata$2                DATA
 0002:00004e9c 00000014H .idata$3                DATA
 0002:00004eb0 00000220H .idata$4                DATA
 0002:000050d0 00000986H .idata$6                DATA
 0002:00005a60 00000052H .edata                  DATA
 0003:00000000 0000bdb8H .data                   DATA
 0003:0000bdc0 0000248cH .bss                    DATA

  Address         Publics by Value              Rva+Base       Lib:Object

 0000:00000000       __except_list              00000000     <absolute>
 0000:00000001       ___safe_se_handler_count   00000001     <absolute>
 0000:00009876       __fltused                  00009876     <absolute>
 0000:00009876       __ldused                   00009876     <absolute>
 0000:00000000       ___ImageBase               10000000     <linker-defined>
 0001:00000000       _sf_c2_cx06_MA_get_eml_resolved_functions_info 10001000 f   c2_cx06_MA.obj
 0001:00000050       _sf_c2_cx06_MA_get_check_sum 10001050 f   c2_cx06_MA.obj
 0001:000000b0       _sf_c2_cx06_MA_get_autoinheritance_info 100010b0 f   c2_cx06_MA.obj
 0001:000007f0       _c2_cx06_MA_method_dispatcher 100017f0 f   c2_cx06_MA.obj
 0001:00004f40       _sf_c5_cx06_MA_get_eml_resolved_functions_info 10005f40 f   c5_cx06_MA.obj
 0001:00004f90       _sf_c5_cx06_MA_get_check_sum 10005f90 f   c5_cx06_MA.obj
 0001:00004ff0       _sf_c5_cx06_MA_get_autoinheritance_info 10005ff0 f   c5_cx06_MA.obj
 0001:00005740       _c5_cx06_MA_method_dispatcher 10006740 f   c5_cx06_MA.obj
 0001:00007cd0       _sf_c6_cx06_MA_get_eml_resolved_functions_info 10008cd0 f   c6_cx06_MA.obj
 0001:00007f70       _sf_c6_cx06_MA_get_check_sum 10008f70 f   c6_cx06_MA.obj
 0001:00007fd0       _sf_c6_cx06_MA_get_autoinheritance_info 10008fd0 f   c6_cx06_MA.obj
 0001:00008700       _c6_cx06_MA_method_dispatcher 10009700 f   c6_cx06_MA.obj
 0001:0000a550       _sf_c7_cx06_MA_get_eml_resolved_functions_info 1000b550 f   c7_cx06_MA.obj
 0001:0000a910       _sf_c7_cx06_MA_get_check_sum 1000b910 f   c7_cx06_MA.obj
 0001:0000a970       _sf_c7_cx06_MA_get_autoinheritance_info 1000b970 f   c7_cx06_MA.obj
 0001:0000aca0       _c7_cx06_MA_method_dispatcher 1000bca0 f   c7_cx06_MA.obj
 0001:0000c310       _sf_c8_cx06_MA_get_eml_resolved_functions_info 1000d310 f   c8_cx06_MA.obj
 0001:0000c640       _sf_c8_cx06_MA_get_check_sum 1000d640 f   c8_cx06_MA.obj
 0001:0000c6a0       _sf_c8_cx06_MA_get_autoinheritance_info 1000d6a0 f   c8_cx06_MA.obj
 0001:0000c9d0       _c8_cx06_MA_method_dispatcher 1000d9d0 f   c8_cx06_MA.obj
 0001:0000df60       _sf_c9_cx06_MA_get_eml_resolved_functions_info 1000ef60 f   c9_cx06_MA.obj
 0001:0000e320       _sf_c9_cx06_MA_get_check_sum 1000f320 f   c9_cx06_MA.obj
 0001:0000e380       _sf_c9_cx06_MA_get_autoinheritance_info 1000f380 f   c9_cx06_MA.obj
 0001:0000e6b0       _c9_cx06_MA_method_dispatcher 1000f6b0 f   c9_cx06_MA.obj
 0001:0000fd20       _sf_c10_cx06_MA_get_eml_resolved_functions_info 10010d20 f   c10_cx06_MA.obj
 0001:0000ffc0       _sf_c10_cx06_MA_get_check_sum 10010fc0 f   c10_cx06_MA.obj
 0001:00010020       _sf_c10_cx06_MA_get_autoinheritance_info 10011020 f   c10_cx06_MA.obj
 0001:00010760       _c10_cx06_MA_method_dispatcher 10011760 f   c10_cx06_MA.obj
 0001:00012330       _sf_c11_cx06_MA_get_eml_resolved_functions_info 10013330 f   c11_cx06_MA.obj
 0001:00012380       _sf_c11_cx06_MA_get_check_sum 10013380 f   c11_cx06_MA.obj
 0001:000123e0       _sf_c11_cx06_MA_get_autoinheritance_info 100133e0 f   c11_cx06_MA.obj
 0001:00012b20       _c11_cx06_MA_method_dispatcher 10013b20 f   c11_cx06_MA.obj
 0001:00015060       _sf_c12_cx06_MA_get_eml_resolved_functions_info 10016060 f   c12_cx06_MA.obj
 0001:00015300       _sf_c12_cx06_MA_get_check_sum 10016300 f   c12_cx06_MA.obj
 0001:00015360       _sf_c12_cx06_MA_get_autoinheritance_info 10016360 f   c12_cx06_MA.obj
 0001:00015a90       _c12_cx06_MA_method_dispatcher 10016a90 f   c12_cx06_MA.obj
 0001:00017b30       _sf_c13_cx06_MA_get_eml_resolved_functions_info 10018b30 f   c13_cx06_MA.obj
 0001:00017b80       _sf_c13_cx06_MA_get_check_sum 10018b80 f   c13_cx06_MA.obj
 0001:00017be0       _sf_c13_cx06_MA_get_autoinheritance_info 10018be0 f   c13_cx06_MA.obj
 0001:00018bf0       _c13_cx06_MA_method_dispatcher 10019bf0 f   c13_cx06_MA.obj
 0001:00020800       _sf_c14_cx06_MA_get_eml_resolved_functions_info 10021800 f   c14_cx06_MA.obj
 0001:00020af0       _sf_c14_cx06_MA_get_check_sum 10021af0 f   c14_cx06_MA.obj
 0001:00020b50       _sf_c14_cx06_MA_get_autoinheritance_info 10021b50 f   c14_cx06_MA.obj
 0001:00021180       _c14_cx06_MA_method_dispatcher 10022180 f   c14_cx06_MA.obj
 0001:00022b50       _sf_c15_cx06_MA_get_eml_resolved_functions_info 10023b50 f   c15_cx06_MA.obj
 0001:00022ba0       _sf_c15_cx06_MA_get_check_sum 10023ba0 f   c15_cx06_MA.obj
 0001:00022c00       _sf_c15_cx06_MA_get_autoinheritance_info 10023c00 f   c15_cx06_MA.obj
 0001:00023120       _c15_cx06_MA_method_dispatcher 10024120 f   c15_cx06_MA.obj
 0001:00025380       _sf_c16_cx06_MA_get_eml_resolved_functions_info 10026380 f   c16_cx06_MA.obj
 0001:000253d0       _sf_c16_cx06_MA_get_check_sum 100263d0 f   c16_cx06_MA.obj
 0001:00025430       _sf_c16_cx06_MA_get_autoinheritance_info 10026430 f   c16_cx06_MA.obj
 0001:00025c80       _c16_cx06_MA_method_dispatcher 10026c80 f   c16_cx06_MA.obj
 0001:00029980       _sf_c17_cx06_MA_get_eml_resolved_functions_info 1002a980 f   c17_cx06_MA.obj
 0001:000299d0       _sf_c17_cx06_MA_get_check_sum 1002a9d0 f   c17_cx06_MA.obj
 0001:00029a30       _sf_c17_cx06_MA_get_autoinheritance_info 1002aa30 f   c17_cx06_MA.obj
 0001:00029f50       _c17_cx06_MA_method_dispatcher 1002af50 f   c17_cx06_MA.obj
 0001:0002c160       _sf_c18_cx06_MA_get_eml_resolved_functions_info 1002d160 f   c18_cx06_MA.obj
 0001:0002c1b0       _sf_c18_cx06_MA_get_check_sum 1002d1b0 f   c18_cx06_MA.obj
 0001:0002c210       _sf_c18_cx06_MA_get_autoinheritance_info 1002d210 f   c18_cx06_MA.obj
 0001:0002d690       _c18_cx06_MA_method_dispatcher 1002e690 f   c18_cx06_MA.obj
 0001:00033870       _sf_c19_cx06_MA_get_eml_resolved_functions_info 10034870 f   c19_cx06_MA.obj
 0001:000338c0       _sf_c19_cx06_MA_get_check_sum 100348c0 f   c19_cx06_MA.obj
 0001:00033920       _sf_c19_cx06_MA_get_autoinheritance_info 10034920 f   c19_cx06_MA.obj
 0001:00033e40       _c19_cx06_MA_method_dispatcher 10034e40 f   c19_cx06_MA.obj
 0001:000360e0       _sf_c20_cx06_MA_get_eml_resolved_functions_info 100370e0 f   c20_cx06_MA.obj
 0001:00036130       _sf_c20_cx06_MA_get_check_sum 10037130 f   c20_cx06_MA.obj
 0001:00036190       _sf_c20_cx06_MA_get_autoinheritance_info 10037190 f   c20_cx06_MA.obj
 0001:00037610       _c20_cx06_MA_method_dispatcher 10038610 f   c20_cx06_MA.obj
 0001:0003dd30       _sf_c21_cx06_MA_get_eml_resolved_functions_info 1003ed30 f   c21_cx06_MA.obj
 0001:0003dd80       _sf_c21_cx06_MA_get_check_sum 1003ed80 f   c21_cx06_MA.obj
 0001:0003dde0       _sf_c21_cx06_MA_get_autoinheritance_info 1003ede0 f   c21_cx06_MA.obj
 0001:0003e630       _c21_cx06_MA_method_dispatcher 1003f630 f   c21_cx06_MA.obj
 0001:00040dd0       _sf_c22_cx06_MA_get_eml_resolved_functions_info 10041dd0 f   c22_cx06_MA.obj
 0001:000416d0       _sf_c22_cx06_MA_get_check_sum 100426d0 f   c22_cx06_MA.obj
 0001:00041730       _sf_c22_cx06_MA_get_autoinheritance_info 10042730 f   c22_cx06_MA.obj
 0001:00041f90       _c22_cx06_MA_method_dispatcher 10042f90 f   c22_cx06_MA.obj
 0001:00043bc0       _sf_process_check_sum_call 10044bc0 f   cx06_MA_sfun_registry.obj
 0001:00043bf0       _sf_process_autoinheritance_call 10044bf0 f   cx06_MA_sfun_registry.obj
 0001:00043c20       _sf_process_get_eml_resolved_functions_info_call 10044c20 f   cx06_MA_sfun_registry.obj
 0001:00043d40       _sf_mex_unlock_call        10044d40 f   cx06_MA_sfun_registry.obj
 0001:00043dd0       _sf_machine_global_initializer_called 10044dd0 f   cx06_MA_sfun_registry.obj
 0001:00043df0       _sf_machine_global_method_dispatcher 10044df0 f   cx06_MA_sfun_registry.obj
 0001:00043e30       _sf_machine_global_terminator 10044e30 f   cx06_MA_sfun_registry.obj
 0001:00043e60       _sf_register_machine_exported_symbols 10044e60 f   cx06_MA_sfun_registry.obj
 0001:00043e80       _callCustomFcn             10044e80 f   cx06_MA_sfun_registry.obj
 0001:00043e90       _sf_machine_global_initializer 10044e90 f   cx06_MA_sfun_registry.obj
 0001:00043ef0       __ssSetInputPortMatrixDimensions 10044ef0 f   cx06_MA_sfun_registry.obj
 0001:00043fa0       __ssSetOutputPortMatrixDimensions 10044fa0 f   cx06_MA_sfun_registry.obj
 0001:00044050       __ssSetInputPortVectorDimension 10045050 f   cx06_MA_sfun_registry.obj
 0001:000440d0       __ssSetOutputPortVectorDimension 100450d0 f   cx06_MA_sfun_registry.obj
 0001:00044150       _ssIsRunTimeParamTunable   10045150 f   cx06_MA_sfun_registry.obj
 0001:000441b0       _ssGetSFuncBlockHandle     100451b0 f   cx06_MA_sfun_registry.obj
 0001:00044200       __ssGetCurrentInputPortWidth 10045200 f   cx06_MA_sfun_registry.obj
 0001:000442d0       __ssGetCurrentOutputPortWidth 100452d0 f   cx06_MA_sfun_registry.obj
 0001:000443a0       __ssGetCallSystemNumFcnCallDestinations 100453a0 f   cx06_MA_sfun_registry.obj
 0001:00044400       _ssWarning                 10045400 f   cx06_MA_sfun_registry.obj
 0001:000444e0       _ssSetIsInputPortUsedForContZcSignal 100454e0 f   cx06_MA_sfun_registry.obj
 0001:00044530       _ssSetZcSignalIsZcElementDisc 10045530 f   cx06_MA_sfun_registry.obj
 0001:00044590       _ssSetZcSignalName         10045590 f   cx06_MA_sfun_registry.obj
 0001:000445e0       _ssSetZcSignalWidth        100455e0 f   cx06_MA_sfun_registry.obj
 0001:00044630       _ssSetZcSignalZcEventType  10045630 f   cx06_MA_sfun_registry.obj
 0001:00044680       _ssSetZcSignalType         10045680 f   cx06_MA_sfun_registry.obj
 0001:000446d0       _ssSetZcSignalZcTol        100456d0 f   cx06_MA_sfun_registry.obj
 0001:00044720       _ssSetZcSignalNeedsEventNotification 10045720 f   cx06_MA_sfun_registry.obj
 0001:00044770       _ssCreateAndAddZcSignalInfo 10045770 f   cx06_MA_sfun_registry.obj
 0001:000447d0       _ssCloneAndAddZcSignalInfo 100457d0 f   cx06_MA_sfun_registry.obj
 0001:00044830       _ssGetNumZcSignals         10045830 f   cx06_MA_sfun_registry.obj
 0001:00044890       _ssGetZcSignalVector       10045890 f   cx06_MA_sfun_registry.obj
 0001:000448f0       _ssGetZcSignalZcEvents     100458f0 f   cx06_MA_sfun_registry.obj
 0001:00044950       _ssGetZcSignalName         10045950 f   cx06_MA_sfun_registry.obj
 0001:000449b0       _ssGetZcSignalWidth        100459b0 f   cx06_MA_sfun_registry.obj
 0001:00044a10       _ssGetZcSignalZcEventType  10045a10 f   cx06_MA_sfun_registry.obj
 0001:00044a70       _ssGetZcSignalType         10045a70 f   cx06_MA_sfun_registry.obj
 0001:00044ad0       _ssGetZcSignalZcTol        10045ad0 f   cx06_MA_sfun_registry.obj
 0001:00044b30       _ssGetZcSignalNeedsEventNotification 10045b30 f   cx06_MA_sfun_registry.obj
 0001:00044b90       _ssGetZcSignalIsZcElementDisc 10045b90 f   cx06_MA_sfun_registry.obj
 0001:00044bf0       _ssGetIsInputPortElementContinuous 10045bf0 f   cx06_MA_sfun_registry.obj
 0001:00044c50       __ssGetInputPortSignalPtrsFcn 10045c50 f   cx06_MA_sfun_registry.obj
 0001:00044e50       __ssGetInputPortSignalFcn  10045e50 f   cx06_MA_sfun_registry.obj
 0001:00044fe0       __ssSetInputPortDirectFeedThroughFcn 10045fe0 f   cx06_MA_sfun_registry.obj
 0001:00045110       __ssSetInputPortReusableFcn 10046110 f   cx06_MA_sfun_registry.obj
 0001:000451a0       __ssSetOutputPortReusableFcn 100461a0 f   cx06_MA_sfun_registry.obj
 0001:00045230       _ssGetDTypeIdFromMxArray   10046230 f   cx06_MA_sfun_registry.obj
 0001:00045320       _ssWriteRTWStr             10046320 f   cx06_MA_sfun_registry.obj
 0001:00045360       _ssWriteRTWMxVectParam     10046360 f   cx06_MA_sfun_registry.obj
 0001:000453a0       _ssWriteRTWMx2dMatParam    100463a0 f   cx06_MA_sfun_registry.obj
 0001:000453e0       _ssWriteRTWNameValuePair   100463e0 f   cx06_MA_sfun_registry.obj
 0001:00045750       _ssWriteRTWParameters      10046750 f   cx06_MA_sfun_registry.obj
 0001:00045af0       _ssWriteRTWParamSettings   10046af0 f   cx06_MA_sfun_registry.obj
 0001:00045fa0       _ssWriteRTWWorkVect        10046fa0 f   cx06_MA_sfun_registry.obj
 0001:00046330       _mexFunction               10047330 f   cx06_MA_sfun_registry.obj
 0001:00047a00       _ProcessMexSfunctionEveryCall 10048a00 f   cx06_MA_sfun_registry.obj
 0001:00047b10       _cx06_MA_initializer       10048b10 f   cx06_MA_sfun.obj
 0001:00047b20       _cx06_MA_terminator        10048b20 f   cx06_MA_sfun.obj
 0001:00047b30       _sf_cx06_MA_method_dispatcher 10048b30 f   cx06_MA_sfun.obj
 0001:00047de0       _sf_cx06_MA_process_check_sum_call 10048de0 f   cx06_MA_sfun.obj
 0001:00048320       _sf_cx06_MA_autoinheritance_info 10049320 f   cx06_MA_sfun.obj
 0001:00048550       _sf_cx06_MA_get_eml_resolved_functions_info 10049550 f   cx06_MA_sfun.obj
 0001:00048a00       _cx06_MA_debug_initialize  10049a00 f   cx06_MA_sfun.obj
 0001:00048a50       _cx06_MA_register_exported_symbols 10049a50 f   cx06_MA_sfun.obj
 0001:00048ac0       _sf_mex_mx_is_numeric      10049ac0 f   sfc_mexmsvc80:sfc_mex.obj
 0001:00048b00       _strcmp_ignore_ws          10049b00 f   sfc_mexmsvc80:sfc_mex.obj
 0001:00048c20       _sf_mex_duplicatearraysafe 10049c20 f   sfc_mexmsvc80:sfc_mex.obj
 0001:00048e00       _sf_set_error_debugger_context_message_fcn 10049e00 f   sfc_mexmsvc80:sfc_mex.obj
 0001:00048e10       _sf_set_debugger_matlab_error_fcn 10049e10 f   sfc_mexmsvc80:sfc_mex.obj
 0001:00048e30       _sf_set_error_prefix_string 10049e30 f   sfc_mexmsvc80:sfc_mex.obj
 0001:00048e60       _sf_get_error_prefix_string 10049e60 f   sfc_mexmsvc80:sfc_mex.obj
 0001:00048e70       _sf_get_current_jmp_buf_ptr 10049e70 f   sfc_mexmsvc80:sfc_mex.obj
 0001:00048e80       _sf_set_current_jmp_buf_ptr 10049e80 f   sfc_mexmsvc80:sfc_mex.obj
 0001:00048e90       _sf_mex_set_halt_simulation 10049e90 f   sfc_mexmsvc80:sfc_mex.obj
 0001:00048ea0       _sf_mex_get_halt_simulation 10049ea0 f   sfc_mexmsvc80:sfc_mex.obj
 0001:00048eb0       _sf_mex_clear_error_message 10049eb0 f   sfc_mexmsvc80:sfc_mex.obj
 0001:00048ed0       _sf_mex_get_error_message_for_read 10049ed0 f   sfc_mexmsvc80:sfc_mex.obj
 0001:00048ee0       _sf_mex_get_error_message_buffer_length 10049ee0 f   sfc_mexmsvc80:sfc_mex.obj
 0001:00048fb0       _sf_mex_warning_message    10049fb0 f   sfc_mexmsvc80:sfc_mex.obj
 0001:00049000       _sf_mex_v_errbuf_createf   1004a000 f   sfc_mexmsvc80:sfc_mex.obj
 0001:00049020       _sf_mex_errbuf_createf     1004a020 f   sfc_mexmsvc80:sfc_mex.obj
 0001:00049040       _sf_mex_v_errbuf_catf      1004a040 f   sfc_mexmsvc80:sfc_mex.obj
 0001:00049080       _sf_mex_errbuf_catf        1004a080 f   sfc_mexmsvc80:sfc_mex.obj
 0001:000490c0       _sf_mex_errbuf_copy        1004a0c0 f   sfc_mexmsvc80:sfc_mex.obj
 0001:000490e0       _sf_mex_errbuf_clear       1004a0e0 f   sfc_mexmsvc80:sfc_mex.obj
 0001:000490f0       _sf_mex_errbuf_isempty     1004a0f0 f   sfc_mexmsvc80:sfc_mex.obj
 0001:00049180       _sf_mex_set_error_status   1004a180 f   sfc_mexmsvc80:sfc_mex.obj
 0001:000491b0       _sf_mex_error_direct_call  1004a1b0 f   sfc_mexmsvc80:sfc_mex.obj
 0001:000491d0       _sf_mex_long_jump_on_error 1004a1d0 f   sfc_mexmsvc80:sfc_mex.obj
 0001:00049200       _sf_mex_call_matlab        1004a200 f   sfc_mexmsvc80:sfc_mex.obj
 0001:000492d0       _sf_mex_check_builtin      1004a2d0 f   sfc_mexmsvc80:sfc_mex.obj
 0001:00049300       _sf_mex_check_builtin_vs   1004a300 f   sfc_mexmsvc80:sfc_mex.obj
 0001:00049340       _sf_mex_check_enum         1004a340 f   sfc_mexmsvc80:sfc_mex.obj
 0001:00049370       _sf_mex_create_enum        1004a370 f   sfc_mexmsvc80:sfc_mex.obj
 0001:00049390       _sf_mex_get_enum_element   1004a390 f   sfc_mexmsvc80:sfc_mex.obj
 0001:000493a0       _sf_mex_createcellarray    1004a3a0 f   sfc_mexmsvc80:sfc_mex.obj
 0001:000493c0       _sf_mex_setcell            1004a3c0 f   sfc_mexmsvc80:sfc_mex.obj
 0001:000493d0       _sf_mex_getcell            1004a3d0 f   sfc_mexmsvc80:sfc_mex.obj
 0001:000493e0       _sf_mex_dup                1004a3e0 f   sfc_mexmsvc80:sfc_mex.obj
 0001:00049410       _sf_mex_assign             1004a410 f   sfc_mexmsvc80:sfc_mex.obj
 0001:00049460       _sf_mex_destroy            1004a460 f   sfc_mexmsvc80:sfc_mex.obj
 0001:00049480       _mx_array_has_fi_type      1004a480 f   sfc_mexmsvc80:sfc_mex.obj
 0001:000494b0       _sf_mex_convert_from_fi    1004a4b0 f   sfc_mexmsvc80:sfc_mex.obj
 0001:00049530       _sf_mex_convert_to_double  1004a530 f   sfc_mexmsvc80:sfc_mex.obj
 0001:00049570       _sf_mex_import_fi_vs       1004a570 f   sfc_mexmsvc80:sfc_mex.obj
 0001:000496d0       _sf_matrix_matrix_index_ok 1004a6d0 f   sfc_mexmsvc80:sfc_mex.obj
 0001:00049750       _ssGetCurrentInputPortDimensions_wrapper 1004a750 f   sfc_mexmsvc80:sfc_mex.obj
 0001:00049770       _ssGetCurrentOutputPortDimensions_wrapper 1004a770 f   sfc_mexmsvc80:sfc_mex.obj
 0001:00049790       _sf_mex_emlrt_context_is_debug_mode 1004a790 f   sfc_mexmsvc80:sfc_mex.obj
 0001:000497a0       _sf_mex_emlrt_context_set_debug_mode 1004a7a0 f   sfc_mexmsvc80:sfc_mex.obj
 0001:000497b0       _sf_clear_error_manager_info 1004a7b0 f   sfc_mexmsvc80:sfc_mex.obj
 0001:00049800       _sf_mex_stop_simulation_abruptly_wo_error 1004a800 f   sfc_mexmsvc80:sfc_mex.obj
 0001:00049830       _sf_mex_error_message      1004a830 f   sfc_mexmsvc80:sfc_mex.obj
 0001:00049880       _sf_react_to_error_in_matlab_call 1004a880 f   sfc_mexmsvc80:sfc_mex.obj
 0001:000498a0       _sf_mex_addfield           1004a8a0 f   sfc_mexmsvc80:sfc_mex.obj
 0001:00049910       _sf_mex_getfield           1004a910 f   sfc_mexmsvc80:sfc_mex.obj
 0001:00049a90       _sf_mex_check_class        1004aa90 f   sfc_mexmsvc80:sfc_mex.obj
 0001:00049b10       _sf_mex_is_real            1004ab10 f   sfc_mexmsvc80:sfc_mex.obj
 0001:00049b50       _sf_mex_check_complex      1004ab50 f   sfc_mexmsvc80:sfc_mex.obj
 0001:00049bc0       _sf_mex_check_sparse       1004abc0 f   sfc_mexmsvc80:sfc_mex.obj
 0001:00049c10       _sf_mex_check_numerictype  1004ac10 f   sfc_mexmsvc80:sfc_mex.obj
 0001:00049cb0       _sf_mex_check_fimath       1004acb0 f   sfc_mexmsvc80:sfc_mex.obj
 0001:00049d50       _sf_mex_decode_encoded_mx_struct_array 1004ad50 f   sfc_mexmsvc80:sfc_mex.obj
 0001:00049ef0       _sf_mex_lw_bounds_check    1004aef0 f   sfc_mexmsvc80:sfc_mex.obj
 0001:00049f20       _sf_mex_lw_size_eq_check_1d 1004af20 f   sfc_mexmsvc80:sfc_mex.obj
 0001:00049f40       _sf_mex_lw_size_eq_check_nd 1004af40 f   sfc_mexmsvc80:sfc_mex.obj
 0001:0004a020       _sf_mex_lw_dim_size_eq_check 1004b020 f   sfc_mexmsvc80:sfc_mex.obj
 0001:0004a050       _sf_mex_lw_dim_size_geq_check 1004b050 f   sfc_mexmsvc80:sfc_mex.obj
 0001:0004a080       _sf_mex_lw_sub_assign_size_check_nd 1004b080 f   sfc_mexmsvc80:sfc_mex.obj
 0001:0004a1b0       _sf_mex_lw_matrix_matrix_index_check 1004b1b0 f   sfc_mexmsvc80:sfc_mex.obj
 0001:0004a1e0       _sf_mex_lw_non_negative_check 1004b1e0 f   sfc_mexmsvc80:sfc_mex.obj
 0001:0004a210       _sf_mex_overflow_error     1004b210 f   sfc_mexmsvc80:sfc_mex.obj
 0001:0004a220       _sf_mex_dividebyzero_error 1004b220 f   sfc_mexmsvc80:sfc_mex.obj
 0001:0004a230       _sf_mex_unsafe_enum_error  1004b230 f   sfc_mexmsvc80:sfc_mex.obj
 0001:0004a240       _sf_emlrtErrHandler        1004b240 f   sfc_mexmsvc80:sfc_mex.obj
 0001:0004a280       _sf_mex_printf             1004b280 f   sfc_mexmsvc80:sfc_mex.obj
 0001:0004a360       _sf_mex_check_size         1004b360 f   sfc_mexmsvc80:sfc_mex.obj
 0001:0004a5e0       _sf_mex_check_struct       1004b5e0 f   sfc_mexmsvc80:sfc_mex.obj
 0001:0004a6e0       _sf_mex_check_struct_vs    1004b6e0 f   sfc_mexmsvc80:sfc_mex.obj
 0001:0004a720       _sf_mex_check_fi           1004b720 f   sfc_mexmsvc80:sfc_mex.obj
 0001:0004a7f0       _sf_mex_check_fi_vs        1004b7f0 f   sfc_mexmsvc80:sfc_mex.obj
 0001:0004a840       _sf_echo_expression        1004b840 f   sfc_mexmsvc80:sfc_mex.obj
 0001:0004a890       _sf_assertion_failed       1004b890 f   sfc_mexmsvc80:sfc_mex.obj
 0001:0004aa10       _sf_mex_evalin             1004ba10 f   sfc_mexmsvc80:sfc_mex.obj
 0001:0004ac70       _sf_mex_export             1004bc70 f   sfc_mexmsvc80:sfc_mex.obj
 0001:0004ad20       _sf_mex_get_ml_var_no_error 1004bd20 f   sfc_mexmsvc80:sfc_mex.obj
 0001:0004ae80       _sf_mex_get_ml_var         1004be80 f   sfc_mexmsvc80:sfc_mex.obj
 0001:0004b190       _ml_set_element_value_in_array 1004c190 f   sfc_mexmsvc80:sfc_mex.obj
 0001:0004c890       _sf_mex_call_impl          1004d890 f   sfc_mexmsvc80:sfc_mex.obj
 0001:0004cc20       _sf_mex_call_debug         1004dc20 f   sfc_mexmsvc80:sfc_mex.obj
 0001:0004cc40       _sf_mex_call               1004dc40 f   sfc_mexmsvc80:sfc_mex.obj
 0001:0004d350       _sf_mex_createstruct       1004e350 f   sfc_mexmsvc80:sfc_mex.obj
 0001:0004d3f0       _sf_mex_createstructarray  1004e3f0 f   sfc_mexmsvc80:sfc_mex.obj
 0001:0004d450       _sf_mex_get_mx_datatype_from_sf_datatype 1004e450 f   sfc_mexmsvc80:sfc_mex.obj
 0001:0004d6d0       _sf_mex_ml_var_sub         1004e6d0 f   sfc_mexmsvc80:sfc_mex.obj
 0001:0004d830       _sf_mex_ml_var_subsasgn    1004e830 f   sfc_mexmsvc80:sfc_mex.obj
 0001:0004db40       _sf_mex_sub                1004eb40 f   sfc_mexmsvc80:sfc_mex.obj
 0001:0004dcc0       _sf_mex_subsasgn           1004ecc0 f   sfc_mexmsvc80:sfc_mex.obj
 0001:0004e070       _sf_mex_create             1004f070 f   sfc_mexmsvc80:sfc_mex.obj
 0001:0004e8d0       _sf_mex_import             1004f8d0 f   sfc_mexmsvc80:sfc_mex.obj
 0001:0004e970       _sf_mex_import_vs          1004f970 f   sfc_mexmsvc80:sfc_mex.obj
 0001:0004ea00       _sf_mex_lower_fixpt_mx_array 1004fa00 f   sfc_mexmsvc80:sfc_mex.obj
 0001:0004edc0       _sim_mode_is_rtw_gen       1004fdc0 f   sfc_mexmsvc80:sfc_sf.obj
 0001:0004ee00       _sim_mode_is_external      1004fe00 f   sfc_mexmsvc80:sfc_sf.obj
 0001:0004ee20       _mdlInitializeSizes        1004fe20 f   sfc_mexmsvc80:sfc_sf.obj
 0001:0004ee40       _mdlInitializeSampleTimes  1004fe40 f   sfc_mexmsvc80:sfc_sf.obj
 0001:0004ee80       _mdlZeroCrossings          1004fe80 f   sfc_mexmsvc80:sfc_sf.obj
 0001:0004ef30       _mdlDerivatives            1004ff30 f   sfc_mexmsvc80:sfc_sf.obj
 0001:0004efd0       _mdl_initialize_conditions_processing 1004ffd0 f   sfc_mexmsvc80:sfc_sf.obj
 0001:0004f000       _mdlInitializeConditions   10050000 f   sfc_mexmsvc80:sfc_sf.obj
 0001:0004f0a0       _mdlGetSimState            100500a0 f   sfc_mexmsvc80:sfc_sf.obj
 0001:0004f0c0       _mdlSetSimState            100500c0 f   sfc_mexmsvc80:sfc_sf.obj
 0001:0004f0e0       _mdl_ext_mode_exec_processing 100500e0 f   sfc_mexmsvc80:sfc_sf.obj
 0001:0004f100       _mdlExtModeExec            10050100 f   sfc_mexmsvc80:sfc_sf.obj
 0001:0004f2b0       _mdlTerminate              100502b0 f   sfc_mexmsvc80:sfc_sf.obj
 0001:0004f310       _mdlRTW                    10050310 f   sfc_mexmsvc80:sfc_sf.obj
 0001:0004f340       _mdlSetWorkWidths          10050340 f   sfc_mexmsvc80:sfc_sf.obj
 0001:0004f360       _mdlProcessParameters      10050360 f   sfc_mexmsvc80:sfc_sf.obj
 0001:0004f380       _mdl_start_processing      10050380 f   sfc_mexmsvc80:sfc_sf.obj
 0001:0004f3c0       _mdlStart                  100503c0 f   sfc_mexmsvc80:sfc_sf.obj
 0001:0004f490       _mdlEnable                 10050490 f   sfc_mexmsvc80:sfc_sf.obj
 0001:0004f540       _mdlDisable                10050540 f   sfc_mexmsvc80:sfc_sf.obj
 0001:0004f5d0       _sf_get_chart_instance_ptr 100505d0 f   sfc_mexmsvc80:sfc_sf.obj
 0001:0004f5f0       _sf_rtw_info_uint_prop     100505f0 f   sfc_mexmsvc80:sfc_sf.obj
 0001:0004f720       _sf_is_chart_inlinable     10050720 f   sfc_mexmsvc80:sfc_sf.obj
 0001:0004f740       _sf_mark_output_events_with_multiple_callers 10050740 f   sfc_mexmsvc80:sfc_sf.obj
 0001:0004f8b0       _sf_mark_chart_reusable_outputs 100508b0 f   sfc_mexmsvc80:sfc_sf.obj
 0001:0004fa20       _sf_mark_chart_expressionable_inputs 10050a20 f   sfc_mexmsvc80:sfc_sf.obj
 0001:0004fc10       _sf_get_subchart_simstruct 10050c10 f   sfc_mexmsvc80:sfc_sf.obj
 0001:0004fc50       _sf_write_symbol_mapping   10050c50 f   sfc_mexmsvc80:sfc_sf.obj
 0001:0004fe20       _sf_get_fixpt_data_type_id 10050e20 f   sfc_mexmsvc80:sfc_sf.obj
 0001:0004fe60       _sf_get_enum_data_type_id  10050e60 f   sfc_mexmsvc80:sfc_sf.obj
 0001:0004fea0       _sf_get_param_data_type_id 10050ea0 f   sfc_mexmsvc80:sfc_sf.obj
 0001:0004fed0       _sf_mex_listen_for_ctrl_c_force 10050ed0 f   sfc_mexmsvc80:sfc_sf.obj
 0001:0004ffd0       _sf_mex_draw_now           10050fd0 f   sfc_mexmsvc80:sfc_sf.obj
 0001:00050010       _sf_mex_set_debugger_sim_status_listener_fcn 10051010 f   sfc_mexmsvc80:sfc_sf.obj
 0001:00050020       _sf_mex_listen_for_ctrl_c  10051020 f   sfc_mexmsvc80:sfc_sf.obj
 0001:000500b0       _sf_mex_get_sfun_param     100510b0 f   sfc_mexmsvc80:sfc_sf.obj
 0001:00050100       _sf_get_runtime_param_data 10051100 f   sfc_mexmsvc80:sfc_sf.obj
 0001:00050140       _sf_call_output_fcn_call   10051140 f   sfc_mexmsvc80:sfc_sf.obj
 0001:00050260       _sf_call_output_fcn_enable 10051260 f   sfc_mexmsvc80:sfc_sf.obj
 0001:000502e0       _sf_call_output_fcn_disable 100512e0 f   sfc_mexmsvc80:sfc_sf.obj
 0001:00050360       _sf_clear_rtw_identifier   10051360 f   sfc_mexmsvc80:sfc_sf.obj
 0001:00050b60       _sf_set_encoded_dwork_info 10051b60 f   sfc_mexmsvc80:sfc_sf.obj
 0001:00050cf0       _sf_set_rtw_dwork_info     10051cf0 f   sfc_mexmsvc80:sfc_sf.obj
 0001:00050e10       _mdlOutputs                10051e10 f   sfc_mexmsvc80:sfc_sf.obj
 0001:00050f30       _sf_debug_disp             10051f30 f   sfc_debugmsvc80:sfcdebug.obj
 0001:00051130       _sf_debug_data_runtime_size_mismatch_error_check 10052130 f   sfc_debugmsvc80:sfcdebug.obj
 0001:00051170       _sf_debug_try_loading_machine 10052170 f   sfc_debugmsvc80:sfcdebug.obj
 0001:00051240       _sf_debug_reset_current_state_configuration 10052240 f   sfc_debugmsvc80:sfcdebug.obj
 0001:00051280       _sf_debug_store_current_state_configuration 10052280 f   sfc_debugmsvc80:sfcdebug.obj
 0001:000512c0       _sf_debug_restore_previous_state_configuration 100522c0 f   sfc_debugmsvc80:sfcdebug.obj
 0001:00051300       _sf_debug_restore_previous_state_configuration2 10052300 f   sfc_debugmsvc80:sfcdebug.obj
 0001:00051340       _sf_debug_get_event_scope  10052340 f   sfc_debugmsvc80:sfcdebug.obj
 0001:00051460       _use_debugger_step_animation 10052460 f   sfc_debugmsvc80:sfcdebug.obj
 0001:00051480       _sf_debug_get_script_id    10052480 f   sfc_debugmsvc80:sfcdebug.obj
 0001:00051510       _sf_debug_set_script_translation 10052510 f   sfc_debugmsvc80:sfcdebug.obj
 0001:000515a0       _sf_debug_get_current_machine_id 100525a0 f   sfc_debugmsvc80:sfcdebug.obj
 0001:000515c0       _sf_debug_get_current_optional_integer 100525c0 f   sfc_debugmsvc80:sfcdebug.obj
 0001:000515d0       _sf_debug_get_current_machine_number 100525d0 f   sfc_debugmsvc80:sfcdebug.obj
 0001:000515f0       _sf_debug_get_current_machine_name 100525f0 f   sfc_debugmsvc80:sfcdebug.obj
 0001:00051610       _sf_debug_get_current_chart_id 10052610 f   sfc_debugmsvc80:sfcdebug.obj
 0001:00051640       _sf_debug_get_current_chart_number 10052640 f   sfc_debugmsvc80:sfcdebug.obj
 0001:00051650       _sf_debug_get_current_instance_number 10052650 f   sfc_debugmsvc80:sfcdebug.obj
 0001:00051660       _sf_debug_get_current_is_minor_time_step 10052660 f   sfc_debugmsvc80:sfcdebug.obj
 0001:000516d0       _sf_debug_get_current_object_type 100526d0 f   sfc_debugmsvc80:sfcdebug.obj
 0001:000516e0       _sf_debug_get_current_instance_handle 100526e0 f   sfc_debugmsvc80:sfcdebug.obj
 0001:00051730       _sf_debug_get_current_event_type 10052730 f   sfc_debugmsvc80:sfcdebug.obj
 0001:00051740       _sf_debug_get_current_object_id 10052740 f   sfc_debugmsvc80:sfcdebug.obj
 0001:00051770       _sf_debug_get_current_active_event_type 10052770 f   sfc_debugmsvc80:sfcdebug.obj
 0001:00051780       _sf_debug_get_current_active_event_id 10052780 f   sfc_debugmsvc80:sfcdebug.obj
 0001:000517b0       _sf_debug_get_current_tag_type 100527b0 f   sfc_debugmsvc80:sfcdebug.obj
 0001:000517c0       _sf_debug_get_current_simulation_time 100527c0 f   sfc_debugmsvc80:sfcdebug.obj
 0001:000517d0       _sf_debug_get_current_coverage_percentage 100527d0 f   sfc_debugmsvc80:sfcdebug.obj
 0001:000517e0       _sf_debug_current_statement_context 100527e0 f   sfc_debugmsvc80:sfcdebug.obj
 0001:00051860       _sf_debug_get_current_statement_info 10052860 f   sfc_debugmsvc80:sfcdebug.obj
 0001:000519a0       _sf_debug_terminate_instance 100529a0 f   sfc_debugmsvc80:sfcdebug.obj
 0001:00051c20       _sf_debug_assertion_failed 10052c20 f   sfc_debugmsvc80:sfcdebug.obj
 0001:00051df0       _sf_debug_set_number_of_data_with_change_event_for_machine 10052df0 f   sfc_debugmsvc80:sfcdebug.obj
 0001:00051e30       _sf_debug_set_machine_event_thresholds 10052e30 f   sfc_debugmsvc80:sfcdebug.obj
 0001:00051e60       _sf_debug_set_machine_event_scope 10052e60 f   sfc_debugmsvc80:sfcdebug.obj
 0001:00051ea0       _sf_debug_set_machine_data_thresholds 10052ea0 f   sfc_debugmsvc80:sfcdebug.obj
 0001:00051ee0       _sf_debug_set_machine_data_scope 10052ee0 f   sfc_debugmsvc80:sfcdebug.obj
 0001:00051f60       _sf_debug_set_machine_data_name 10052f60 f   sfc_debugmsvc80:sfcdebug.obj
 0001:00051fb0       _sf_debug_set_machine_data_size 10052fb0 f   sfc_debugmsvc80:sfcdebug.obj
 0001:000520a0       _sf_debug_set_machine_data_type 100530a0 f   sfc_debugmsvc80:sfcdebug.obj
 0001:000521c0       _sf_debug_get_chart_data_number 100531c0 f   sfc_debugmsvc80:sfcdebug.obj
 0001:000521f0       _sf_debug_get_chart_event_number 100531f0 f   sfc_debugmsvc80:sfcdebug.obj
 0001:00052220       _sf_debug_set_chart_state_info 10053220 f   sfc_debugmsvc80:sfcdebug.obj
 0001:000522a0       _sf_debug_set_chart_decomposition 100532a0 f   sfc_debugmsvc80:sfcdebug.obj
 0001:00052310       _sf_debug_set_chart_substate_count 10053310 f   sfc_debugmsvc80:sfcdebug.obj
 0001:000523d0       _sf_debug_set_chart_substate_index 100533d0 f   sfc_debugmsvc80:sfcdebug.obj
 0001:00052440       _sf_debug_set_chart_state_substate_count 10053440 f   sfc_debugmsvc80:sfcdebug.obj
 0001:00052520       _sf_debug_set_chart_state_substate_index 10053520 f   sfc_debugmsvc80:sfcdebug.obj
 0001:000525a0       _sf_debug_set_number_of_data_with_change_event_for_chart 100535a0 f   sfc_debugmsvc80:sfcdebug.obj
 0001:00052620       _sf_debug_set_number_of_states_with_entry_event_for_chart 10053620 f   sfc_debugmsvc80:sfcdebug.obj
 0001:00052690       _sf_debug_set_number_of_states_with_exit_event_for_chart 10053690 f   sfc_debugmsvc80:sfcdebug.obj
 0001:00052700       _sf_debug_set_chart_disable_implicit_casting 10053700 f   sfc_debugmsvc80:sfcdebug.obj
 0001:00052770       _sf_debug_set_chart_event_thresholds 10053770 f   sfc_debugmsvc80:sfcdebug.obj
 0001:000527e0       _sf_debug_set_chart_data_props 100537e0 f   sfc_debugmsvc80:sfcdebug.obj
 0001:00052c50       _sf_debug_check_fi_license 10053c50 f   sfc_debugmsvc80:sfcdebug.obj
 0001:00052de0       _sf_debug_symbol_scope_push 10053de0 f   sfc_debugmsvc80:sfcdebug.obj
 0001:00052e20       _sf_debug_symbol_scope_push_eml 10053e20 f   sfc_debugmsvc80:sfcdebug.obj
 0001:00052e60       _sf_debug_symbol_scope_pop 10053e60 f   sfc_debugmsvc80:sfcdebug.obj
 0001:00052e90       _sf_debug_symbol_scope_add 10053e90 f   sfc_debugmsvc80:sfcdebug.obj
 0001:00052ee0       _sf_debug_symbol_scope_add_eml 10053ee0 f   sfc_debugmsvc80:sfcdebug.obj
 0001:00052f10       _sf_debug_symbol_scope_add_dyn 10053f10 f   sfc_debugmsvc80:sfcdebug.obj
 0001:00052f80       _sf_debug_symbol_scope_add_eml_dyn 10053f80 f   sfc_debugmsvc80:sfcdebug.obj
 0001:00052fd0       _sf_debug_symbol_switch    10053fd0 f   sfc_debugmsvc80:sfcdebug.obj
 0001:00052ff0       _sf_debug_symbol_scope_add_verbose 10053ff0 f   sfc_debugmsvc80:sfcdebug.obj
 0001:00053060       _sf_debug_set_machine_data_value_ptr 10054060 f   sfc_debugmsvc80:sfcdebug.obj
 0001:000530a0       _sf_debug_set_instance_data_value_ptr 100540a0 f   sfc_debugmsvc80:sfcdebug.obj
 0001:00053100       _sf_debug_unset_instance_data_value_ptr 10054100 f   sfc_debugmsvc80:sfcdebug.obj
 0001:00053150       _sf_debug_set_chart_event_scope 10054150 f   sfc_debugmsvc80:sfcdebug.obj
 0001:000531d0       _sf_debug_set_chart_transition_coverage_maps 100541d0 f   sfc_debugmsvc80:sfcdebug.obj
 0001:00053260       _sf_debug_set_chart_state_coverage_maps 10054260 f   sfc_debugmsvc80:sfcdebug.obj
 0001:000532e0       _sf_debug_set_instance_transition_coverage_weights 100542e0 f   sfc_debugmsvc80:sfcdebug.obj
 0001:00053350       _sf_debug_set_instance_state_coverage_weights 10054350 f   sfc_debugmsvc80:sfcdebug.obj
 0001:00053550       _sf_debug_unload_machine   10054550 f   sfc_debugmsvc80:sfcdebug.obj
 0001:000535a0       _sf_debug_load_machine     100545a0 f   sfc_debugmsvc80:sfcdebug.obj
 0001:00053650       _sf_debug_set_active_instance_in_data_dictionary 10054650 f   sfc_debugmsvc80:sfcdebug.obj
 0001:000537d0       _sf_debug_set_active_instance 100547d0 f   sfc_debugmsvc80:sfcdebug.obj
 0001:000538c0       _sf_debug_chart_visiblity_change 100548c0 f   sfc_debugmsvc80:sfcdebug.obj
 0001:00053960       _sf_debug_select_chart     10054960 f   sfc_debugmsvc80:sfcdebug.obj
 0001:00053a00       _sf_debug_set_instance_cv_ids 10054a00 f   sfc_debugmsvc80:sfcdebug.obj
 0001:00053bc0       _sf_debug_select_charts    10054bc0 f   sfc_debugmsvc80:sfcdebug.obj
 0001:00053ca0       _sf_debug_initialized      10054ca0 f   sfc_debugmsvc80:sfcdebug.obj
 0001:00053cb0       _sf_debug_is_uninterruptible 10054cb0 f   sfc_debugmsvc80:sfcdebug.obj
 0001:00053ce0       _sf_debug_initialize_debugger_gui 10054ce0 f   sfc_debugmsvc80:sfcdebug.obj
 0001:00054060       _sf_debug_resume           10055060 f   sfc_debugmsvc80:sfcdebug.obj
 0001:00054080       _sf_debug_go               10055080 f   sfc_debugmsvc80:sfcdebug.obj
 0001:00054090       _sf_debug_break            10055090 f   sfc_debugmsvc80:sfcdebug.obj
 0001:000540a0       _sf_debug_step_over        100550a0 f   sfc_debugmsvc80:sfcdebug.obj
 0001:000540b0       _sf_debug_step_out         100550b0 f   sfc_debugmsvc80:sfcdebug.obj
 0001:000540c0       _sf_debug_set_disable_all_breakpoints 100550c0 f   sfc_debugmsvc80:sfcdebug.obj
 0001:000540d0       _sf_debug_disable_all_breakpoints_and_go 100550d0 f   sfc_debugmsvc80:sfcdebug.obj
 0001:000540e0       _sf_debug_break_on_chart_entry 100550e0 f   sfc_debugmsvc80:sfcdebug.obj
 0001:000540f0       _sf_debug_break_on_event_broadcast 100550f0 f   sfc_debugmsvc80:sfcdebug.obj
 0001:00054100       _sf_debug_break_on_state_entry 10055100 f   sfc_debugmsvc80:sfcdebug.obj
 0001:00054110       _sf_debug_break_between_times 10055110 f   sfc_debugmsvc80:sfcdebug.obj
 0001:00054140       _sf_debug_browse_data      10055140 f   sfc_debugmsvc80:sfcdebug.obj
 0001:00054160       _sf_debug_watch_data       10055160 f   sfc_debugmsvc80:sfcdebug.obj
 0001:00054180       _sf_debug_whos             10055180 f   sfc_debugmsvc80:sfcdebug.obj
 0001:000541a0       _sf_debug_get_consistency_info 100551a0 f   sfc_debugmsvc80:sfcdebug.obj
 0001:000541c0       _sf_debug_browse_trace     100551c0 f   sfc_debugmsvc80:sfcdebug.obj
 0001:000541e0       _sf_debug_set_breakpoints  100551e0 f   sfc_debugmsvc80:sfcdebug.obj
 0001:000542a0       _sf_debug_set_eml_breakpoints 100552a0 f   sfc_debugmsvc80:sfcdebug.obj
 0001:000543b0       _sf_debug_set_script_breakpoints 100553b0 f   sfc_debugmsvc80:sfcdebug.obj
 0001:00054430       _sf_debug_add_script_breakpoints 10055430 f   sfc_debugmsvc80:sfcdebug.obj
 0001:000544a0       _sf_debug_clear_script_breakpoints 100554a0 f   sfc_debugmsvc80:sfcdebug.obj
 0001:00054510       _sf_debug_query_script_breakpoints 10055510 f   sfc_debugmsvc80:sfcdebug.obj
 0001:000545b0       _sf_debug_get_eml_script_id 100555b0 f   sfc_debugmsvc80:sfcdebug.obj
 0001:00054600       _sf_debug_set_watch        10055600 f   sfc_debugmsvc80:sfcdebug.obj
 0001:000547a0       _sf_debug_get_coverage     100557a0 f   sfc_debugmsvc80:sfcdebug.obj
 0001:000547c0       _sf_debug_get_instance_handle 100557c0 f   sfc_debugmsvc80:sfcdebug.obj
 0001:00054840       _sf_debug_get_active_states 10055840 f   sfc_debugmsvc80:sfcdebug.obj
 0001:00054860       _sf_debug_get_animation    10055860 f   sfc_debugmsvc80:sfcdebug.obj
 0001:00054870       _sf_debug_set_animation    10055870 f   sfc_debugmsvc80:sfcdebug.obj
 0001:00054880       _sf_debug_animate          10055880 f   sfc_debugmsvc80:sfcdebug.obj
 0001:000548b0       _sf_debug_cycle_detection_check 100558b0 f   sfc_debugmsvc80:sfcdebug.obj
 0001:000548c0       _sf_debug_data_range_check 100558c0 f   sfc_debugmsvc80:sfcdebug.obj
 0001:000548d0       _sf_debug_transition_conflict_check 100558d0 f   sfc_debugmsvc80:sfcdebug.obj
 0001:000548e0       _sf_debug_state_consistency_check 100558e0 f   sfc_debugmsvc80:sfcdebug.obj
 0001:000548f0       _sf_debug_data_range_check_enabled 100558f0 f   sfc_debugmsvc80:sfcdebug.obj
 0001:00054900       _sf_debug_transition_conflict_check_enabled 10055900 f   sfc_debugmsvc80:sfcdebug.obj
 0001:00054910       _sf_debug_transition_conflict_check_begin 10055910 f   sfc_debugmsvc80:sfcdebug.obj
 0001:00054930       _sf_debug_transition_conflict_check_end 10055930 f   sfc_debugmsvc80:sfcdebug.obj
 0001:00054950       _sf_debug_stop_debugging   10055950 f   sfc_debugmsvc80:sfcdebug.obj
 0001:00054980       _sf_debug_is_cycle_detected 10055980 f   sfc_debugmsvc80:sfcdebug.obj
 0001:00054990       _sf_debug_is_array_bounds_detected 10055990 f   sfc_debugmsvc80:sfcdebug.obj
 0001:000549a0       _sf_debug_get_state_vectors_data_size 100559a0 f   sfc_debugmsvc80:sfcdebug.obj
 0001:000549e0       _sf_debug_get_state_vectors_data 100559e0 f   sfc_debugmsvc80:sfcdebug.obj
 0001:00054ab0       _sf_debug_set_state_vectors_data 10055ab0 f   sfc_debugmsvc80:sfcdebug.obj
 0001:00054ce0       _sf_debug_get_script_index 10055ce0 f   sfc_debugmsvc80:sfcdebug.obj
 0001:00054e10       _sf_debug_add_script       10055e10 f   sfc_debugmsvc80:sfcdebug.obj
 0001:00054f60       _cv_eval_point             10055f60 f   sfc_debugmsvc80:sfcdebug.obj
 0001:00055030       _sf_debug_cv_init_state    10056030 f   sfc_debugmsvc80:sfcdebug.obj
 0001:000550c0       _sf_debug_cv_init_chart    100560c0 f   sfc_debugmsvc80:sfcdebug.obj
 0001:00055140       _sf_debug_cv_init_trans    10056140 f   sfc_debugmsvc80:sfcdebug.obj
 0001:00055220       _cv_eml_init_script        10056220 f   sfc_debugmsvc80:sfcdebug.obj
 0001:00055290       _cv_eml_init_fcn           10056290 f   sfc_debugmsvc80:sfcdebug.obj
 0001:000552f0       _cv_eml_init_testobjective 100562f0 f   sfc_debugmsvc80:sfcdebug.obj
 0001:00055350       _cv_eml_init_if            10056350 f   sfc_debugmsvc80:sfcdebug.obj
 0001:000553b0       _cv_eml_init_for           100563b0 f   sfc_debugmsvc80:sfcdebug.obj
 0001:00055410       _cv_eml_init_while         10056410 f   sfc_debugmsvc80:sfcdebug.obj
 0001:00055470       _cv_eml_init_mcdc          10056470 f   sfc_debugmsvc80:sfcdebug.obj
 0001:000554e0       _cv_eml_init_switch        100564e0 f   sfc_debugmsvc80:sfcdebug.obj
 0001:00055540       _cv_eml_eval               10056540 f   sfc_debugmsvc80:sfcdebug.obj
 0001:000555b0       _sf_debug_bm_is_a_eml_breakpoint 100565b0 f   sfc_debugmsvc80:sfcdebug.obj
 0001:000556e0       _sf_debug_temporal_threshold 100566e0 f   sfc_debugmsvc80:sfcdebug.obj
 0001:000559d0       _sf_debug_transition_conflict_error 100569d0 f   sfc_debugmsvc80:sfcdebug.obj
 0001:00055c70       _sf_debug_state_inconsistency_error 10056c70 f   sfc_debugmsvc80:sfcdebug.obj
 0001:00055d60       _sf_debug_check_for_state_inconsistency 10056d60 f   sfc_debugmsvc80:sfcdebug.obj
 0001:00055da0       _sf_debug_cycle_detecton_error 10056da0 f   sfc_debugmsvc80:sfcdebug.obj
 0001:000563e0       _sf_debug_size_eq_check_1d 100573e0 f   sfc_debugmsvc80:sfcdebug.obj
 0001:00056400       _sf_debug_size_eq_check_nd 10057400 f   sfc_debugmsvc80:sfcdebug.obj
 0001:000564e0       _sf_debug_dim_size_eq_check 100574e0 f   sfc_debugmsvc80:sfcdebug.obj
 0001:00056510       _sf_debug_dim_size_geq_check 10057510 f   sfc_debugmsvc80:sfcdebug.obj
 0001:00056540       _sf_debug_sub_assign_size_check_nd 10057540 f   sfc_debugmsvc80:sfcdebug.obj
 0001:00056660       _sf_debug_matrix_matrix_index_check 10057660 f   sfc_debugmsvc80:sfcdebug.obj
 0001:00056690       _sf_debug_data_array_bounds_error_check 10057690 f   sfc_debugmsvc80:sfcdebug.obj
 0001:000566f0       _sf_debug_eml_data_array_bounds_error_check 100576f0 f   sfc_debugmsvc80:sfcdebug.obj
 0001:000569e0       _sf_debug_integer_check    100579e0 f   sfc_debugmsvc80:sfcdebug.obj
 0001:00056a60       _sf_debug_not_nan_check    10057a60 f   sfc_debugmsvc80:sfcdebug.obj
 0001:00056ab0       _sf_debug_non_negative_check 10057ab0 f   sfc_debugmsvc80:sfcdebug.obj
 0001:00056b10       _sf_debug_overflow_detection 10057b10 f   sfc_debugmsvc80:sfcdebug.obj
 0001:00057030       _sf_debug_cast_to_real32_T 10058030 f   sfc_debugmsvc80:sfcdebug.obj
 0001:00057090       _sf_debug_cast_to_int8_T   10058090 f   sfc_debugmsvc80:sfcdebug.obj
 0001:00057110       _sf_debug_cast_to_uint8_T  10058110 f   sfc_debugmsvc80:sfcdebug.obj
 0001:000571a0       _sf_debug_cast_to_int16_T  100581a0 f   sfc_debugmsvc80:sfcdebug.obj
 0001:00057220       _sf_debug_cast_to_uint16_T 10058220 f   sfc_debugmsvc80:sfcdebug.obj
 0001:000572b0       _sf_debug_cast_to_int32_T  100582b0 f   sfc_debugmsvc80:sfcdebug.obj
 0001:00057320       _sf_debug_cast_to_uint32_T 10058320 f   sfc_debugmsvc80:sfcdebug.obj
 0001:000573b0       _sf_debug_data_range_error 100583b0 f   sfc_debugmsvc80:sfcdebug.obj
 0001:00057730       _sf_debug_data_range_error_wrapper_min_max 10058730 f   sfc_debugmsvc80:sfcdebug.obj
 0001:000577a0       _sf_debug_data_range_error_wrapper_min 100587a0 f   sfc_debugmsvc80:sfcdebug.obj
 0001:00057800       _sf_debug_data_range_error_wrapper_max 10058800 f   sfc_debugmsvc80:sfcdebug.obj
 0001:00057860       _sf_debug_data_range_wrapper 10058860 f   sfc_debugmsvc80:sfcdebug.obj
 0001:000578b0       _sf_debug_set_current_status_info 100588b0 f   sfc_debugmsvc80:sfcdebug.obj
 0001:00057c10       _sf_debug_call             10058c10 f   sfc_debugmsvc80:sfcdebug.obj
 0001:00058600       _sf_debug_initialize_machine 10059600 f   sfc_debugmsvc80:sfcdebug.obj
 0001:000588a0       _sf_debug_initialize_chart 100598a0 f   sfc_debugmsvc80:sfcdebug.obj
 0001:00058c00       _sf_debug_ensure_script    10059c00 f   sfc_debugmsvc80:sfcdebug.obj
 0001:00058cb0       _cv_script_init_script     10059cb0 f   sfc_debugmsvc80:sfcdebug.obj
 0001:00058d10       _cv_script_init_fcn        10059d10 f   sfc_debugmsvc80:sfcdebug.obj
 0001:00058d60       _cv_script_init_testobjective 10059d60 f   sfc_debugmsvc80:sfcdebug.obj
 0001:00058db0       _cv_script_init_if         10059db0 f   sfc_debugmsvc80:sfcdebug.obj
 0001:00058e00       _cv_script_init_for        10059e00 f   sfc_debugmsvc80:sfcdebug.obj
 0001:00058e50       _cv_script_init_while      10059e50 f   sfc_debugmsvc80:sfcdebug.obj
 0001:00058ea0       _cv_script_init_mcdc       10059ea0 f   sfc_debugmsvc80:sfcdebug.obj
 0001:00058f00       _cv_script_init_switch     10059f00 f   sfc_debugmsvc80:sfcdebug.obj
 0001:00058f60       _cv_script_eval            10059f60 f   sfc_debugmsvc80:sfcdebug.obj
 0001:00058fc0       _eml_debug_line_call       10059fc0 f   sfc_debugmsvc80:sfcdebug.obj
 0001:000590c0       _sf_debug_terminate        1005a0c0 f   sfc_debugmsvc80:sfcdebug.obj
 0001:000591f0       _sf_debug_set_script_cv_ids 1005a1f0 f   sfc_debugmsvc80:sfcdebug.obj
 0001:00059300       _sf_debug_api              1005a300 f   sfc_debugmsvc80:sfc_api.obj
 0001:0005aaf0       _sf_debug_sm_terminate     1005baf0 f   sfc_debugmsvc80:sfdb_animation.obj
 0001:0005ac60       _sf_debug_reset_path_objects 1005bc60 f   sfc_debugmsvc80:sfdb_animation.obj
 0001:0005acd0       _sf_debug_sm_reset_object_selection_status 1005bcd0 f   sfc_debugmsvc80:sfdb_animation.obj
 0001:0005ad70       _sf_debug_sm_reset_state_buffer 1005bd70 f   sfc_debugmsvc80:sfdb_animation.obj
 0001:0005ae30       _sf_debug_sm_store_state_buffer 1005be30 f   sfc_debugmsvc80:sfdb_animation.obj
 0001:0005aeb0       _sf_debug_sm_restore_state_buffer1 1005beb0 f   sfc_debugmsvc80:sfdb_animation.obj
 0001:0005af10       _sf_debug_sm_restore_state_buffer2 1005bf10 f   sfc_debugmsvc80:sfdb_animation.obj
 0001:0005af70       _sf_debug_sm_chart_active  1005bf70 f   sfc_debugmsvc80:sfdb_animation.obj
 0001:0005afc0       _sf_debug_sm_select_active_objects 1005bfc0 f   sfc_debugmsvc80:sfdb_animation.obj
 0001:0005b340       _sf_debug_sm_is_chart_active 1005c340 f   sfc_debugmsvc80:sfdb_animation.obj
 0001:0005b380       _sf_debug_sm_is_state_active 1005c380 f   sfc_debugmsvc80:sfdb_animation.obj
 0001:0005b530       _sf_debug_sm_get_active_states 1005c530 f   sfc_debugmsvc80:sfdb_animation.obj
 0001:0005b960       _sf_debug_sm_initialize_instance 1005c960 f   sfc_debugmsvc80:sfdb_animation.obj
 0001:0005bb60       _sf_debug_sm_change_object_selection_status 1005cb60 f   sfc_debugmsvc80:sfdb_animation.obj
 0001:0005bd50       _cv_create_interface       1005cd50 f   sfc_debugmsvc80:cv_sfinterface.obj
 0001:0005c060       _cv_init_trans             1005d060 f   sfc_debugmsvc80:cv_sfinterface.obj
 0001:0005c0b0       _cv_init_state             1005d0b0 f   sfc_debugmsvc80:cv_sfinterface.obj
 0001:0005c110       _cv_init_chart             1005d110 f   sfc_debugmsvc80:cv_sfinterface.obj
 0001:0005c160       _cv_dec_update_call        1005d160 f   sfc_debugmsvc80:cv_sfinterface.obj
 0001:0005c1a0       _cv_cond_update_call       1005d1a0 f   sfc_debugmsvc80:cv_sfinterface.obj
 0001:0005c1e0       _cv_sigrange_update        1005d1e0 f   sfc_debugmsvc80:cv_sfinterface.obj
 0001:0005c230       _cvsf_eml_eval             1005d230 f   sfc_debugmsvc80:cv_sfinterface.obj
 0001:0005c310       _cvsf_eml_init_script      1005d310 f   sfc_debugmsvc80:cv_sfinterface.obj
 0001:0005c370       _cvsf_eml_init_fcn         1005d370 f   sfc_debugmsvc80:cv_sfinterface.obj
 0001:0005c3d0       _cvsf_eml_init_testobjective 1005d3d0 f   sfc_debugmsvc80:cv_sfinterface.obj
 0001:0005c430       _cvsf_eml_init_if          1005d430 f   sfc_debugmsvc80:cv_sfinterface.obj
 0001:0005c490       _cvsf_eml_init_for         1005d490 f   sfc_debugmsvc80:cv_sfinterface.obj
 0001:0005c4f0       _cvsf_eml_init_while       1005d4f0 f   sfc_debugmsvc80:cv_sfinterface.obj
 0001:0005c550       _cvsf_eml_init_mcdc        1005d550 f   sfc_debugmsvc80:cv_sfinterface.obj
 0001:0005c5c0       _cvsf_eml_init_switch      1005d5c0 f   sfc_debugmsvc80:cv_sfinterface.obj
 0001:0005c620       _cvsf_script_eval          1005d620 f   sfc_debugmsvc80:cv_sfinterface.obj
 0001:0005c700       _cvsf_script_init_script   1005d700 f   sfc_debugmsvc80:cv_sfinterface.obj
 0001:0005c760       _cvsf_script_init_fcn      1005d760 f   sfc_debugmsvc80:cv_sfinterface.obj
 0001:0005c7c0       _cvsf_script_init_testobjective 1005d7c0 f   sfc_debugmsvc80:cv_sfinterface.obj
 0001:0005c820       _cvsf_script_init_if       1005d820 f   sfc_debugmsvc80:cv_sfinterface.obj
 0001:0005c880       _cvsf_script_init_for      1005d880 f   sfc_debugmsvc80:cv_sfinterface.obj
 0001:0005c8d0       _cvsf_script_init_while    1005d8d0 f   sfc_debugmsvc80:cv_sfinterface.obj
 0001:0005c920       _cvsf_script_init_mcdc     1005d920 f   sfc_debugmsvc80:cv_sfinterface.obj
 0001:0005c990       _cvsf_script_init_switch   1005d990 f   sfc_debugmsvc80:cv_sfinterface.obj
 0001:0005c9f0       _cv_destroy_interface      1005d9f0 f   sfc_debugmsvc80:cv_sfinterface.obj
 0001:0005ca10       _cv_create_instance_objects 1005da10 f   sfc_debugmsvc80:cv_sfinterface.obj
 0001:0005cd50       _cv_is_enabled             1005dd50 f   sfc_debugmsvc80:cv_sfinterface.obj
 0001:0005cd60       _sf_debug_cv_initialize_script 1005dd60 f   sfc_debugmsvc80:cv_sfinterface.obj
 0001:0005cef0       _sf_debug_cv_initialize_instance 1005def0 f   sfc_debugmsvc80:cv_sfinterface.obj
 0001:0005d1f0       _sf_debug_cv_terminate_chart 1005e1f0 f   sfc_debugmsvc80:cv_sfinterface.obj
 0001:0005d2e0       _cv_call_trans_test        1005e2e0 f   sfc_debugmsvc80:cv_sfinterface.obj
 0001:0005d2f0       _cv_call_sub_cond_test     1005e2f0 f   sfc_debugmsvc80:cv_sfinterface.obj
 0001:0005d400       _sf_debug_hm_initialize_instance 1005e400 f   sfc_debugmsvc80:sfdb_handle_management.obj
 0001:0005d510       _sf_debug_hm_get_object_id 1005e510 f   sfc_debugmsvc80:sfdb_handle_management.obj
 0001:0005ef30       _sf_debug_object_is_eml_function 1005ff30 f   sfc_debugmsvc80:sfdb_handle_management.obj
 0001:0005ef90       _sf_debug_hm_initialize_ids_in_machine 1005ff90 f   sfc_debugmsvc80:sfdb_handle_management.obj
 0001:0005f0e0       _sf_debug_hm_initialize_ids_in_chart 100600e0 f   sfc_debugmsvc80:sfdb_handle_management.obj
 0001:0005f200       _sf_debug_hm_initialize_chart 10060200 f   sfc_debugmsvc80:sfdb_handle_management.obj
 0001:0005fbf0       _sf_debug_hm_terminate     10060bf0 f   sfc_debugmsvc80:sfdb_handle_management.obj
 0001:0005fc50       _sf_debug_hm_initialize_machine 10060c50 f   sfc_debugmsvc80:sfdb_handle_management.obj
 0001:000602c0       _sf_debug_st_initialize_machine 100612c0 f   sfc_debugmsvc80:sfdb_data_browse.obj
 0001:00060370       _sf_debug_st_initialize_instance 10061370 f   sfc_debugmsvc80:sfdb_data_browse.obj
 0001:00060530       _sf_debug_st_terminate     10061530 f   sfc_debugmsvc80:sfdb_data_browse.obj
 0001:00060690       _sf_debug_st_set_data_value_ptr_in_machine 10061690 f   sfc_debugmsvc80:sfdb_data_browse.obj
 0001:00060700       _sf_debug_st_set_data_value_ptr_in_instance 10061700 f   sfc_debugmsvc80:sfdb_data_browse.obj
 0001:000607b0       _sf_debug_st_unset_data_value_ptr_in_machine 100617b0 f   sfc_debugmsvc80:sfdb_data_browse.obj
 0001:00060810       _sf_debug_st_unset_data_value_ptr_in_instance 10061810 f   sfc_debugmsvc80:sfdb_data_browse.obj
 0001:00060b20       _sf_debug_mx_value         10061b20 f   sfc_debugmsvc80:sfdb_data_browse.obj
 0001:00060b70       _sf_debug_mx_packed_vector 10061b70 f   sfc_debugmsvc80:sfdb_data_browse.obj
 0001:00060c10       _sf_debug_mx_uint_vector   10061c10 f   sfc_debugmsvc80:sfdb_data_browse.obj
 0001:00060c90       _sf_debug_st_get_double_value_from_void_ptr_vector 10061c90 f   sfc_debugmsvc80:sfdb_data_browse.obj
 0001:00061490       _sf_debug_st_browse_data   10062490 f   sfc_debugmsvc80:sfdb_data_browse.obj
 0001:00061a90       _sf_debug_ss_initialize    10062a90 f   sfc_debugmsvc80:sfdb_symbol_scope.obj
 0001:00061ab0       _sf_debug_ss_terminate     10062ab0 f   sfc_debugmsvc80:sfdb_symbol_scope.obj
 0001:00061b30       _sf_debug_ss_push_symbol_scope 10062b30 f   sfc_debugmsvc80:sfdb_symbol_scope.obj
 0001:00061bf0       _sf_debug_ss_push_symbol_scope_eml 10062bf0 f   sfc_debugmsvc80:sfdb_symbol_scope.obj
 0001:00061c40       _sf_debug_ss_pop_symbol_scope 10062c40 f   sfc_debugmsvc80:sfdb_symbol_scope.obj
 0001:00061cd0       _sf_debug_ss_add_symbol    10062cd0 f   sfc_debugmsvc80:sfdb_symbol_scope.obj
 0001:00061db0       _sf_debug_ss_add_symbol_eml 10062db0 f   sfc_debugmsvc80:sfdb_symbol_scope.obj
 0001:00062850       _sf_debug_ss_watch_data    10063850 f   sfc_debugmsvc80:sfdb_symbol_scope.obj
 0001:00062f90       _get_data_entry_name       10063f90 f   sfc_debugmsvc80:sfdb_symbol_scope.obj
 0001:00062fe0       _sf_debug_ss_whos          10063fe0 f   sfc_debugmsvc80:sfdb_symbol_scope.obj
 0001:00063470       _sf_debug_cc_initialize_chart 10064470 f   sfc_debugmsvc80:sfdb_coverage.obj
 0001:00063e40       _sf_debug_cc_initialize_instance 10064e40 f   sfc_debugmsvc80:sfdb_coverage.obj
 0001:00064a50       _sf_debug_cc_terminate     10065a50 f   sfc_debugmsvc80:sfdb_coverage.obj
 0001:00064b20       _sf_debug_cc_set_transition_maps 10065b20 f   sfc_debugmsvc80:sfdb_coverage.obj
 0001:00064c20       _sf_debug_cc_set_state_maps 10065c20 f   sfc_debugmsvc80:sfdb_coverage.obj
 0001:00064cf0       _sf_debug_cc_set_transition_weights 10065cf0 f   sfc_debugmsvc80:sfdb_coverage.obj
 0001:00064f10       _sf_debug_cc_set_state_weights 10065f10 f   sfc_debugmsvc80:sfdb_coverage.obj
 0001:00065150       _sf_debug_cc_mark_transition_guard 10066150 f   sfc_debugmsvc80:sfdb_coverage.obj
 0001:000651d0       _sf_debug_cc_mark_transition_trigger 100661d0 f   sfc_debugmsvc80:sfdb_coverage.obj
 0001:00065250       _sf_debug_cc_mark_transition_decision 10066250 f   sfc_debugmsvc80:sfdb_coverage.obj
 0001:000652b0       _sf_debug_cc_mark_transition_condition_action 100662b0 f   sfc_debugmsvc80:sfdb_coverage.obj
 0001:00065300       _sf_debug_cc_mark_transition_transition_action 10066300 f   sfc_debugmsvc80:sfdb_coverage.obj
 0001:00065350       _sf_debug_cc_mark_state_entry 10066350 f   sfc_debugmsvc80:sfdb_coverage.obj
 0001:000653a0       _sf_debug_cc_mark_state_during 100663a0 f   sfc_debugmsvc80:sfdb_coverage.obj
 0001:000653f0       _sf_debug_cc_mark_state_exit 100663f0 f   sfc_debugmsvc80:sfdb_coverage.obj
 0001:00065a00       _sf_debug_cc_get_coverage  10066a00 f   sfc_debugmsvc80:sfdb_coverage.obj
 0001:00065e70       _sf_debug_bm_clear_script_breakpoints 10066e70 f   sfc_debugmsvc80:sfdb_breakpoints.obj
 0001:00065eb0       _sf_debug_bm_set_script_breakpoint 10066eb0 f   sfc_debugmsvc80:sfdb_breakpoints.obj
 0001:00065f20       _sf_debug_bm_clear_single_script_breakpoint 10066f20 f   sfc_debugmsvc80:sfdb_breakpoints.obj
 0001:00065f90       _sf_debug_bm_query_script_breakpoint 10066f90 f   sfc_debugmsvc80:sfdb_breakpoints.obj
 0001:00065fe0       _sf_debug_bm_initialize_scripts 10066fe0 f   sfc_debugmsvc80:sfdb_breakpoints.obj
 0001:00066580       _sf_debug_bm_terminate     10067580 f   sfc_debugmsvc80:sfdb_breakpoints.obj
 0001:00066840       _sf_debug_bm_remove_all_breakpoints_in_machine 10067840 f   sfc_debugmsvc80:sfdb_breakpoints.obj
 0001:00066890       _sf_debug_bm_remove_all_breakpoints_in_chart 10067890 f   sfc_debugmsvc80:sfdb_breakpoints.obj
 0001:000669c0       _sf_debug_bm_initialize_global_breakpoints 100679c0 f   sfc_debugmsvc80:sfdb_breakpoints.obj
 0001:00066b70       _sf_debug_bm_set_breakpoint 10067b70 f   sfc_debugmsvc80:sfdb_breakpoints.obj
 0001:000670e0       _sf_debug_bm_set_eml_breakpoint 100680e0 f   sfc_debugmsvc80:sfdb_breakpoints.obj
 0001:00067160       _sf_debug_bm_initialize_machine_breakpoint_map 10068160 f   sfc_debugmsvc80:sfdb_breakpoints.obj
 0001:00067500       _sf_debug_bm_is_a_breakpoint 10068500 f   sfc_debugmsvc80:sfdb_breakpoints.obj
 0001:00067970       _sf_debug_bm_get_all_breakpoints_in_machine 10068970 f   sfc_debugmsvc80:sfdb_breakpoints.obj
 0001:00067c10       _sf_debug_bm_get_all_breakpoints_in_chart 10068c10 f   sfc_debugmsvc80:sfdb_breakpoints.obj
 0001:00068640       _sf_debug_bm_initialize_machine 10069640 f   sfc_debugmsvc80:sfdb_breakpoints.obj
 0001:000686e0       _sf_debug_bm_initialize_chart 100696e0 f   sfc_debugmsvc80:sfdb_breakpoints.obj
 0001:00068a70       _sf_debug_sc_terminate     10069a70 f   sfc_debugmsvc80:sfdb_state_consistency.obj
 0001:00068cf0       _sf_debug_sc_is_chart_consistent 10069cf0 f   sfc_debugmsvc80:sfdb_state_consistency.obj
 0001:00068ed0       _sf_debug_sc_get_consistency_error_info 10069ed0 f   sfc_debugmsvc80:sfdb_state_consistency.obj
 0001:00069230       _sf_debug_tm_terminate     1006a230 f   sfc_debugmsvc80:sfdb_call_stack.obj
 0001:000692d0       _sf_debug_tm_push_chart_instance 1006a2d0 f   sfc_debugmsvc80:sfdb_call_stack.obj
 0001:00069400       _sf_debug_tm_pop_chart_instance 1006a400 f   sfc_debugmsvc80:sfdb_call_stack.obj
 0001:00069460       _sf_debug_tm_push_trace_node 1006a460 f   sfc_debugmsvc80:sfdb_call_stack.obj
 0001:00069570       _sf_debug_tm_pop_trace_node 1006a570 f   sfc_debugmsvc80:sfdb_call_stack.obj
 0001:000695f0       _sf_debug_tm_get_current_global_trace_index 1006a5f0 f   sfc_debugmsvc80:sfdb_call_stack.obj
 0001:00069610       _sf_debug_tm_get_current_local_trace_index 1006a610 f   sfc_debugmsvc80:sfdb_call_stack.obj
 0001:00069640       _sf_debug_tm_set_cycle_detected_flag 1006a640 f   sfc_debugmsvc80:sfdb_call_stack.obj
 0001:00069690       _sf_debug_tm_set_cycle_started_flag 1006a690 f   sfc_debugmsvc80:sfdb_call_stack.obj
 0001:000696e0       _sf_debug_tm_get_chart_number_from_stack 1006a6e0 f   sfc_debugmsvc80:sfdb_call_stack.obj
 0001:00069880       _sf_debug_tm_browse_trace  1006a880 f   sfc_debugmsvc80:sfdb_call_stack.obj
 0001:00069af0       _sf_debug_cd_initialize_instance 1006aaf0 f   sfc_debugmsvc80:sfdb_cycle_detection.obj
 0001:00069d20       _sf_debug_cd_mark_processed_transition_in_instance 1006ad20 f   sfc_debugmsvc80:sfdb_cycle_detection.obj
 0001:00069da0       _sf_debug_cd_checksum_push 1006ada0 f   sfc_debugmsvc80:sfdb_cycle_detection.obj
 0001:0006a0a0       _sf_debug_cd_checksum_pop  1006b0a0 f   sfc_debugmsvc80:sfdb_cycle_detection.obj
 0001:0006a100       _sf_debug_cd_turn_off_cycle_detection 1006b100 f   sfc_debugmsvc80:sfdb_cycle_detection.obj
 0001:0006a150       _sf_debug_cd_terminate     1006b150 f   sfc_debugmsvc80:sfdb_cycle_detection.obj
 0001:0006a320       _md5_initialize_state      1006b320 f   sfc_debugmsvc80:ckmd5.obj
 0001:0006abb0       _md5_update_state          1006bbb0 f   sfc_debugmsvc80:ckmd5.obj
 0001:0006abd0       _md5_get_hash              1006bbd0 f   sfc_debugmsvc80:ckmd5.obj
 0001:0006abf0       _md5_get_hash_for_a_single_string 1006bbf0 f   sfc_debugmsvc80:ckmd5.obj
 0001:0006ac5a       _mxGetPr                   1006bc5a f   libmx:libmx.dll
 0001:0006ac60       _mxCreateDoubleScalar      1006bc60 f   libmx:libmx.dll
 0001:0006ac66       _mxSetField_730            1006bc66 f   libmx:libmx.dll
 0001:0006ac6c       _mxCreateDoubleMatrix_730  1006bc6c f   libmx:libmx.dll
 0001:0006ac72       _mxCreateStructMatrix_730  1006bc72 f   libmx:libmx.dll
 0001:0006ac78       _mxDestroyArray            1006bc78 f   libmx:libmx.dll
 0001:0006ac7e       _mxCreateString            1006bc7e f   libmx:libmx.dll
 0001:0006ac84       _mxDuplicateArray          1006bc84 f   libmx:libmx.dll
 0001:0006ac8a       _mxGetString_730           1006bc8a f   libmx:libmx.dll
 0001:0006ac90       _mxIsChar                  1006bc90 f   libmx:libmx.dll
 0001:0006ac96       _mxGetClassID              1006bc96 f   libmx:libmx.dll
 0001:0006ac9c       _mxIsNumeric               1006bc9c f   libmx:libmx.dll
 0001:0006aca2       _mxIsComplex               1006bca2 f   libmx:libmx.dll
 0001:0006aca8       _mxGetN                    1006bca8 f   libmx:libmx.dll
 0001:0006acae       _mxGetM                    1006bcae f   libmx:libmx.dll
 0001:0006acb4       _mxCalloc                  1006bcb4 f   libmx:libmx.dll
 0001:0006acba       _mxGetScalar               1006bcba f   libmx:libmx.dll
 0001:0006acc0       _mxIsLogical               1006bcc0 f   libmx:libmx.dll
 0001:0006acc6       _mxCreateDoubleMatrix_700  1006bcc6 f   libmx:libmx.dll
 0001:0006accc       _mxFree                    1006bccc f   libmx:libmx.dll
 0001:0006acd2       _mxArrayToString           1006bcd2 f   libmx:libmx.dll
 0001:0006acd8       _mxCreateCellMatrix_700    1006bcd8 f   libmx:libmx.dll
 0001:0006acde       _mxSetCell_700             1006bcde f   libmx:libmx.dll
 0001:0006ace4       _mxGetCell_700             1006bce4 f   libmx:libmx.dll
 0001:0006acea       _mxGetClassName            1006bcea f   libmx:libmx.dll
 0001:0006acf0       _mxSetField_700            1006bcf0 f   libmx:libmx.dll
 0001:0006acf6       _mxAddField                1006bcf6 f   libmx:libmx.dll
 0001:0006acfc       _mxGetField_700            1006bcfc f   libmx:libmx.dll
 0001:0006ad02       _mxGetNumberOfElements     1006bd02 f   libmx:libmx.dll
 0001:0006ad08       _mxIsStruct                1006bd08 f   libmx:libmx.dll
 0001:0006ad0e       _mxIsClass                 1006bd0e f   libmx:libmx.dll
 0001:0006ad14       _mxGetLogicals             1006bd14 f   libmx:libmx.dll
 0001:0006ad1a       _mxIsSparse                1006bd1a f   libmx:libmx.dll
 0001:0006ad20       _mxSetFieldByNumber_700    1006bd20 f   libmx:libmx.dll
 0001:0006ad26       _mxGetFieldByNumber_700    1006bd26 f   libmx:libmx.dll
 0001:0006ad2c       _mxGetFieldNameByNumber    1006bd2c f   libmx:libmx.dll
 0001:0006ad32       _mxGetNumberOfFields       1006bd32 f   libmx:libmx.dll
 0001:0006ad38       _mxCreateStructMatrix_700  1006bd38 f   libmx:libmx.dll
 0001:0006ad3e       _mxGetFieldNumber          1006bd3e f   libmx:libmx.dll
 0001:0006ad44       _mxIsNaN                   1006bd44 f   libmx:libmx.dll
 0001:0006ad4a       _mxIsEmpty                 1006bd4a f   libmx:libmx.dll
 0001:0006ad50       _mxGetData                 1006bd50 f   libmx:libmx.dll
 0001:0006ad56       _mxGetImagData             1006bd56 f   libmx:libmx.dll
 0001:0006ad5c       _mxArrayClassIDName        1006bd5c f   libmx:libmx.dll
 0001:0006ad62       _mxCreateNumericMatrix_700 1006bd62 f   libmx:libmx.dll
 0001:0006ad68       _mxCreateStructArray_700   1006bd68 f   libmx:libmx.dll
 0001:0006ad6e       _mxCalcSingleSubscript_700 1006bd6e f   libmx:libmx.dll
 0001:0006ad74       _mxGetDimensions_700       1006bd74 f   libmx:libmx.dll
 0001:0006ad7a       _mxGetNumberOfDimensions_700 1006bd7a f   libmx:libmx.dll
 0001:0006ad80       _mxCreateNumericArray_700  1006bd80 f   libmx:libmx.dll
 0001:0006ad86       _mxGetElementSize          1006bd86 f   libmx:libmx.dll
 0001:0006ad8c       _mxGetString_700           1006bd8c f   libmx:libmx.dll
 0001:0006ad92       _mxIsLogicalScalarTrue     1006bd92 f   libmx:libmx.dll
 0001:0006ad98       _mxCreateLogicalScalar     1006bd98 f   libmx:libmx.dll
 0001:0006ad9e       _mexUnlock                 1006bd9e f   libmex:libmex.dll
 0001:0006ada4       _mexIsLocked               1006bda4 f   libmex:libmex.dll
 0001:0006adaa       _mexWarnMsgTxt             1006bdaa f   libmex:libmex.dll
 0001:0006adb0       _mexCallMATLAB             1006bdb0 f   libmex:libmex.dll
 0001:0006adb6       _mexErrMsgTxt              1006bdb6 f   libmex:libmex.dll
 0001:0006adbc       _mexSetTrapFlag            1006bdbc f   libmex:libmex.dll
 0001:0006adc2       _mexMakeArrayPersistent    1006bdc2 f   libmex:libmex.dll
 0001:0006adc8       _mexPutVariable            1006bdc8 f   libmex:libmex.dll
 0001:0006adce       _mexGetVariable            1006bdce f   libmex:libmex.dll
 0001:0006add4       _mexLock                   1006bdd4 f   libmex:libmex.dll
 0001:0006adda       _mexMakeMemoryPersistent   1006bdda f   libmex:libmex.dll
 0001:0006ade0       _mexFunctionName           1006bde0 f   libmex:libmex.dll
 0001:0006ade6       _ssRegisterDataTypeFxpFSlopeFixExpBias 1006bde6 f   libfixedpoint:libfixedpoint.dll
 0001:0006adec       _utVSNprintf               1006bdec f   libut:libut.dll
 0001:0006adf2       _utCPUtime                 1006bdf2 f   libut:libut.dll
 0001:0006adf8       _utFree                    1006bdf8 f   libut:libut.dll
 0001:0006adfe       _utMalloc                  1006bdfe f   libut:libut.dll
 0001:0006ae04       _muDoubleScalarMin         1006be04 f   libmwmathutil:libmwmathutil.dll
 0001:0006ae0a       _muDoubleScalarMax         1006be0a f   libmwmathutil:libmwmathutil.dll
 0001:0006ae10       _emlrtCheckBuiltInR2009a   1006be10 f   libemlrt:libemlrt.dll
 0001:0006ae16       _emlrtCheckVsBuiltInR2009a 1006be16 f   libemlrt:libemlrt.dll
 0001:0006ae1c       _emlrtCheckEnumR2009a      1006be1c f   libemlrt:libemlrt.dll
 0001:0006ae22       _emlrtCreateEnumR2010a     1006be22 f   libemlrt:libemlrt.dll
 0001:0006ae28       _emlrtGetEnumElementR2009a 1006be28 f   libemlrt:libemlrt.dll
 0001:0006ae2e       _emlrtImportVsFiArrayR2009b 1006be2e f   libemlrt:libemlrt.dll
 0001:0006ae34       _emlrtGetEnumUnderlyingArrayR2009a 1006be34 f   libemlrt:libemlrt.dll
 0001:0006ae3a       _emlrtIsEnumR2009a         1006be3a f   libemlrt:libemlrt.dll
 0001:0006ae40       _memset                    1006be40 f   MSVCRT:MSVCR90.dll
 0001:0006ae46       _malloc                    1006be46 f   MSVCRT:MSVCR90.dll
 0001:0006ae4c       _free                      1006be4c f   MSVCRT:MSVCR90.dll
 0001:0006ae52       _strlen                    1006be52 f   MSVCRT:MSVCR90.dll
 0001:0006ae58       _strcmp                    1006be58 f   MSVCRT:MSVCR90.dll
 0001:0006ae5e       @__security_check_cookie@4 1006be5e f   MSVCRT:secchk.obj
 0001:0006ae6e       _sprintf                   1006be6e f   MSVCRT:MSVCR90.dll
 0001:0006ae74       _strcat                    1006be74 f   MSVCRT:MSVCR90.dll
 0001:0006ae80       __ftol2_sse                1006be80 f   MSVCRT:ftol2.obj
 0001:0006ae89       __ftol2_pentium4           1006be89 f   MSVCRT:ftol2.obj
 0001:0006ae9c       __ftol2_sse_excpt          1006be9c f   MSVCRT:ftol2.obj
 0001:0006aeb6       __ftol2                    1006beb6 f   MSVCRT:ftol2.obj
 0001:0006af2c       _memcpy                    1006bf2c f   MSVCRT:MSVCR90.dll
 0001:0006af32       _NtCurrentTeb              1006bf32 f i MSVCRT:crtdll.obj
 0001:0006af88       __CRT_INIT@12              1006bf88 f   MSVCRT:crtdll.obj
 0001:0006b2c4       __DllMainCRTStartup@12     1006c2c4 f   MSVCRT:crtdll.obj
 0001:0006b2e8       _strncpy                   1006c2e8 f   MSVCRT:MSVCR90.dll
 0001:0006b2f0       __alloca_probe             1006c2f0     MSVCRT:chkstk.obj
 0001:0006b2f0       __chkstk                   1006c2f0 f   MSVCRT:chkstk.obj
 0001:0006b31c       _longjmp                   1006c31c f   MSVCRT:MSVCR90.dll
 0001:0006b322       _strncmp                   1006c322 f   MSVCRT:MSVCR90.dll
 0001:0006b328       _ceil                      1006c328 f   MSVCRT:MSVCR90.dll
 0001:0006b32e       _strrchr                   1006c32e f   MSVCRT:MSVCR90.dll
 0001:0006b334       __setjmp3                  1006c334 f   MSVCRT:MSVCR90.dll
 0001:0006b33a       _calloc                    1006c33a f   MSVCRT:MSVCR90.dll
 0001:0006b340       _realloc                   1006c340 f   MSVCRT:MSVCR90.dll
 0001:0006b346       _ldexp                     1006c346 f   MSVCRT:MSVCR90.dll
 0001:0006b34c       ___report_gsfailure        1006c34c f   MSVCRT:gs_report.obj
 0001:0006b4a2       __get_sse2_info            1006c4a2 f   MSVCRT:cpu_disp.obj
 0001:0006b504       ___sse2_available_init     1006c504 f   MSVCRT:cpu_disp.obj
 0001:0006b511       ___clean_type_info_names   1006c511 f   MSVCRT:tncleanup.obj
 0001:0006b51d       __onexit                   1006c51d f   MSVCRT:atonexit.obj
 0001:0006b5c2       _atexit                    1006c5c2 f   MSVCRT:atonexit.obj
 0001:0006b5d9       __RTC_Initialize           1006c5d9 f   MSVCRT:_initsect_.obj
 0001:0006b5ff       __RTC_Terminate            1006c5ff f   MSVCRT:_initsect_.obj
 0001:0006b626       __encode_pointer           1006c626 f   MSVCRT:MSVCR90.dll
 0001:0006b62c       __malloc_crt               1006c62c f   MSVCRT:MSVCR90.dll
 0001:0006b632       __encoded_null             1006c632 f   MSVCRT:MSVCR90.dll
 0001:0006b638       __decode_pointer           1006c638 f   MSVCRT:MSVCR90.dll
 0001:0006b640       __ValidateImageBase        1006c640 f   MSVCRT:pesect.obj
 0001:0006b680       __FindPESection            1006c680 f   MSVCRT:pesect.obj
 0001:0006b6d0       __IsNonwritableInCurrentImage 1006c6d0 f   MSVCRT:pesect.obj
 0001:0006b78e       __initterm                 1006c78e f   MSVCRT:MSVCR90.dll
 0001:0006b794       __initterm_e               1006c794 f   MSVCRT:MSVCR90.dll
 0001:0006b79a       __amsg_exit                1006c79a f   MSVCRT:MSVCR90.dll
 0001:0006b7a0       ___CppXcptFilter           1006c7a0 f   MSVCRT:MSVCR90.dll
 0001:0006b7a6       _DllMain@12                1006c7a6 f   MSVCRT:dllmain.obj
 0001:0006b7cc       __SEH_prolog4              1006c7cc f   MSVCRT:sehprolg4.obj
 0001:0006b811       __SEH_epilog4              1006c811 f   MSVCRT:sehprolg4.obj
 0001:0006b825       __except_handler4          1006c825 f   MSVCRT:chandler4gs.obj
 0001:0006b84a       ___security_init_cookie    1006c84a f   MSVCRT:gs_support.obj
 0001:0006b8e0       __crt_debugger_hook        1006c8e0 f   MSVCRT:MSVCR90.dll
 0001:0006b8e6       ___clean_type_info_names_internal 1006c8e6 f   MSVCRT:MSVCR90.dll
 0001:0006b8ec       __unlock                   1006c8ec f   MSVCRT:MSVCR90.dll
 0001:0006b8f2       ___dllonexit               1006c8f2 f   MSVCRT:MSVCR90.dll
 0001:0006b8f8       __lock                     1006c8f8 f   MSVCRT:MSVCR90.dll
 0001:0006b8fe       __except_handler4_common   1006c8fe f   MSVCRT:MSVCR90.dll
 0001:0006b904       _InterlockedExchange@8     1006c904 f   kernel32:KERNEL32.dll
 0001:0006b90a       _Sleep@4                   1006c90a f   kernel32:KERNEL32.dll
 0001:0006b910       _InterlockedCompareExchange@12 1006c910 f   kernel32:KERNEL32.dll
 0001:0006b916       _TerminateProcess@8        1006c916 f   kernel32:KERNEL32.dll
 0001:0006b91c       _GetCurrentProcess@0       1006c91c f   kernel32:KERNEL32.dll
 0001:0006b922       _UnhandledExceptionFilter@4 1006c922 f   kernel32:KERNEL32.dll
 0001:0006b928       _SetUnhandledExceptionFilter@4 1006c928 f   kernel32:KERNEL32.dll
 0001:0006b92e       _IsDebuggerPresent@0       1006c92e f   kernel32:KERNEL32.dll
 0001:0006b934       _DisableThreadLibraryCalls@4 1006c934 f   kernel32:KERNEL32.dll
 0001:0006b93a       _QueryPerformanceCounter@4 1006c93a f   kernel32:KERNEL32.dll
 0001:0006b940       _GetTickCount@0            1006c940 f   kernel32:KERNEL32.dll
 0001:0006b946       _GetCurrentThreadId@0      1006c946 f   kernel32:KERNEL32.dll
 0001:0006b94c       _GetCurrentProcessId@0     1006c94c f   kernel32:KERNEL32.dll
 0001:0006b952       _GetSystemTimeAsFileTime@4 1006c952 f   kernel32:KERNEL32.dll
 0002:00000000       __imp__GetSystemTimeAsFileTime@4 1006d000     kernel32:KERNEL32.dll
 0002:00000004       __imp__GetCurrentProcessId@0 1006d004     kernel32:KERNEL32.dll
 0002:00000008       __imp__GetCurrentThreadId@0 1006d008     kernel32:KERNEL32.dll
 0002:0000000c       __imp__GetTickCount@0      1006d00c     kernel32:KERNEL32.dll
 0002:00000010       __imp__QueryPerformanceCounter@4 1006d010     kernel32:KERNEL32.dll
 0002:00000014       __imp__DisableThreadLibraryCalls@4 1006d014     kernel32:KERNEL32.dll
 0002:00000018       __imp__IsDebuggerPresent@0 1006d018     kernel32:KERNEL32.dll
 0002:0000001c       __imp__SetUnhandledExceptionFilter@4 1006d01c     kernel32:KERNEL32.dll
 0002:00000020       __imp__UnhandledExceptionFilter@4 1006d020     kernel32:KERNEL32.dll
 0002:00000024       __imp__GetCurrentProcess@0 1006d024     kernel32:KERNEL32.dll
 0002:00000028       __imp__TerminateProcess@8  1006d028     kernel32:KERNEL32.dll
 0002:0000002c       __imp__InterlockedCompareExchange@12 1006d02c     kernel32:KERNEL32.dll
 0002:00000030       __imp__Sleep@4             1006d030     kernel32:KERNEL32.dll
 0002:00000034       __imp__InterlockedExchange@8 1006d034     kernel32:KERNEL32.dll
 0002:00000038       \177KERNEL32_NULL_THUNK_DATA 1006d038     kernel32:KERNEL32.dll
 0002:0000003c       __imp___except_handler4_common 1006d03c     MSVCRT:MSVCR90.dll
 0002:00000040       __imp___onexit             1006d040     MSVCRT:MSVCR90.dll
 0002:00000044       __imp___lock               1006d044     MSVCRT:MSVCR90.dll
 0002:00000048       __imp____dllonexit         1006d048     MSVCRT:MSVCR90.dll
 0002:0000004c       __imp___unlock             1006d04c     MSVCRT:MSVCR90.dll
 0002:00000050       __imp____clean_type_info_names_internal 1006d050     MSVCRT:MSVCR90.dll
 0002:00000054       __imp___crt_debugger_hook  1006d054     MSVCRT:MSVCR90.dll
 0002:00000058       __imp____CppXcptFilter     1006d058     MSVCRT:MSVCR90.dll
 0002:0000005c       __imp___adjust_fdiv        1006d05c     MSVCRT:MSVCR90.dll
 0002:00000060       __imp___amsg_exit          1006d060     MSVCRT:MSVCR90.dll
 0002:00000064       __imp___initterm_e         1006d064     MSVCRT:MSVCR90.dll
 0002:00000068       __imp___initterm           1006d068     MSVCRT:MSVCR90.dll
 0002:0000006c       __imp___decode_pointer     1006d06c     MSVCRT:MSVCR90.dll
 0002:00000070       __imp___encoded_null       1006d070     MSVCRT:MSVCR90.dll
 0002:00000074       __imp___malloc_crt         1006d074     MSVCRT:MSVCR90.dll
 0002:00000078       __imp___encode_pointer     1006d078     MSVCRT:MSVCR90.dll
 0002:0000007c       __imp__ldexp               1006d07c     MSVCRT:MSVCR90.dll
 0002:00000080       __imp__realloc             1006d080     MSVCRT:MSVCR90.dll
 0002:00000084       __imp__calloc              1006d084     MSVCRT:MSVCR90.dll
 0002:00000088       __imp___setjmp3            1006d088     MSVCRT:MSVCR90.dll
 0002:0000008c       __imp__strrchr             1006d08c     MSVCRT:MSVCR90.dll
 0002:00000090       __imp__ceil                1006d090     MSVCRT:MSVCR90.dll
 0002:00000094       __imp__strncmp             1006d094     MSVCRT:MSVCR90.dll
 0002:00000098       __imp__longjmp             1006d098     MSVCRT:MSVCR90.dll
 0002:0000009c       __imp__strncpy             1006d09c     MSVCRT:MSVCR90.dll
 0002:000000a0       __imp__memcpy              1006d0a0     MSVCRT:MSVCR90.dll
 0002:000000a4       __imp__strcat              1006d0a4     MSVCRT:MSVCR90.dll
 0002:000000a8       __imp__sprintf             1006d0a8     MSVCRT:MSVCR90.dll
 0002:000000ac       __imp__strcmp              1006d0ac     MSVCRT:MSVCR90.dll
 0002:000000b0       __imp__strlen              1006d0b0     MSVCRT:MSVCR90.dll
 0002:000000b4       __imp__free                1006d0b4     MSVCRT:MSVCR90.dll
 0002:000000b8       __imp__malloc              1006d0b8     MSVCRT:MSVCR90.dll
 0002:000000bc       __imp__memset              1006d0bc     MSVCRT:MSVCR90.dll
 0002:000000c0       \177MSVCR90_NULL_THUNK_DATA 1006d0c0     MSVCRT:MSVCR90.dll
 0002:000000c4       __imp__emlrtIsEnumR2009a   1006d0c4     libemlrt:libemlrt.dll
 0002:000000c8       __imp__emlrtGetEnumUnderlyingArrayR2009a 1006d0c8     libemlrt:libemlrt.dll
 0002:000000cc       __imp__emlrtImportVsFiArrayR2009b 1006d0cc     libemlrt:libemlrt.dll
 0002:000000d0       __imp__emlrtGetEnumElementR2009a 1006d0d0     libemlrt:libemlrt.dll
 0002:000000d4       __imp__emlrtCreateEnumR2010a 1006d0d4     libemlrt:libemlrt.dll
 0002:000000d8       __imp__emlrtCheckEnumR2009a 1006d0d8     libemlrt:libemlrt.dll
 0002:000000dc       __imp__emlrtCheckVsBuiltInR2009a 1006d0dc     libemlrt:libemlrt.dll
 0002:000000e0       __imp__emlrtCheckBuiltInR2009a 1006d0e0     libemlrt:libemlrt.dll
 0002:000000e4       \177libemlrt_NULL_THUNK_DATA 1006d0e4     libemlrt:libemlrt.dll
 0002:000000e8       __imp__ssRegisterDataTypeFxpFSlopeFixExpBias 1006d0e8     libfixedpoint:libfixedpoint.dll
 0002:000000ec       \177libfixedpoint_NULL_THUNK_DATA 1006d0ec     libfixedpoint:libfixedpoint.dll
 0002:000000f0       __imp__mexSetTrapFlag      1006d0f0     libmex:libmex.dll
 0002:000000f4       __imp__mexMakeArrayPersistent 1006d0f4     libmex:libmex.dll
 0002:000000f8       __imp__mexPutVariable      1006d0f8     libmex:libmex.dll
 0002:000000fc       __imp__mexGetVariable      1006d0fc     libmex:libmex.dll
 0002:00000100       __imp__mexLock             1006d100     libmex:libmex.dll
 0002:00000104       __imp__mexMakeMemoryPersistent 1006d104     libmex:libmex.dll
 0002:00000108       __imp__mexFunctionName     1006d108     libmex:libmex.dll
 0002:0000010c       __imp__mexErrMsgTxt        1006d10c     libmex:libmex.dll
 0002:00000110       __imp__mexCallMATLAB       1006d110     libmex:libmex.dll
 0002:00000114       __imp__mexUnlock           1006d114     libmex:libmex.dll
 0002:00000118       __imp__mexIsLocked         1006d118     libmex:libmex.dll
 0002:0000011c       __imp__mexWarnMsgTxt       1006d11c     libmex:libmex.dll
 0002:00000120       \177libmex_NULL_THUNK_DATA 1006d120     libmex:libmex.dll
 0002:00000124       __imp__muDoubleScalarMax   1006d124     libmwmathutil:libmwmathutil.dll
 0002:00000128       __imp__muDoubleScalarMin   1006d128     libmwmathutil:libmwmathutil.dll
 0002:0000012c       \177libmwmathutil_NULL_THUNK_DATA 1006d12c     libmwmathutil:libmwmathutil.dll
 0002:00000130       __imp__mxDestroyArray      1006d130     libmx:libmx.dll
 0002:00000134       __imp__mxCreateDoubleMatrix_730 1006d134     libmx:libmx.dll
 0002:00000138       __imp__mxSetField_730      1006d138     libmx:libmx.dll
 0002:0000013c       __imp__mxCreateDoubleScalar 1006d13c     libmx:libmx.dll
 0002:00000140       __imp__mxCreateStructMatrix_730 1006d140     libmx:libmx.dll
 0002:00000144       __imp__mxCreateLogicalScalar 1006d144     libmx:libmx.dll
 0002:00000148       __imp__mxIsLogicalScalarTrue 1006d148     libmx:libmx.dll
 0002:0000014c       __imp__mxGetString_700     1006d14c     libmx:libmx.dll
 0002:00000150       __imp__mxGetElementSize    1006d150     libmx:libmx.dll
 0002:00000154       __imp__mxCreateNumericArray_700 1006d154     libmx:libmx.dll
 0002:00000158       __imp__mxGetNumberOfDimensions_700 1006d158     libmx:libmx.dll
 0002:0000015c       __imp__mxGetDimensions_700 1006d15c     libmx:libmx.dll
 0002:00000160       __imp__mxCalcSingleSubscript_700 1006d160     libmx:libmx.dll
 0002:00000164       __imp__mxCreateStructArray_700 1006d164     libmx:libmx.dll
 0002:00000168       __imp__mxCreateNumericMatrix_700 1006d168     libmx:libmx.dll
 0002:0000016c       __imp__mxArrayClassIDName  1006d16c     libmx:libmx.dll
 0002:00000170       __imp__mxGetImagData       1006d170     libmx:libmx.dll
 0002:00000174       __imp__mxGetData           1006d174     libmx:libmx.dll
 0002:00000178       __imp__mxIsEmpty           1006d178     libmx:libmx.dll
 0002:0000017c       __imp__mxIsNaN             1006d17c     libmx:libmx.dll
 0002:00000180       __imp__mxGetFieldNumber    1006d180     libmx:libmx.dll
 0002:00000184       __imp__mxCreateStructMatrix_700 1006d184     libmx:libmx.dll
 0002:00000188       __imp__mxGetNumberOfFields 1006d188     libmx:libmx.dll
 0002:0000018c       __imp__mxGetFieldNameByNumber 1006d18c     libmx:libmx.dll
 0002:00000190       __imp__mxGetFieldByNumber_700 1006d190     libmx:libmx.dll
 0002:00000194       __imp__mxSetFieldByNumber_700 1006d194     libmx:libmx.dll
 0002:00000198       __imp__mxIsSparse          1006d198     libmx:libmx.dll
 0002:0000019c       __imp__mxGetLogicals       1006d19c     libmx:libmx.dll
 0002:000001a0       __imp__mxIsClass           1006d1a0     libmx:libmx.dll
 0002:000001a4       __imp__mxIsStruct          1006d1a4     libmx:libmx.dll
 0002:000001a8       __imp__mxGetNumberOfElements 1006d1a8     libmx:libmx.dll
 0002:000001ac       __imp__mxGetField_700      1006d1ac     libmx:libmx.dll
 0002:000001b0       __imp__mxAddField          1006d1b0     libmx:libmx.dll
 0002:000001b4       __imp__mxSetField_700      1006d1b4     libmx:libmx.dll
 0002:000001b8       __imp__mxGetClassName      1006d1b8     libmx:libmx.dll
 0002:000001bc       __imp__mxGetCell_700       1006d1bc     libmx:libmx.dll
 0002:000001c0       __imp__mxSetCell_700       1006d1c0     libmx:libmx.dll
[...]
 0001:00049100       _sf_mex_get_formatted_error_string 1004a100 f   sfc_mexmsvc80:sfc_mex.obj
 0001:00049400       _sf_mex_destroy_array      1004a400 f   sfc_mexmsvc80:sfc_mex.obj
 0001:000495b0       _sfrtAddSize               1004a5b0 f   sfc_mexmsvc80:sfc_mex.obj
 0001:00049660       _sfrtGenSizeString         1004a660 f   sfc_mexmsvc80:sfc_mex.obj
 0001:00049690       _sfIsProperMatrix          1004a690 f   sfc_mexmsvc80:sfc_mex.obj
 0001:000496c0       _sfIsRowVector             1004a6c0 f   sfc_mexmsvc80:sfc_mex.obj
 0001:000499a0       _sf_mex_err                1004a9a0 f   sfc_mexmsvc80:sfc_mex.obj
 0001:000499b0       _sf_error_dimension_out_of_bound 1004a9b0 f   sfc_mexmsvc80:sfc_mex.obj
 0001:000499d0       _sf_mex_check_and_set_actual_dimensions 1004a9d0 f   sfc_mexmsvc80:sfc_mex.obj
 0001:0004a260       _size_mismatch_error       1004b260 f   sfc_mexmsvc80:sfc_mex.obj
 0001:0004a8d0       _check_array_dimensions    1004b8d0 f   sfc_mexmsvc80:sfc_mex.obj
 0001:0004a920       _check_input_mxarray       1004b920 f   sfc_mexmsvc80:sfc_mex.obj
 0001:0004aeb0       _sf_numeric_value_to_double 1004beb0 f   sfc_mexmsvc80:sfc_mex.obj
 0001:0004aef0       _ml_generic_out_of_bounds_check 1004bef0 f   sfc_mexmsvc80:sfc_mex.obj
 0001:0004afe0       _ml_get_element_value_from_array 1004bfe0 f   sfc_mexmsvc80:sfc_mex.obj
 0001:0004b390       __ml_generic_castability_check 1004c390 f   sfc_mexmsvc80:sfc_mex.obj
 0001:0004b850       _ml_generic_castability_check 1004c850 f   sfc_mexmsvc80:sfc_mex.obj
 0001:0004b8b0       _ml_check_mx_array_for_single_castability 1004c8b0 f   sfc_mexmsvc80:sfc_mex.obj
 0001:0004b9e0       _ml_check_mx_array_for_logical_castability 1004c9e0 f   sfc_mexmsvc80:sfc_mex.obj
 0001:0004ba40       _ml_check_mx_array_for_int8_castability 1004ca40 f   sfc_mexmsvc80:sfc_mex.obj
 0001:0004bad0       _ml_check_mx_array_for_uint8_castability 1004cad0 f   sfc_mexmsvc80:sfc_mex.obj
 0001:0004bc80       _ml_check_mx_array_for_int16_castability 1004cc80 f   sfc_mexmsvc80:sfc_mex.obj
 0001:0004be30       _ml_check_mx_array_for_uint16_castability 1004ce30 f   sfc_mexmsvc80:sfc_mex.obj
 0001:0004c140       _ml_check_mx_array_for_int32_castability 1004d140 f   sfc_mexmsvc80:sfc_mex.obj
 0001:0004c420       _ml_check_mx_array_for_uint32_castability 1004d420 f   sfc_mexmsvc80:sfc_mex.obj
 0001:0004c730       _ml_check_mx_array_for_castability 1004d730 f   sfc_mexmsvc80:sfc_mex.obj
 0001:0004cc60       _set_data_value            1004dc60 f   sfc_mexmsvc80:sfc_mex.obj
 0001:0004d130       _get_data_value            1004e130 f   sfc_mexmsvc80:sfc_mex.obj
 0001:0004d230       _get_next_element_address  1004e230 f   sfc_mexmsvc80:sfc_mex.obj
 0001:0004d2d0       _sf_normalize_index        1004e2d0 f   sfc_mexmsvc80:sfc_mex.obj
 0001:0004d560       _ml_array_index_bound_check 1004e560 f   sfc_mexmsvc80:sfc_mex.obj
 0001:0004de00       _mx_value                  1004ee00 f   sfc_mexmsvc80:sfc_mex.obj
 0001:0004de50       _sf_create_numeric_array   1004ee50 f   sfc_mexmsvc80:sfc_mex.obj
 0001:0004ded0       _sf_mex_assign_to_mx_array 1004eed0 f   sfc_mexmsvc80:sfc_mex.obj
 0001:0004e100       _assign_from_mx_array      1004f100 f   sfc_mexmsvc80:sfc_mex.obj
 0001:0004ebc0       _get_machine_and_chart_file_number 1004fbc0 f   sfc_mexmsvc80:sfc_sf.obj
 0001:0004ec80       _get_sfun_block_specialization 1004fc80 f   sfc_mexmsvc80:sfc_sf.obj
 0001:0004ece0       _call_sf_machine_global_method_dispatcher 1004fce0 f   sfc_mexmsvc80:sfc_sf.obj
 0001:0004ee60       _mdl_zeroCrossings_processing 1004fe60 f   sfc_mexmsvc80:sfc_sf.obj
 0001:0004ef10       _mdl_derivatives_processing 1004ff10 f   sfc_mexmsvc80:sfc_sf.obj
 0001:0004f190       _mdl_outputs_continuous_legacy 10050190 f   sfc_mexmsvc80:sfc_sf.obj
 0001:0004f210       _mdl_outputs_processing    10050210 f   sfc_mexmsvc80:sfc_sf.obj
 0001:0004f470       _mdl_enable_processing     10050470 f   sfc_mexmsvc80:sfc_sf.obj
 0001:0004f520       _mdl_disable_processing    10050520 f   sfc_mexmsvc80:sfc_sf.obj
 0001:0004fb90       _write_symbol_mapping      10050b90 f   sfc_mexmsvc80:sfc_sf.obj
 0001:000501b0       _sf_call_output_fcn_enable_disable 100511b0 f   sfc_mexmsvc80:sfc_sf.obj
 0001:000503d0       _set_dwork_information_from_mx_array 100513d0 f   sfc_mexmsvc80:sfc_sf.obj
 0001:00050ba0       _get_dwork_info_from_mat_file 10051ba0 f   sfc_mexmsvc80:sfc_sf.obj
 0001:00050c80       _ptr2mxStruct              10051c80 f   sfc_mexmsvc80:sfc_sf.obj
 0001:00050ea0       _SNPRINTF_WRAPPER          10051ea0 f   sfc_debugmsvc80:sfcdebug.obj
 0001:00050ec0       _sf_debug_chart_instance_initialized_quick 10051ec0 f   sfc_debugmsvc80:sfcdebug.obj
 0001:00050ed0       _sf_debug_chart_instance_initialized 10051ed0 f   sfc_debugmsvc80:sfcdebug.obj
 0001:00051050       _sfrtAddSize               10052050 f   sfc_debugmsvc80:sfcdebug.obj
 0001:00051100       _sfrtGenSizeString         10052100 f   sfc_debugmsvc80:sfcdebug.obj
 0001:00051580       _sf_debug_sim_status_listener 10052580 f   sfc_debugmsvc80:sfcdebug.obj
 0001:000519f0       _sf_debug_form_mask_bits   100529f0 f   sfc_debugmsvc80:sfcdebug.obj
 0001:00051a30       _sf_debug_form_sf_data_type_offsets 10052a30 f   sfc_debugmsvc80:sfcdebug.obj
 0001:00051ac0       _sf_debug_free_all         10052ac0 f   sfc_debugmsvc80:sfcdebug.obj
 0001:00051c40       _sf_debug_append_debugger_context 10052c40 f   sfc_debugmsvc80:sfcdebug.obj
 0001:00051f20       _local_strdup              10052f20 f   sfc_debugmsvc80:sfcdebug.obj
 0001:00052b10       _sf_debug_em_terminate     10053b10 f   sfc_debugmsvc80:sfcdebug.obj
 0001:00052b50       _sf_debug_push_eml_function 10053b50 f   sfc_debugmsvc80:sfcdebug.obj
 0001:00052be0       _sf_debug_pop_eml_function 10053be0 f   sfc_debugmsvc80:sfcdebug.obj
 0001:000533a0       _sf_debug_get_machine_number_from_id_or_name 100543a0 f   sfc_debugmsvc80:sfcdebug.obj
 0001:00053500       _sf_debug_get_chart_number_from_id 10054500 f   sfc_debugmsvc80:sfcdebug.obj
 0001:00053e20       _sf_debug_transfer_control_to_debugger_GUI 10054e20 f   sfc_debugmsvc80:sfcdebug.obj
 0001:00054b80       _sf_debug_scripts_rehash   10055b80 f   sfc_debugmsvc80:sfcdebug.obj
 0001:00054d30       _sf_debug_get_script_line_count 10055d30 f   sfc_debugmsvc80:sfcdebug.obj
 0001:000551d0       _cv_eml_state_cvId         100561d0 f   sfc_debugmsvc80:sfcdebug.obj
 0001:00055e90       _sf_debug_data_array_bounds_error 10056e90 f   sfc_debugmsvc80:sfcdebug.obj
 0001:000561a0       _sf_debug_runtime_error    100571a0 f   sfc_debugmsvc80:sfcdebug.obj
 0001:00056340       _sf_debug_matlab_error     10057340 f   sfc_debugmsvc80:sfcdebug.obj
 0001:00056770       _sf_debug_data_value_error 10057770 f   sfc_debugmsvc80:sfcdebug.obj
 0001:00056d70       _sf_debug_data_loss_error  10057d70 f   sfc_debugmsvc80:sfcdebug.obj
 0001:00057630       _call_cv_range_check       10058630 f   sfc_debugmsvc80:sfcdebug.obj
 0001:00057bb0       _sf_debug_invoke_cycle_detection_code 10058bb0 f   sfc_debugmsvc80:sfcdebug.obj
 0001:00058570       _sf_reset_debug_info_struct 10059570 f   sfc_debugmsvc80:sfcdebug.obj
 0001:00058c40       _cv_script_cvId            10059c40 f   sfc_debugmsvc80:sfcdebug.obj
 0001:00059430       _sfc_api_chart_visible     1005a430 f   sfc_debugmsvc80:sfc_api.obj
 0001:000594e0       _sfc_api_active_instance   1005a4e0 f   sfc_debugmsvc80:sfc_api.obj
 0001:00059580       _sfc_api_machine_load      1005a580 f   sfc_debugmsvc80:sfc_api.obj
 0001:00059680       _sfc_api_debugger_alive    1005a680 f   sfc_debugmsvc80:sfc_api.obj
 0001:00059690       _sfc_api_go                1005a690 f   sfc_debugmsvc80:sfc_api.obj
 0001:000596a0       _sfc_api_step_over         1005a6a0 f   sfc_debugmsvc80:sfc_api.obj
 0001:000596b0       _sfc_api_step_out          1005a6b0 f   sfc_debugmsvc80:sfc_api.obj
 0001:000596c0       _sfc_api_resume            1005a6c0 f   sfc_debugmsvc80:sfc_api.obj
 0001:000596d0       _sfc_api_break             1005a6d0 f   sfc_debugmsvc80:sfc_api.obj
 0001:000596e0       _sfc_api_stop_debugging    1005a6e0 f   sfc_debugmsvc80:sfc_api.obj
 0001:00059730       _sfc_api_is_cycle_detected 1005a730 f   sfc_debugmsvc80:sfc_api.obj
 0001:00059780       _sfc_api_is_array_bounds_detected 1005a780 f   sfc_debugmsvc80:sfc_api.obj
 0001:000597d0       _sfc_api_set_disable_all_breakpoints 1005a7d0 f   sfc_debugmsvc80:sfc_api.obj
 0001:00059860       _sfc_api_disable_all_breakpoints_and_go 1005a860 f   sfc_debugmsvc80:sfc_api.obj
 0001:00059870       _sfc_api_close             1005a870 f   sfc_debugmsvc80:sfc_api.obj
 0001:00059880       _sfc_api_browse_data       1005a880 f   sfc_debugmsvc80:sfc_api.obj
 0001:00059900       _sfc_api_watch_data        1005a900 f   sfc_debugmsvc80:sfc_api.obj
 0001:00059980       _sfc_api_whos              1005a980 f   sfc_debugmsvc80:sfc_api.obj
 0001:00059a10       _sfc_api_get_consistency_info 1005aa10 f   sfc_debugmsvc80:sfc_api.obj
 0001:00059a30       _sfc_api_browse_trace      1005aa30 f   sfc_debugmsvc80:sfc_api.obj
 0001:00059a50       _sfc_api_break_on_chart_entry 1005aa50 f   sfc_debugmsvc80:sfc_api.obj
 0001:00059a90       _sfc_api_break_on_event_broadcast 1005aa90 f   sfc_debugmsvc80:sfc_api.obj
 0001:00059ad0       _sfc_api_break_on_state_entry 1005aad0 f   sfc_debugmsvc80:sfc_api.obj
 0001:00059b10       _sfc_api_set_watch         1005ab10 f   sfc_debugmsvc80:sfc_api.obj
 0001:00059bf0       _sfc_api_set_breakpoints   1005abf0 f   sfc_debugmsvc80:sfc_api.obj
 0001:00059cd0       _sfc_api_set_eml_breakpoints 1005acd0 f   sfc_debugmsvc80:sfc_api.obj
 0001:00059d80       _sfc_api_set_script_breakpoints 1005ad80 f   sfc_debugmsvc80:sfc_api.obj
 0001:00059de0       _sfc_api_add_script_breakpoints 1005ade0 f   sfc_debugmsvc80:sfc_api.obj
 0001:00059e40       _sfc_api_clear_script_breakpoints 1005ae40 f   sfc_debugmsvc80:sfc_api.obj
 0001:00059ea0       _sfc_api_query_script_breakpoints 1005aea0 f   sfc_debugmsvc80:sfc_api.obj
 0001:00059f10       _sfc_api_get_script_id     1005af10 f   sfc_debugmsvc80:sfc_api.obj
 0001:00059fb0       _sfc_api_get_active_states 1005afb0 f   sfc_debugmsvc80:sfc_api.obj
 0001:0005a020       _sfc_api_break_between_times 1005b020 f   sfc_debugmsvc80:sfc_api.obj
 0001:0005a080       _sfc_api_get_instance_handle 1005b080 f   sfc_debugmsvc80:sfc_api.obj
 0001:0005a160       _sfc_api_get_coverage      1005b160 f   sfc_debugmsvc80:sfc_api.obj
 0001:0005a1d0       _sfc_api_set_animation     1005b1d0 f   sfc_debugmsvc80:sfc_api.obj
 0001:0005a230       _sfc_api_select_chart      1005b230 f   sfc_debugmsvc80:sfc_api.obj
 0001:0005a2c0       _sfc_api_select_charts     1005b2c0 f   sfc_debugmsvc80:sfc_api.obj
 0001:0005a2f0       _sfc_api_cycle_detection_check 1005b2f0 f   sfc_debugmsvc80:sfc_api.obj
 0001:0005a350       _sfc_api_data_range_check  1005b350 f   sfc_debugmsvc80:sfc_api.obj
 0001:0005a3b0       _sfc_api_transition_conflict_check 1005b3b0 f   sfc_debugmsvc80:sfc_api.obj
 0001:0005a410       _sfc_api_state_consistency_check 1005b410 f   sfc_debugmsvc80:sfc_api.obj
 0001:0005a470       _sfc_api_set_instance_cv_ids 1005b470 f   sfc_debugmsvc80:sfc_api.obj
 0001:0005a5a0       _sfc_api_set_script_cv_ids 1005b5a0 f   sfc_debugmsvc80:sfc_api.obj
 0001:0005a640       _sfc_api_get_current_machine_id 1005b640 f   sfc_debugmsvc80:sfc_api.obj
 0001:0005a670       _sfc_api_get_current_machine_number 1005b670 f   sfc_debugmsvc80:sfc_api.obj
 0001:0005a6a0       _sfc_api_get_current_chart_number 1005b6a0 f   sfc_debugmsvc80:sfc_api.obj
 0001:0005a6d0       _sfc_api_get_current_instance_number 1005b6d0 f   sfc_debugmsvc80:sfc_api.obj
 0001:0005a700       _sfc_api_get_current_instance_handle 1005b700 f   sfc_debugmsvc80:sfc_api.obj
 0001:0005a720       _sfc_api_get_current_is_minor_time_step 1005b720 f   sfc_debugmsvc80:sfc_api.obj
 0001:0005a750       _sfc_api_get_current_machine_name 1005b750 f   sfc_debugmsvc80:sfc_api.obj
 0001:0005a770       _sfc_api_get_current_chart_id 1005b770 f   sfc_debugmsvc80:sfc_api.obj
 0001:0005a7a0       _sfc_api_get_current_object_type 1005b7a0 f   sfc_debugmsvc80:sfc_api.obj
 0001:0005a7d0       _sfc_api_get_current_event_type 1005b7d0 f   sfc_debugmsvc80:sfc_api.obj
 0001:0005a800       _sfc_api_get_current_object_id 1005b800 f   sfc_debugmsvc80:sfc_api.obj
 0001:0005a830       _sfc_get_current_active_event_type 1005b830 f   sfc_debugmsvc80:sfc_api.obj
 0001:0005a860       _sfc_api_get_current_active_event_id 1005b860 f   sfc_debugmsvc80:sfc_api.obj
 0001:0005a890       _sfc_api_get_current_simulation_time 1005b890 f   sfc_debugmsvc80:sfc_api.obj
 0001:0005a8b0       _sfc_get_current_tag_type  1005b8b0 f   sfc_debugmsvc80:sfc_api.obj
 0001:0005a8e0       _sfc_get_current_coverage_percentage 1005b8e0 f   sfc_debugmsvc80:sfc_api.obj
 0001:0005a900       _sfc_get_current_statement_context 1005b900 f   sfc_debugmsvc80:sfc_api.obj
 0001:0005a920       _sfc_get_current_optional_integer 1005b920 f   sfc_debugmsvc80:sfc_api.obj
 0001:0005a950       _sfc_get_current_statement_info 1005b950 f   sfc_debugmsvc80:sfc_api.obj
 0001:0005a9f0       _sfc_api_get               1005b9f0 f   sfc_debugmsvc80:sfc_api.obj
 0001:0005b3f0       _sf_debug_sm_fill_state_activity_data 1005c3f0 f   sfc_debugmsvc80:sfdb_animation.obj
 0001:0005d330       _sf_debug_hm_get_simulink_handle 1005e330 f   sfc_debugmsvc80:sfdb_handle_management.obj
 0001:0005d920       _sf_debug_hm_initialize_globals 1005e920 f   sfc_debugmsvc80:sfdb_handle_management.obj
 0001:0005da10       _sf_debug_hm_get_machine_debug_flag 1005ea10 f   sfc_debugmsvc80:sfdb_handle_management.obj
 0001:0005db60       _sf_debug_hm_get_machine_id 1005eb60 f   sfc_debugmsvc80:sfdb_handle_management.obj
 0001:0005dc70       _sf_debug_hm_get_chart_id  1005ec70 f   sfc_debugmsvc80:sfdb_handle_management.obj
 0001:0005dde0       _sf_debug_hm_register_executing_SFunction 1005ede0 f   sfc_debugmsvc80:sfdb_handle_management.obj
 0001:0005df30       _sf_debug_hm_get_chart_active_instance 1005ef30 f   sfc_debugmsvc80:sfdb_handle_management.obj
 0001:0005e060       _sf_debug_hm_get_chart_visibility 1005f060 f   sfc_debugmsvc80:sfdb_handle_management.obj
 0001:0005e1a0       _sf_debug_hm_form_object_boolean_properties 1005f1a0 f   sfc_debugmsvc80:sfdb_handle_management.obj
 0001:0005e410       _sf_debug_hm_form_object_properties 1005f410 f   sfc_debugmsvc80:sfdb_handle_management.obj
 0001:0005e610       _sf_debug_hm_terminate_charts 1005f610 f   sfc_debugmsvc80:sfdb_handle_management.obj
 0001:0005ebb0       _sf_debug_hm_terminate_machines 1005fbb0 f   sfc_debugmsvc80:sfdb_handle_management.obj
 0001:00060450       _void_ptr_stack_vector_free_total 10061450 f   sfc_debugmsvc80:sfdb_data_browse.obj
 0001:000604b0       _sf_debug_st_terminate_machine 100614b0 f   sfc_debugmsvc80:sfdb_data_browse.obj
 0001:000604e0       _sf_debug_st_terminate_instance 100614e0 f   sfc_debugmsvc80:sfdb_data_browse.obj
 0001:00060660       _push_on_to_void_ptr_stack 10061660 f   sfc_debugmsvc80:sfdb_data_browse.obj
 0001:00060790       _pop_from_void_ptr_stack   10061790 f   sfc_debugmsvc80:sfdb_data_browse.obj
 0001:00060890       _sf_debug_st_get_data_value 10061890 f   sfc_debugmsvc80:sfdb_data_browse.obj
 0001:00060d30       _mx_value                  10061d30 f   sfc_debugmsvc80:sfdb_data_browse.obj
 0001:00060d60       _sf_debug_st_fill_data_struct 10061d60 f   sfc_debugmsvc80:sfdb_data_browse.obj
 0001:00061030       _data_type_format_strings  10062030 f   sfc_debugmsvc80:sfdb_data_browse.obj
 0001:000610a0       _sf_debug_st_fill_data     100620a0 f   sfc_debugmsvc80:sfdb_data_browse.obj
 0001:00061e30       _sf_debug_ss_copy_dimension 10062e30 f   sfc_debugmsvc80:sfdb_symbol_scope.obj
 0001:00061ea0       _sf_debug_ss_get_number_elements 10062ea0 f   sfc_debugmsvc80:sfdb_symbol_scope.obj
 0001:00061ec0       _sf_debug_ss_fill_data_struct 10062ec0 f   sfc_debugmsvc80:sfdb_symbol_scope.obj
 0001:000620b0       _sf_debug_ss_reset_data_info 100630b0 f   sfc_debugmsvc80:sfdb_symbol_scope.obj
 0001:00062100       _sf_debug_fill_data_info_by_symbol_scope_entry 10063100 f   sfc_debugmsvc80:sfdb_symbol_scope.obj
 0001:000621a0       _sf_debug_fill_data_info_by_data_vector 100631a0 f   sfc_debugmsvc80:sfdb_symbol_scope.obj
 0001:00062360       _sf_debug_ss_get_data_info 10063360 f   sfc_debugmsvc80:sfdb_symbol_scope.obj
 0001:00062590       _sf_debug_ss_get_data_value 10063590 f   sfc_debugmsvc80:sfdb_symbol_scope.obj
 0001:000628d0       _sf_debug_ss_data_bytes_string 100638d0 f   sfc_debugmsvc80:sfdb_symbol_scope.obj
 0001:00062940       _sf_debug_ss_data_class_string 10063940 f   sfc_debugmsvc80:sfdb_symbol_scope.obj
 0001:00062c90       _sf_debug_ss_data_size_string 10063c90 f   sfc_debugmsvc80:sfdb_symbol_scope.obj
 0001:00062d50       _sf_debug_ss_data_create_data_info_struct 10063d50 f   sfc_debugmsvc80:sfdb_symbol_scope.obj
 0001:00062e60       _sf_debug_ss_data_create_name_value_pair 10063e60 f   sfc_debugmsvc80:sfdb_symbol_scope.obj
 0001:00062ec0       _sf_debug_ss_data_get_whos_info 10063ec0 f   sfc_debugmsvc80:sfdb_symbol_scope.obj
 0001:00062ef0       _same_named_data_in_data_array 10063ef0 f   sfc_debugmsvc80:sfdb_symbol_scope.obj
 0001:00064400       _sf_debug_cc_terminate_chart 10065400 f   sfc_debugmsvc80:sfdb_coverage.obj
 0001:000646e0       _sf_debug_cc_terminate_instance 100656e0 f   sfc_debugmsvc80:sfdb_coverage.obj
 0001:000650f0       _sf_debug_cc_mark_object_if_needed 100660f0 f   sfc_debugmsvc80:sfdb_coverage.obj
 0001:00065440       _sf_debug_cc_fill_transition_coverage_data 10066440 f   sfc_debugmsvc80:sfdb_coverage.obj
 0001:00065570       _sf_debug_cc_fill_transition_coverage_map 10066570 f   sfc_debugmsvc80:sfdb_coverage.obj
 0001:00065750       _sf_debug_cc_fill_state_coverage_map 10066750 f   sfc_debugmsvc80:sfdb_coverage.obj
 0001:000658f0       _sf_debug_cc_fill_state_coverage_data 100668f0 f   sfc_debugmsvc80:sfdb_coverage.obj
 0001:000662a0       _sf_debug_bm_initialize_eml 100672a0 f   sfc_debugmsvc80:sfdb_breakpoints.obj
 0001:00067290       _sf_debug_bm_map_debug_tag_to_breakpoint_tag 10068290 f   sfc_debugmsvc80:sfdb_breakpoints.obj
 0001:00067330       _sf_debug_bm_is_a_eml_breakpoint_impl 10068330 f   sfc_debugmsvc80:sfdb_breakpoints.obj
 0001:00068920       _sf_debug_sc_push_on_error_stack 10069920 f   sfc_debugmsvc80:sfdb_state_consistency.obj
 0001:00068a30       _sf_debug_sc_reset_error_stack 10069a30 f   sfc_debugmsvc80:sfdb_state_consistency.obj
 0001:00068b80       _sf_debug_sc_is_state_inconsistent 10069b80 f   sfc_debugmsvc80:sfdb_state_consistency.obj
 0001:00068da0       _sf_debug_sc_fill_consistency_info 10069da0 f   sfc_debugmsvc80:sfdb_state_consistency.obj
 0001:00069220       _void_assertion_fcn        1006a220 f   sfc_debugmsvc80:sfdb_call_stack.obj
 0001:00069710       _sf_debug_tm_fill_local_trace 1006a710 f   sfc_debugmsvc80:sfdb_call_stack.obj
 0001:00069b90       _sf_debug_cd_terminate_instance 1006ab90 f   sfc_debugmsvc80:sfdb_cycle_detection.obj
 0001:00069bf0       _sf_debug_cd_free_checksum_stack 1006abf0 f   sfc_debugmsvc80:sfdb_cycle_detection.obj
 0001:00069c20       _sf_debug_cd_reset_pack_strings 1006ac20 f   sfc_debugmsvc80:sfdb_cycle_detection.obj
 0001:0006a270       _md5file_clear             1006b270 f   sfc_debugmsvc80:ckmd5.obj
 0001:0006a2a0       _Encode                    1006b2a0 f   sfc_debugmsvc80:ckmd5.obj
 0001:0006a2e0       _Decode                    1006b2e0 f   sfc_debugmsvc80:ckmd5.obj
 0001:0006a360       _MD5Transform              1006b360 f   sfc_debugmsvc80:ckmd5.obj
 0001:0006aa20       _md5file_addn              1006ba20 f   sfc_debugmsvc80:ckmd5.obj
 0001:0006aad0       _md5file_hash              1006bad0 f   sfc_debugmsvc80:ckmd5.obj
 0001:0006af39       _pre_c_init                1006bf39 f   MSVCRT:crtdll.obj
 0001:0006b1ae       ___DllMainCRTStartup       1006c1ae f   MSVCRT:crtdll.obj
 0001:0006b452       _has_osfxsr_set            1006c452 f   MSVCRT:cpu_disp.obj
