 Dyno_IPT_2014_sfun

 Timestamp is 54669761 (Fri Nov 14 17:59:29 2014)

 Preferred load address is 10000000

 Start         Length     Name                   Class
 0001:00000000 0005fb98H .text                   CODE
 0002:00000000 00000214H .idata$5                DATA
 0002:00000214 00000004H .CRT$XCA                DATA
 0002:00000218 00000004H .CRT$XCZ                DATA
 0002:0000021c 00000004H .CRT$XIA                DATA
 0002:00000220 00000004H .CRT$XIAA               DATA
 0002:00000224 00000004H .CRT$XIC                DATA
 0002:00000228 00000004H .CRT$XIZ                DATA
 0002:00000230 00004c08H .rdata                  DATA
 0002:00004e40 00000004H .rdata$sxdata           DATA
 0002:00004e44 00000004H .rtc$IAA                DATA
 0002:00004e48 00000004H .rtc$IZZ                DATA
 0002:00004e4c 00000004H .rtc$TAA                DATA
 0002:00004e50 00000004H .rtc$TZZ                DATA
 0002:00004e58 00000084H .xdata$x                DATA
 0002:00004edc 0000008cH .idata$2                DATA
 0002:00004f68 00000014H .idata$3                DATA
 0002:00004f7c 00000214H .idata$4                DATA
 0002:00005190 0000094cH .idata$6                DATA
 0002:00005ae0 00000058H .edata                  DATA
 0003:00000000 00009af8H .data                   DATA
 0003:00009b00 0000246cH .bss                    DATA

  Address         Publics by Value              Rva+Base       Lib:Object

 0000:00000000       __except_list              00000000     <absolute>
 0000:00000001       ___safe_se_handler_count   00000001     <absolute>
 0000:00009876       __ldused                   00009876     <absolute>
 0000:00009876       __fltused                  00009876     <absolute>
 0000:00000000       ___ImageBase               10000000     <linker-defined>
 0001:00000000       _sf_c1_Dyno_IPT_2014_get_eml_resolved_functions_info 10001000 f   c1_Dyno_IPT_2014.obj
 0001:00000050       _sf_c1_Dyno_IPT_2014_get_check_sum 10001050 f   c1_Dyno_IPT_2014.obj
 0001:000000b0       _sf_c1_Dyno_IPT_2014_get_autoinheritance_info 100010b0 f   c1_Dyno_IPT_2014.obj
 0001:00000a20       _c1_Dyno_IPT_2014_method_dispatcher 10001a20 f   c1_Dyno_IPT_2014.obj
 0001:00005710       _sf_c2_Dyno_IPT_2014_get_eml_resolved_functions_info 10006710 f   c2_Dyno_IPT_2014.obj
 0001:00005760       _sf_c2_Dyno_IPT_2014_get_check_sum 10006760 f   c2_Dyno_IPT_2014.obj
 0001:000057c0       _sf_c2_Dyno_IPT_2014_get_autoinheritance_info 100067c0 f   c2_Dyno_IPT_2014.obj
 0001:00005cd0       _c2_Dyno_IPT_2014_method_dispatcher 10006cd0 f   c2_Dyno_IPT_2014.obj
 0001:00009ac0       _sf_c3_Dyno_IPT_2014_get_eml_resolved_functions_info 1000aac0 f   c3_Dyno_IPT_2014.obj
 0001:00009b10       _sf_c3_Dyno_IPT_2014_get_check_sum 1000ab10 f   c3_Dyno_IPT_2014.obj
 0001:00009b70       _sf_c3_Dyno_IPT_2014_get_autoinheritance_info 1000ab70 f   c3_Dyno_IPT_2014.obj
 0001:0000a5f0       _c3_Dyno_IPT_2014_method_dispatcher 1000b5f0 f   c3_Dyno_IPT_2014.obj
 0001:000142c0       _sf_c4_Dyno_IPT_2014_get_eml_resolved_functions_info 100152c0 f   c4_Dyno_IPT_2014.obj
 0001:00014310       _sf_c4_Dyno_IPT_2014_get_check_sum 10015310 f   c4_Dyno_IPT_2014.obj
 0001:00014370       _sf_c4_Dyno_IPT_2014_get_autoinheritance_info 10015370 f   c4_Dyno_IPT_2014.obj
 0001:00015000       _c4_Dyno_IPT_2014_method_dispatcher 10016000 f   c4_Dyno_IPT_2014.obj
 0001:0001bd20       _sf_c8_Dyno_IPT_2014_get_eml_resolved_functions_info 1001cd20 f   c8_Dyno_IPT_2014.obj
 0001:0001bd70       _sf_c8_Dyno_IPT_2014_get_check_sum 1001cd70 f   c8_Dyno_IPT_2014.obj
 0001:0001bdd0       _sf_c8_Dyno_IPT_2014_get_autoinheritance_info 1001cdd0 f   c8_Dyno_IPT_2014.obj
 0001:0001c1e0       _c8_Dyno_IPT_2014_method_dispatcher 1001d1e0 f   c8_Dyno_IPT_2014.obj
 0001:0001e2f0       _sf_c18_Dyno_IPT_2014_get_eml_resolved_functions_info 1001f2f0 f   c18_Dyno_IPT_2014.obj
 0001:0001e340       _sf_c18_Dyno_IPT_2014_get_check_sum 1001f340 f   c18_Dyno_IPT_2014.obj
 0001:0001e3a0       _sf_c18_Dyno_IPT_2014_get_autoinheritance_info 1001f3a0 f   c18_Dyno_IPT_2014.obj
 0001:00020db0       _c18_Dyno_IPT_2014_method_dispatcher 10021db0 f   c18_Dyno_IPT_2014.obj
 0001:0002d370       _sf_c20_Dyno_IPT_2014_get_eml_resolved_functions_info 1002e370 f   c20_Dyno_IPT_2014.obj
 0001:0002d3c0       _sf_c20_Dyno_IPT_2014_get_check_sum 1002e3c0 f   c20_Dyno_IPT_2014.obj
 0001:0002d420       _sf_c20_Dyno_IPT_2014_get_autoinheritance_info 1002e420 f   c20_Dyno_IPT_2014.obj
 0001:0002d740       _c20_Dyno_IPT_2014_method_dispatcher 1002e740 f   c20_Dyno_IPT_2014.obj
 0001:0002f4e0       _sf_c21_Dyno_IPT_2014_get_eml_resolved_functions_info 100304e0 f   c21_Dyno_IPT_2014.obj
 0001:0002f530       _sf_c21_Dyno_IPT_2014_get_check_sum 10030530 f   c21_Dyno_IPT_2014.obj
 0001:0002f590       _sf_c21_Dyno_IPT_2014_get_autoinheritance_info 10030590 f   c21_Dyno_IPT_2014.obj
 0001:0002fbc0       _c21_Dyno_IPT_2014_method_dispatcher 10030bc0 f   c21_Dyno_IPT_2014.obj
 0001:00032f50       _sf_c23_Dyno_IPT_2014_get_eml_resolved_functions_info 10033f50 f   c23_Dyno_IPT_2014.obj
 0001:00032fa0       _sf_c23_Dyno_IPT_2014_get_check_sum 10033fa0 f   c23_Dyno_IPT_2014.obj
 0001:00033000       _sf_c23_Dyno_IPT_2014_get_autoinheritance_info 10034000 f   c23_Dyno_IPT_2014.obj
 0001:00033520       _c23_Dyno_IPT_2014_method_dispatcher 10034520 f   c23_Dyno_IPT_2014.obj
 0001:00035720       _sf_c29_Dyno_IPT_2014_get_eml_resolved_functions_info 10036720 f   c29_Dyno_IPT_2014.obj
 0001:00035770       _sf_c29_Dyno_IPT_2014_get_check_sum 10036770 f   c29_Dyno_IPT_2014.obj
 0001:000357d0       _sf_c29_Dyno_IPT_2014_get_autoinheritance_info 100367d0 f   c29_Dyno_IPT_2014.obj
 0001:00035be0       _c29_Dyno_IPT_2014_method_dispatcher 10036be0 f   c29_Dyno_IPT_2014.obj
 0001:00038220       _sf_process_check_sum_call 10039220 f   Dyno_IPT_2014_sfun_registry.obj
 0001:00038250       _sf_process_autoinheritance_call 10039250 f   Dyno_IPT_2014_sfun_registry.obj
 0001:00038280       _sf_process_get_eml_resolved_functions_info_call 10039280 f   Dyno_IPT_2014_sfun_registry.obj
 0001:000383a0       _sf_mex_unlock_call        100393a0 f   Dyno_IPT_2014_sfun_registry.obj
 0001:00038430       _sf_machine_global_initializer_called 10039430 f   Dyno_IPT_2014_sfun_registry.obj
 0001:00038450       _sf_machine_global_method_dispatcher 10039450 f   Dyno_IPT_2014_sfun_registry.obj
 0001:00038490       _sf_machine_global_terminator 10039490 f   Dyno_IPT_2014_sfun_registry.obj
 0001:000384c0       _sf_register_machine_exported_symbols 100394c0 f   Dyno_IPT_2014_sfun_registry.obj
 0001:000384e0       _callCustomFcn             100394e0 f   Dyno_IPT_2014_sfun_registry.obj
 0001:000384f0       _sf_machine_global_initializer 100394f0 f   Dyno_IPT_2014_sfun_registry.obj
 0001:00038550       __ssSetInputPortMatrixDimensions 10039550 f   Dyno_IPT_2014_sfun_registry.obj
 0001:00038600       __ssSetOutputPortMatrixDimensions 10039600 f   Dyno_IPT_2014_sfun_registry.obj
 0001:000386b0       __ssSetInputPortVectorDimension 100396b0 f   Dyno_IPT_2014_sfun_registry.obj
 0001:00038730       __ssSetOutputPortVectorDimension 10039730 f   Dyno_IPT_2014_sfun_registry.obj
 0001:000387b0       _ssIsRunTimeParamTunable   100397b0 f   Dyno_IPT_2014_sfun_registry.obj
 0001:00038810       _ssGetSFuncBlockHandle     10039810 f   Dyno_IPT_2014_sfun_registry.obj
 0001:00038860       __ssGetCurrentInputPortWidth 10039860 f   Dyno_IPT_2014_sfun_registry.obj
 0001:00038930       __ssGetCurrentOutputPortWidth 10039930 f   Dyno_IPT_2014_sfun_registry.obj
 0001:00038a00       __ssGetCallSystemNumFcnCallDestinations 10039a00 f   Dyno_IPT_2014_sfun_registry.obj
 0001:00038a60       _ssWarning                 10039a60 f   Dyno_IPT_2014_sfun_registry.obj
 0001:00038b40       _ssSetIsInputPortUsedForContZcSignal 10039b40 f   Dyno_IPT_2014_sfun_registry.obj
 0001:00038b90       _ssSetZcSignalIsZcElementDisc 10039b90 f   Dyno_IPT_2014_sfun_registry.obj
 0001:00038bf0       _ssSetZcSignalName         10039bf0 f   Dyno_IPT_2014_sfun_registry.obj
 0001:00038c40       _ssSetZcSignalWidth        10039c40 f   Dyno_IPT_2014_sfun_registry.obj
 0001:00038c90       _ssSetZcSignalZcEventType  10039c90 f   Dyno_IPT_2014_sfun_registry.obj
 0001:00038ce0       _ssSetZcSignalType         10039ce0 f   Dyno_IPT_2014_sfun_registry.obj
 0001:00038d30       _ssSetZcSignalZcTol        10039d30 f   Dyno_IPT_2014_sfun_registry.obj
 0001:00038d80       _ssSetZcSignalNeedsEventNotification 10039d80 f   Dyno_IPT_2014_sfun_registry.obj
 0001:00038dd0       _ssCreateAndAddZcSignalInfo 10039dd0 f   Dyno_IPT_2014_sfun_registry.obj
 0001:00038e30       _ssCloneAndAddZcSignalInfo 10039e30 f   Dyno_IPT_2014_sfun_registry.obj
 0001:00038e90       _ssGetNumZcSignals         10039e90 f   Dyno_IPT_2014_sfun_registry.obj
 0001:00038ef0       _ssGetZcSignalVector       10039ef0 f   Dyno_IPT_2014_sfun_registry.obj
 0001:00038f50       _ssGetZcSignalZcEvents     10039f50 f   Dyno_IPT_2014_sfun_registry.obj
 0001:00038fb0       _ssGetZcSignalName         10039fb0 f   Dyno_IPT_2014_sfun_registry.obj
 0001:00039010       _ssGetZcSignalWidth        1003a010 f   Dyno_IPT_2014_sfun_registry.obj
 0001:00039070       _ssGetZcSignalZcEventType  1003a070 f   Dyno_IPT_2014_sfun_registry.obj
 0001:000390d0       _ssGetZcSignalType         1003a0d0 f   Dyno_IPT_2014_sfun_registry.obj
 0001:00039130       _ssGetZcSignalZcTol        1003a130 f   Dyno_IPT_2014_sfun_registry.obj
 0001:00039190       _ssGetZcSignalNeedsEventNotification 1003a190 f   Dyno_IPT_2014_sfun_registry.obj
 0001:000391f0       _ssGetZcSignalIsZcElementDisc 1003a1f0 f   Dyno_IPT_2014_sfun_registry.obj
 0001:00039250       _ssGetIsInputPortElementContinuous 1003a250 f   Dyno_IPT_2014_sfun_registry.obj
 0001:000392b0       __ssGetInputPortSignalPtrsFcn 1003a2b0 f   Dyno_IPT_2014_sfun_registry.obj
 0001:000394b0       __ssGetInputPortSignalFcn  1003a4b0 f   Dyno_IPT_2014_sfun_registry.obj
 0001:00039640       __ssSetInputPortDirectFeedThroughFcn 1003a640 f   Dyno_IPT_2014_sfun_registry.obj
 0001:00039770       __ssSetInputPortReusableFcn 1003a770 f   Dyno_IPT_2014_sfun_registry.obj
 0001:00039800       __ssSetOutputPortReusableFcn 1003a800 f   Dyno_IPT_2014_sfun_registry.obj
 0001:00039890       _ssGetDTypeIdFromMxArray   1003a890 f   Dyno_IPT_2014_sfun_registry.obj
 0001:00039980       _ssWriteRTWStr             1003a980 f   Dyno_IPT_2014_sfun_registry.obj
 0001:000399c0       _ssWriteRTWMxVectParam     1003a9c0 f   Dyno_IPT_2014_sfun_registry.obj
 0001:00039a00       _ssWriteRTWMx2dMatParam    1003aa00 f   Dyno_IPT_2014_sfun_registry.obj
 0001:00039a40       _ssWriteRTWNameValuePair   1003aa40 f   Dyno_IPT_2014_sfun_registry.obj
 0001:00039db0       _ssWriteRTWParameters      1003adb0 f   Dyno_IPT_2014_sfun_registry.obj
 0001:0003a150       _ssWriteRTWParamSettings   1003b150 f   Dyno_IPT_2014_sfun_registry.obj
 0001:0003a600       _ssWriteRTWWorkVect        1003b600 f   Dyno_IPT_2014_sfun_registry.obj
 0001:0003a990       _mexFunction               1003b990 f   Dyno_IPT_2014_sfun_registry.obj
 0001:0003c060       _ProcessMexSfunctionEveryCall 1003d060 f   Dyno_IPT_2014_sfun_registry.obj
 0001:0003c170       _Dyno_IPT_2014_initializer 1003d170 f   Dyno_IPT_2014_sfun.obj
 0001:0003c180       _Dyno_IPT_2014_terminator  1003d180 f   Dyno_IPT_2014_sfun.obj
 0001:0003c190       _sf_Dyno_IPT_2014_method_dispatcher 1003d190 f   Dyno_IPT_2014_sfun.obj
 0001:0003c300       _sf_Dyno_IPT_2014_process_check_sum_call 1003d300 f   Dyno_IPT_2014_sfun.obj
 0001:0003c7a0       _sf_Dyno_IPT_2014_autoinheritance_info 1003d7a0 f   Dyno_IPT_2014_sfun.obj
 0001:0003c950       _sf_Dyno_IPT_2014_get_eml_resolved_functions_info 1003d950 f   Dyno_IPT_2014_sfun.obj
 0001:0003cc40       _Dyno_IPT_2014_debug_initialize 1003dc40 f   Dyno_IPT_2014_sfun.obj
 0001:0003cc90       _Dyno_IPT_2014_register_exported_symbols 1003dc90 f   Dyno_IPT_2014_sfun.obj
 0001:0003cd00       _sf_mex_mx_is_numeric      1003dd00 f   sfc_mexmsvc80:sfc_mex.obj
 0001:0003cd40       _strcmp_ignore_ws          1003dd40 f   sfc_mexmsvc80:sfc_mex.obj
 0001:0003ce60       _sf_mex_duplicatearraysafe 1003de60 f   sfc_mexmsvc80:sfc_mex.obj
 0001:0003d040       _sf_set_error_debugger_context_message_fcn 1003e040 f   sfc_mexmsvc80:sfc_mex.obj
 0001:0003d050       _sf_set_debugger_matlab_error_fcn 1003e050 f   sfc_mexmsvc80:sfc_mex.obj
 0001:0003d070       _sf_set_error_prefix_string 1003e070 f   sfc_mexmsvc80:sfc_mex.obj
 0001:0003d0a0       _sf_get_error_prefix_string 1003e0a0 f   sfc_mexmsvc80:sfc_mex.obj
 0001:0003d0b0       _sf_get_current_jmp_buf_ptr 1003e0b0 f   sfc_mexmsvc80:sfc_mex.obj
 0001:0003d0c0       _sf_set_current_jmp_buf_ptr 1003e0c0 f   sfc_mexmsvc80:sfc_mex.obj
 0001:0003d0d0       _sf_mex_set_halt_simulation 1003e0d0 f   sfc_mexmsvc80:sfc_mex.obj
 0001:0003d0e0       _sf_mex_get_halt_simulation 1003e0e0 f   sfc_mexmsvc80:sfc_mex.obj
 0001:0003d0f0       _sf_mex_clear_error_message 1003e0f0 f   sfc_mexmsvc80:sfc_mex.obj
 0001:0003d110       _sf_mex_get_error_message_for_read 1003e110 f   sfc_mexmsvc80:sfc_mex.obj
 0001:0003d120       _sf_mex_get_error_message_buffer_length 1003e120 f   sfc_mexmsvc80:sfc_mex.obj
 0001:0003d1f0       _sf_mex_warning_message    1003e1f0 f   sfc_mexmsvc80:sfc_mex.obj
 0001:0003d240       _sf_mex_v_errbuf_createf   1003e240 f   sfc_mexmsvc80:sfc_mex.obj
 0001:0003d260       _sf_mex_errbuf_createf     1003e260 f   sfc_mexmsvc80:sfc_mex.obj
 0001:0003d280       _sf_mex_v_errbuf_catf      1003e280 f   sfc_mexmsvc80:sfc_mex.obj
 0001:0003d2c0       _sf_mex_errbuf_catf        1003e2c0 f   sfc_mexmsvc80:sfc_mex.obj
 0001:0003d300       _sf_mex_errbuf_copy        1003e300 f   sfc_mexmsvc80:sfc_mex.obj
 0001:0003d320       _sf_mex_errbuf_clear       1003e320 f   sfc_mexmsvc80:sfc_mex.obj
 0001:0003d330       _sf_mex_errbuf_isempty     1003e330 f   sfc_mexmsvc80:sfc_mex.obj
 0001:0003d3c0       _sf_mex_set_error_status   1003e3c0 f   sfc_mexmsvc80:sfc_mex.obj
 0001:0003d3f0       _sf_mex_error_direct_call  1003e3f0 f   sfc_mexmsvc80:sfc_mex.obj
 0001:0003d410       _sf_mex_long_jump_on_error 1003e410 f   sfc_mexmsvc80:sfc_mex.obj
 0001:0003d440       _sf_mex_call_matlab        1003e440 f   sfc_mexmsvc80:sfc_mex.obj
 0001:0003d510       _sf_mex_check_builtin      1003e510 f   sfc_mexmsvc80:sfc_mex.obj
 0001:0003d540       _sf_mex_check_builtin_vs   1003e540 f   sfc_mexmsvc80:sfc_mex.obj
 0001:0003d580       _sf_mex_check_enum         1003e580 f   sfc_mexmsvc80:sfc_mex.obj
 0001:0003d5b0       _sf_mex_create_enum        1003e5b0 f   sfc_mexmsvc80:sfc_mex.obj
 0001:0003d5d0       _sf_mex_get_enum_element   1003e5d0 f   sfc_mexmsvc80:sfc_mex.obj
 0001:0003d5e0       _sf_mex_createcellarray    1003e5e0 f   sfc_mexmsvc80:sfc_mex.obj
 0001:0003d600       _sf_mex_setcell            1003e600 f   sfc_mexmsvc80:sfc_mex.obj
 0001:0003d610       _sf_mex_getcell            1003e610 f   sfc_mexmsvc80:sfc_mex.obj
 0001:0003d620       _sf_mex_dup                1003e620 f   sfc_mexmsvc80:sfc_mex.obj
 0001:0003d650       _sf_mex_assign             1003e650 f   sfc_mexmsvc80:sfc_mex.obj
 0001:0003d6a0       _sf_mex_destroy            1003e6a0 f   sfc_mexmsvc80:sfc_mex.obj
 0001:0003d6c0       _mx_array_has_fi_type      1003e6c0 f   sfc_mexmsvc80:sfc_mex.obj
 0001:0003d6f0       _sf_mex_convert_from_fi    1003e6f0 f   sfc_mexmsvc80:sfc_mex.obj
 0001:0003d770       _sf_mex_convert_to_double  1003e770 f   sfc_mexmsvc80:sfc_mex.obj
 0001:0003d7b0       _sf_mex_import_fi_vs       1003e7b0 f   sfc_mexmsvc80:sfc_mex.obj
 0001:0003d910       _sf_matrix_matrix_index_ok 1003e910 f   sfc_mexmsvc80:sfc_mex.obj
 0001:0003d990       _ssGetCurrentInputPortDimensions_wrapper 1003e990 f   sfc_mexmsvc80:sfc_mex.obj
 0001:0003d9b0       _ssGetCurrentOutputPortDimensions_wrapper 1003e9b0 f   sfc_mexmsvc80:sfc_mex.obj
 0001:0003d9d0       _sf_mex_emlrt_context_is_debug_mode 1003e9d0 f   sfc_mexmsvc80:sfc_mex.obj
 0001:0003d9e0       _sf_mex_emlrt_context_set_debug_mode 1003e9e0 f   sfc_mexmsvc80:sfc_mex.obj
 0001:0003d9f0       _sf_clear_error_manager_info 1003e9f0 f   sfc_mexmsvc80:sfc_mex.obj
 0001:0003da40       _sf_mex_stop_simulation_abruptly_wo_error 1003ea40 f   sfc_mexmsvc80:sfc_mex.obj
 0001:0003da70       _sf_mex_error_message      1003ea70 f   sfc_mexmsvc80:sfc_mex.obj
 0001:0003dac0       _sf_react_to_error_in_matlab_call 1003eac0 f   sfc_mexmsvc80:sfc_mex.obj
 0001:0003dae0       _sf_mex_addfield           1003eae0 f   sfc_mexmsvc80:sfc_mex.obj
 0001:0003db50       _sf_mex_getfield           1003eb50 f   sfc_mexmsvc80:sfc_mex.obj
 0001:0003dcd0       _sf_mex_check_class        1003ecd0 f   sfc_mexmsvc80:sfc_mex.obj
 0001:0003dd50       _sf_mex_is_real            1003ed50 f   sfc_mexmsvc80:sfc_mex.obj
 0001:0003dd90       _sf_mex_check_complex      1003ed90 f   sfc_mexmsvc80:sfc_mex.obj
 0001:0003de00       _sf_mex_check_sparse       1003ee00 f   sfc_mexmsvc80:sfc_mex.obj
 0001:0003de50       _sf_mex_check_numerictype  1003ee50 f   sfc_mexmsvc80:sfc_mex.obj
 0001:0003def0       _sf_mex_check_fimath       1003eef0 f   sfc_mexmsvc80:sfc_mex.obj
 0001:0003df90       _sf_mex_decode_encoded_mx_struct_array 1003ef90 f   sfc_mexmsvc80:sfc_mex.obj
 0001:0003e130       _sf_mex_lw_bounds_check    1003f130 f   sfc_mexmsvc80:sfc_mex.obj
 0001:0003e160       _sf_mex_lw_size_eq_check_1d 1003f160 f   sfc_mexmsvc80:sfc_mex.obj
 0001:0003e180       _sf_mex_lw_size_eq_check_nd 1003f180 f   sfc_mexmsvc80:sfc_mex.obj
 0001:0003e260       _sf_mex_lw_dim_size_eq_check 1003f260 f   sfc_mexmsvc80:sfc_mex.obj
 0001:0003e290       _sf_mex_lw_dim_size_geq_check 1003f290 f   sfc_mexmsvc80:sfc_mex.obj
 0001:0003e2c0       _sf_mex_lw_sub_assign_size_check_nd 1003f2c0 f   sfc_mexmsvc80:sfc_mex.obj
 0001:0003e3f0       _sf_mex_lw_matrix_matrix_index_check 1003f3f0 f   sfc_mexmsvc80:sfc_mex.obj
 0001:0003e420       _sf_mex_lw_non_negative_check 1003f420 f   sfc_mexmsvc80:sfc_mex.obj
 0001:0003e450       _sf_mex_overflow_error     1003f450 f   sfc_mexmsvc80:sfc_mex.obj
 0001:0003e460       _sf_mex_dividebyzero_error 1003f460 f   sfc_mexmsvc80:sfc_mex.obj
 0001:0003e470       _sf_mex_unsafe_enum_error  1003f470 f   sfc_mexmsvc80:sfc_mex.obj
 0001:0003e480       _sf_emlrtErrHandler        1003f480 f   sfc_mexmsvc80:sfc_mex.obj
 0001:0003e4c0       _sf_mex_printf             1003f4c0 f   sfc_mexmsvc80:sfc_mex.obj
 0001:0003e5a0       _sf_mex_check_size         1003f5a0 f   sfc_mexmsvc80:sfc_mex.obj
 0001:0003e820       _sf_mex_check_struct       1003f820 f   sfc_mexmsvc80:sfc_mex.obj
 0001:0003e920       _sf_mex_check_struct_vs    1003f920 f   sfc_mexmsvc80:sfc_mex.obj
 0001:0003e960       _sf_mex_check_fi           1003f960 f   sfc_mexmsvc80:sfc_mex.obj
 0001:0003ea30       _sf_mex_check_fi_vs        1003fa30 f   sfc_mexmsvc80:sfc_mex.obj
 0001:0003ea80       _sf_echo_expression        1003fa80 f   sfc_mexmsvc80:sfc_mex.obj
 0001:0003ead0       _sf_assertion_failed       1003fad0 f   sfc_mexmsvc80:sfc_mex.obj
 0001:0003ec50       _sf_mex_evalin             1003fc50 f   sfc_mexmsvc80:sfc_mex.obj
 0001:0003eeb0       _sf_mex_export             1003feb0 f   sfc_mexmsvc80:sfc_mex.obj
 0001:0003ef60       _sf_mex_get_ml_var_no_error 1003ff60 f   sfc_mexmsvc80:sfc_mex.obj
 0001:0003f0c0       _sf_mex_get_ml_var         100400c0 f   sfc_mexmsvc80:sfc_mex.obj
 0001:0003f3d0       _ml_set_element_value_in_array 100403d0 f   sfc_mexmsvc80:sfc_mex.obj
 0001:00040ad0       _sf_mex_call_impl          10041ad0 f   sfc_mexmsvc80:sfc_mex.obj
 0001:00040e60       _sf_mex_call_debug         10041e60 f   sfc_mexmsvc80:sfc_mex.obj
 0001:00040e80       _sf_mex_call               10041e80 f   sfc_mexmsvc80:sfc_mex.obj
 0001:00041590       _sf_mex_createstruct       10042590 f   sfc_mexmsvc80:sfc_mex.obj
 0001:00041630       _sf_mex_createstructarray  10042630 f   sfc_mexmsvc80:sfc_mex.obj
 0001:00041690       _sf_mex_get_mx_datatype_from_sf_datatype 10042690 f   sfc_mexmsvc80:sfc_mex.obj
 0001:00041910       _sf_mex_ml_var_sub         10042910 f   sfc_mexmsvc80:sfc_mex.obj
 0001:00041a70       _sf_mex_ml_var_subsasgn    10042a70 f   sfc_mexmsvc80:sfc_mex.obj
 0001:00041d80       _sf_mex_sub                10042d80 f   sfc_mexmsvc80:sfc_mex.obj
 0001:00041f00       _sf_mex_subsasgn           10042f00 f   sfc_mexmsvc80:sfc_mex.obj
 0001:000422b0       _sf_mex_create             100432b0 f   sfc_mexmsvc80:sfc_mex.obj
 0001:00042b10       _sf_mex_import             10043b10 f   sfc_mexmsvc80:sfc_mex.obj
 0001:00042bb0       _sf_mex_import_vs          10043bb0 f   sfc_mexmsvc80:sfc_mex.obj
 0001:00042c40       _sf_mex_lower_fixpt_mx_array 10043c40 f   sfc_mexmsvc80:sfc_mex.obj
 0001:00043000       _sim_mode_is_rtw_gen       10044000 f   sfc_mexmsvc80:sfc_sf.obj
 0001:00043040       _sim_mode_is_external      10044040 f   sfc_mexmsvc80:sfc_sf.obj
 0001:00043060       _mdlInitializeSizes        10044060 f   sfc_mexmsvc80:sfc_sf.obj
 0001:00043080       _mdlInitializeSampleTimes  10044080 f   sfc_mexmsvc80:sfc_sf.obj
 0001:000430c0       _mdlZeroCrossings          100440c0 f   sfc_mexmsvc80:sfc_sf.obj
 0001:00043170       _mdlDerivatives            10044170 f   sfc_mexmsvc80:sfc_sf.obj
 0001:00043210       _mdl_initialize_conditions_processing 10044210 f   sfc_mexmsvc80:sfc_sf.obj
 0001:00043240       _mdlInitializeConditions   10044240 f   sfc_mexmsvc80:sfc_sf.obj
 0001:000432e0       _mdlGetSimState            100442e0 f   sfc_mexmsvc80:sfc_sf.obj
 0001:00043300       _mdlSetSimState            10044300 f   sfc_mexmsvc80:sfc_sf.obj
 0001:00043320       _mdl_ext_mode_exec_processing 10044320 f   sfc_mexmsvc80:sfc_sf.obj
 0001:00043340       _mdlExtModeExec            10044340 f   sfc_mexmsvc80:sfc_sf.obj
 0001:000434f0       _mdlTerminate              100444f0 f   sfc_mexmsvc80:sfc_sf.obj
 0001:00043550       _mdlRTW                    10044550 f   sfc_mexmsvc80:sfc_sf.obj
 0001:00043580       _mdlSetWorkWidths          10044580 f   sfc_mexmsvc80:sfc_sf.obj
 0001:000435a0       _mdlProcessParameters      100445a0 f   sfc_mexmsvc80:sfc_sf.obj
 0001:000435c0       _mdl_start_processing      100445c0 f   sfc_mexmsvc80:sfc_sf.obj
 0001:00043600       _mdlStart                  10044600 f   sfc_mexmsvc80:sfc_sf.obj
 0001:000436d0       _mdlEnable                 100446d0 f   sfc_mexmsvc80:sfc_sf.obj
 0001:00043780       _mdlDisable                10044780 f   sfc_mexmsvc80:sfc_sf.obj
 0001:00043810       _sf_get_chart_instance_ptr 10044810 f   sfc_mexmsvc80:sfc_sf.obj
 0001:00043830       _sf_rtw_info_uint_prop     10044830 f   sfc_mexmsvc80:sfc_sf.obj
 0001:00043960       _sf_is_chart_inlinable     10044960 f   sfc_mexmsvc80:sfc_sf.obj
 0001:00043980       _sf_mark_output_events_with_multiple_callers 10044980 f   sfc_mexmsvc80:sfc_sf.obj
 0001:00043af0       _sf_mark_chart_reusable_outputs 10044af0 f   sfc_mexmsvc80:sfc_sf.obj
 0001:00043c60       _sf_mark_chart_expressionable_inputs 10044c60 f   sfc_mexmsvc80:sfc_sf.obj
 0001:00043e50       _sf_get_subchart_simstruct 10044e50 f   sfc_mexmsvc80:sfc_sf.obj
 0001:00043e90       _sf_write_symbol_mapping   10044e90 f   sfc_mexmsvc80:sfc_sf.obj
 0001:00044060       _sf_get_fixpt_data_type_id 10045060 f   sfc_mexmsvc80:sfc_sf.obj
 0001:000440a0       _sf_get_enum_data_type_id  100450a0 f   sfc_mexmsvc80:sfc_sf.obj
 0001:000440e0       _sf_get_param_data_type_id 100450e0 f   sfc_mexmsvc80:sfc_sf.obj
 0001:00044110       _sf_mex_listen_for_ctrl_c_force 10045110 f   sfc_mexmsvc80:sfc_sf.obj
 0001:00044210       _sf_mex_draw_now           10045210 f   sfc_mexmsvc80:sfc_sf.obj
 0001:00044250       _sf_mex_set_debugger_sim_status_listener_fcn 10045250 f   sfc_mexmsvc80:sfc_sf.obj
 0001:00044260       _sf_mex_listen_for_ctrl_c  10045260 f   sfc_mexmsvc80:sfc_sf.obj
 0001:000442f0       _sf_mex_get_sfun_param     100452f0 f   sfc_mexmsvc80:sfc_sf.obj
 0001:00044340       _sf_get_runtime_param_data 10045340 f   sfc_mexmsvc80:sfc_sf.obj
 0001:00044380       _sf_call_output_fcn_call   10045380 f   sfc_mexmsvc80:sfc_sf.obj
 0001:000444a0       _sf_call_output_fcn_enable 100454a0 f   sfc_mexmsvc80:sfc_sf.obj
 0001:00044520       _sf_call_output_fcn_disable 10045520 f   sfc_mexmsvc80:sfc_sf.obj
 0001:000445a0       _sf_clear_rtw_identifier   100455a0 f   sfc_mexmsvc80:sfc_sf.obj
 0001:00044da0       _sf_set_encoded_dwork_info 10045da0 f   sfc_mexmsvc80:sfc_sf.obj
 0001:00044f30       _sf_set_rtw_dwork_info     10045f30 f   sfc_mexmsvc80:sfc_sf.obj
 0001:00045050       _mdlOutputs                10046050 f   sfc_mexmsvc80:sfc_sf.obj
 0001:00045170       _sf_debug_disp             10046170 f   sfc_debugmsvc80:sfcdebug.obj
 0001:00045370       _sf_debug_data_runtime_size_mismatch_error_check 10046370 f   sfc_debugmsvc80:sfcdebug.obj
 0001:000453b0       _sf_debug_try_loading_machine 100463b0 f   sfc_debugmsvc80:sfcdebug.obj
 0001:00045480       _sf_debug_reset_current_state_configuration 10046480 f   sfc_debugmsvc80:sfcdebug.obj
 0001:000454c0       _sf_debug_store_current_state_configuration 100464c0 f   sfc_debugmsvc80:sfcdebug.obj
 0001:00045500       _sf_debug_restore_previous_state_configuration 10046500 f   sfc_debugmsvc80:sfcdebug.obj
 0001:00045540       _sf_debug_restore_previous_state_configuration2 10046540 f   sfc_debugmsvc80:sfcdebug.obj
 0001:00045580       _sf_debug_get_event_scope  10046580 f   sfc_debugmsvc80:sfcdebug.obj
 0001:000456a0       _use_debugger_step_animation 100466a0 f   sfc_debugmsvc80:sfcdebug.obj
 0001:000456c0       _sf_debug_get_script_id    100466c0 f   sfc_debugmsvc80:sfcdebug.obj
 0001:00045750       _sf_debug_set_script_translation 10046750 f   sfc_debugmsvc80:sfcdebug.obj
 0001:000457e0       _sf_debug_get_current_machine_id 100467e0 f   sfc_debugmsvc80:sfcdebug.obj
 0001:00045800       _sf_debug_get_current_optional_integer 10046800 f   sfc_debugmsvc80:sfcdebug.obj
 0001:00045810       _sf_debug_get_current_machine_number 10046810 f   sfc_debugmsvc80:sfcdebug.obj
 0001:00045830       _sf_debug_get_current_machine_name 10046830 f   sfc_debugmsvc80:sfcdebug.obj
 0001:00045850       _sf_debug_get_current_chart_id 10046850 f   sfc_debugmsvc80:sfcdebug.obj
 0001:00045880       _sf_debug_get_current_chart_number 10046880 f   sfc_debugmsvc80:sfcdebug.obj
 0001:00045890       _sf_debug_get_current_instance_number 10046890 f   sfc_debugmsvc80:sfcdebug.obj
 0001:000458a0       _sf_debug_get_current_is_minor_time_step 100468a0 f   sfc_debugmsvc80:sfcdebug.obj
 0001:00045910       _sf_debug_get_current_object_type 10046910 f   sfc_debugmsvc80:sfcdebug.obj
 0001:00045920       _sf_debug_get_current_instance_handle 10046920 f   sfc_debugmsvc80:sfcdebug.obj
 0001:00045970       _sf_debug_get_current_event_type 10046970 f   sfc_debugmsvc80:sfcdebug.obj
 0001:00045980       _sf_debug_get_current_object_id 10046980 f   sfc_debugmsvc80:sfcdebug.obj
 0001:000459b0       _sf_debug_get_current_active_event_type 100469b0 f   sfc_debugmsvc80:sfcdebug.obj
 0001:000459c0       _sf_debug_get_current_active_event_id 100469c0 f   sfc_debugmsvc80:sfcdebug.obj
 0001:000459f0       _sf_debug_get_current_tag_type 100469f0 f   sfc_debugmsvc80:sfcdebug.obj
 0001:00045a00       _sf_debug_get_current_simulation_time 10046a00 f   sfc_debugmsvc80:sfcdebug.obj
 0001:00045a10       _sf_debug_get_current_coverage_percentage 10046a10 f   sfc_debugmsvc80:sfcdebug.obj
 0001:00045a20       _sf_debug_current_statement_context 10046a20 f   sfc_debugmsvc80:sfcdebug.obj
 0001:00045aa0       _sf_debug_get_current_statement_info 10046aa0 f   sfc_debugmsvc80:sfcdebug.obj
 0001:00045be0       _sf_debug_terminate_instance 10046be0 f   sfc_debugmsvc80:sfcdebug.obj
 0001:00045e60       _sf_debug_assertion_failed 10046e60 f   sfc_debugmsvc80:sfcdebug.obj
 0001:00046030       _sf_debug_set_number_of_data_with_change_event_for_machine 10047030 f   sfc_debugmsvc80:sfcdebug.obj
 0001:00046070       _sf_debug_set_machine_event_thresholds 10047070 f   sfc_debugmsvc80:sfcdebug.obj
 0001:000460a0       _sf_debug_set_machine_event_scope 100470a0 f   sfc_debugmsvc80:sfcdebug.obj
 0001:000460e0       _sf_debug_set_machine_data_thresholds 100470e0 f   sfc_debugmsvc80:sfcdebug.obj
 0001:00046120       _sf_debug_set_machine_data_scope 10047120 f   sfc_debugmsvc80:sfcdebug.obj
 0001:000461a0       _sf_debug_set_machine_data_name 100471a0 f   sfc_debugmsvc80:sfcdebug.obj
 0001:000461f0       _sf_debug_set_machine_data_size 100471f0 f   sfc_debugmsvc80:sfcdebug.obj
 0001:000462e0       _sf_debug_set_machine_data_type 100472e0 f   sfc_debugmsvc80:sfcdebug.obj
 0001:00046400       _sf_debug_get_chart_data_number 10047400 f   sfc_debugmsvc80:sfcdebug.obj
 0001:00046430       _sf_debug_get_chart_event_number 10047430 f   sfc_debugmsvc80:sfcdebug.obj
 0001:00046460       _sf_debug_set_chart_state_info 10047460 f   sfc_debugmsvc80:sfcdebug.obj
 0001:000464e0       _sf_debug_set_chart_decomposition 100474e0 f   sfc_debugmsvc80:sfcdebug.obj
 0001:00046550       _sf_debug_set_chart_substate_count 10047550 f   sfc_debugmsvc80:sfcdebug.obj
 0001:00046610       _sf_debug_set_chart_substate_index 10047610 f   sfc_debugmsvc80:sfcdebug.obj
 0001:00046680       _sf_debug_set_chart_state_substate_count 10047680 f   sfc_debugmsvc80:sfcdebug.obj
 0001:00046760       _sf_debug_set_chart_state_substate_index 10047760 f   sfc_debugmsvc80:sfcdebug.obj
 0001:000467e0       _sf_debug_set_number_of_data_with_change_event_for_chart 100477e0 f   sfc_debugmsvc80:sfcdebug.obj
 0001:00046860       _sf_debug_set_number_of_states_with_entry_event_for_chart 10047860 f   sfc_debugmsvc80:sfcdebug.obj
 0001:000468d0       _sf_debug_set_number_of_states_with_exit_event_for_chart 100478d0 f   sfc_debugmsvc80:sfcdebug.obj
 0001:00046940       _sf_debug_set_chart_disable_implicit_casting 10047940 f   sfc_debugmsvc80:sfcdebug.obj
 0001:000469b0       _sf_debug_set_chart_event_thresholds 100479b0 f   sfc_debugmsvc80:sfcdebug.obj
 0001:00046a20       _sf_debug_set_chart_data_props 10047a20 f   sfc_debugmsvc80:sfcdebug.obj
 0001:00046e90       _sf_debug_check_fi_license 10047e90 f   sfc_debugmsvc80:sfcdebug.obj
 0001:00047020       _sf_debug_symbol_scope_push 10048020 f   sfc_debugmsvc80:sfcdebug.obj
 0001:00047060       _sf_debug_symbol_scope_push_eml 10048060 f   sfc_debugmsvc80:sfcdebug.obj
 0001:000470a0       _sf_debug_symbol_scope_pop 100480a0 f   sfc_debugmsvc80:sfcdebug.obj
 0001:000470d0       _sf_debug_symbol_scope_add 100480d0 f   sfc_debugmsvc80:sfcdebug.obj
 0001:00047120       _sf_debug_symbol_scope_add_eml 10048120 f   sfc_debugmsvc80:sfcdebug.obj
 0001:00047150       _sf_debug_symbol_scope_add_dyn 10048150 f   sfc_debugmsvc80:sfcdebug.obj
 0001:000471c0       _sf_debug_symbol_scope_add_eml_dyn 100481c0 f   sfc_debugmsvc80:sfcdebug.obj
 0001:00047210       _sf_debug_symbol_switch    10048210 f   sfc_debugmsvc80:sfcdebug.obj
 0001:00047230       _sf_debug_symbol_scope_add_verbose 10048230 f   sfc_debugmsvc80:sfcdebug.obj
 0001:000472a0       _sf_debug_set_machine_data_value_ptr 100482a0 f   sfc_debugmsvc80:sfcdebug.obj
 0001:000472e0       _sf_debug_set_instance_data_value_ptr 100482e0 f   sfc_debugmsvc80:sfcdebug.obj
 0001:00047340       _sf_debug_unset_instance_data_value_ptr 10048340 f   sfc_debugmsvc80:sfcdebug.obj
 0001:00047390       _sf_debug_set_chart_event_scope 10048390 f   sfc_debugmsvc80:sfcdebug.obj
 0001:00047410       _sf_debug_set_chart_transition_coverage_maps 10048410 f   sfc_debugmsvc80:sfcdebug.obj
 0001:000474a0       _sf_debug_set_chart_state_coverage_maps 100484a0 f   sfc_debugmsvc80:sfcdebug.obj
 0001:00047520       _sf_debug_set_instance_transition_coverage_weights 10048520 f   sfc_debugmsvc80:sfcdebug.obj
 0001:00047590       _sf_debug_set_instance_state_coverage_weights 10048590 f   sfc_debugmsvc80:sfcdebug.obj
 0001:00047790       _sf_debug_unload_machine   10048790 f   sfc_debugmsvc80:sfcdebug.obj
 0001:000477e0       _sf_debug_load_machine     100487e0 f   sfc_debugmsvc80:sfcdebug.obj
 0001:00047890       _sf_debug_set_active_instance_in_data_dictionary 10048890 f   sfc_debugmsvc80:sfcdebug.obj
 0001:00047a10       _sf_debug_set_active_instance 10048a10 f   sfc_debugmsvc80:sfcdebug.obj
 0001:00047b00       _sf_debug_chart_visiblity_change 10048b00 f   sfc_debugmsvc80:sfcdebug.obj
 0001:00047ba0       _sf_debug_select_chart     10048ba0 f   sfc_debugmsvc80:sfcdebug.obj
 0001:00047c40       _sf_debug_set_instance_cv_ids 10048c40 f   sfc_debugmsvc80:sfcdebug.obj
 0001:00047e00       _sf_debug_select_charts    10048e00 f   sfc_debugmsvc80:sfcdebug.obj
 0001:00047ee0       _sf_debug_initialized      10048ee0 f   sfc_debugmsvc80:sfcdebug.obj
 0001:00047ef0       _sf_debug_is_uninterruptible 10048ef0 f   sfc_debugmsvc80:sfcdebug.obj
 0001:00047f20       _sf_debug_initialize_debugger_gui 10048f20 f   sfc_debugmsvc80:sfcdebug.obj
 0001:000482a0       _sf_debug_resume           100492a0 f   sfc_debugmsvc80:sfcdebug.obj
 0001:000482c0       _sf_debug_go               100492c0 f   sfc_debugmsvc80:sfcdebug.obj
 0001:000482d0       _sf_debug_break            100492d0 f   sfc_debugmsvc80:sfcdebug.obj
 0001:000482e0       _sf_debug_step_over        100492e0 f   sfc_debugmsvc80:sfcdebug.obj
 0001:000482f0       _sf_debug_step_out         100492f0 f   sfc_debugmsvc80:sfcdebug.obj
 0001:00048300       _sf_debug_set_disable_all_breakpoints 10049300 f   sfc_debugmsvc80:sfcdebug.obj
 0001:00048310       _sf_debug_disable_all_breakpoints_and_go 10049310 f   sfc_debugmsvc80:sfcdebug.obj
 0001:00048320       _sf_debug_break_on_chart_entry 10049320 f   sfc_debugmsvc80:sfcdebug.obj
 0001:00048330       _sf_debug_break_on_event_broadcast 10049330 f   sfc_debugmsvc80:sfcdebug.obj
 0001:00048340       _sf_debug_break_on_state_entry 10049340 f   sfc_debugmsvc80:sfcdebug.obj
 0001:00048350       _sf_debug_break_between_times 10049350 f   sfc_debugmsvc80:sfcdebug.obj
 0001:00048380       _sf_debug_browse_data      10049380 f   sfc_debugmsvc80:sfcdebug.obj
 0001:000483a0       _sf_debug_watch_data       100493a0 f   sfc_debugmsvc80:sfcdebug.obj
 0001:000483c0       _sf_debug_whos             100493c0 f   sfc_debugmsvc80:sfcdebug.obj
 0001:000483e0       _sf_debug_get_consistency_info 100493e0 f   sfc_debugmsvc80:sfcdebug.obj
 0001:00048400       _sf_debug_browse_trace     10049400 f   sfc_debugmsvc80:sfcdebug.obj
 0001:00048420       _sf_debug_set_breakpoints  10049420 f   sfc_debugmsvc80:sfcdebug.obj
 0001:000484e0       _sf_debug_set_eml_breakpoints 100494e0 f   sfc_debugmsvc80:sfcdebug.obj
 0001:000485f0       _sf_debug_set_script_breakpoints 100495f0 f   sfc_debugmsvc80:sfcdebug.obj
 0001:00048670       _sf_debug_add_script_breakpoints 10049670 f   sfc_debugmsvc80:sfcdebug.obj
 0001:000486e0       _sf_debug_clear_script_breakpoints 100496e0 f   sfc_debugmsvc80:sfcdebug.obj
 0001:00048750       _sf_debug_query_script_breakpoints 10049750 f   sfc_debugmsvc80:sfcdebug.obj
 0001:000487f0       _sf_debug_get_eml_script_id 100497f0 f   sfc_debugmsvc80:sfcdebug.obj
 0001:00048840       _sf_debug_set_watch        10049840 f   sfc_debugmsvc80:sfcdebug.obj
 0001:000489e0       _sf_debug_get_coverage     100499e0 f   sfc_debugmsvc80:sfcdebug.obj
 0001:00048a00       _sf_debug_get_instance_handle 10049a00 f   sfc_debugmsvc80:sfcdebug.obj
 0001:00048a80       _sf_debug_get_active_states 10049a80 f   sfc_debugmsvc80:sfcdebug.obj
 0001:00048aa0       _sf_debug_get_animation    10049aa0 f   sfc_debugmsvc80:sfcdebug.obj
 0001:00048ab0       _sf_debug_set_animation    10049ab0 f   sfc_debugmsvc80:sfcdebug.obj
 0001:00048ac0       _sf_debug_animate          10049ac0 f   sfc_debugmsvc80:sfcdebug.obj
 0001:00048af0       _sf_debug_cycle_detection_check 10049af0 f   sfc_debugmsvc80:sfcdebug.obj
 0001:00048b00       _sf_debug_data_range_check 10049b00 f   sfc_debugmsvc80:sfcdebug.obj
 0001:00048b10       _sf_debug_transition_conflict_check 10049b10 f   sfc_debugmsvc80:sfcdebug.obj
 0001:00048b20       _sf_debug_state_consistency_check 10049b20 f   sfc_debugmsvc80:sfcdebug.obj
 0001:00048b30       _sf_debug_data_range_check_enabled 10049b30 f   sfc_debugmsvc80:sfcdebug.obj
 0001:00048b40       _sf_debug_transition_conflict_check_enabled 10049b40 f   sfc_debugmsvc80:sfcdebug.obj
 0001:00048b50       _sf_debug_transition_conflict_check_begin 10049b50 f   sfc_debugmsvc80:sfcdebug.obj
 0001:00048b70       _sf_debug_transition_conflict_check_end 10049b70 f   sfc_debugmsvc80:sfcdebug.obj
 0001:00048b90       _sf_debug_stop_debugging   10049b90 f   sfc_debugmsvc80:sfcdebug.obj
 0001:00048bc0       _sf_debug_is_cycle_detected 10049bc0 f   sfc_debugmsvc80:sfcdebug.obj
 0001:00048bd0       _sf_debug_is_array_bounds_detected 10049bd0 f   sfc_debugmsvc80:sfcdebug.obj
 0001:00048be0       _sf_debug_get_state_vectors_data_size 10049be0 f   sfc_debugmsvc80:sfcdebug.obj
 0001:00048c20       _sf_debug_get_state_vectors_data 10049c20 f   sfc_debugmsvc80:sfcdebug.obj
 0001:00048cf0       _sf_debug_set_state_vectors_data 10049cf0 f   sfc_debugmsvc80:sfcdebug.obj
 0001:00048f20       _sf_debug_get_script_index 10049f20 f   sfc_debugmsvc80:sfcdebug.obj
 0001:00049050       _sf_debug_add_script       1004a050 f   sfc_debugmsvc80:sfcdebug.obj
 0001:000491a0       _cv_eval_point             1004a1a0 f   sfc_debugmsvc80:sfcdebug.obj
 0001:00049270       _sf_debug_cv_init_state    1004a270 f   sfc_debugmsvc80:sfcdebug.obj
 0001:00049300       _sf_debug_cv_init_chart    1004a300 f   sfc_debugmsvc80:sfcdebug.obj
 0001:00049380       _sf_debug_cv_init_trans    1004a380 f   sfc_debugmsvc80:sfcdebug.obj
 0001:00049460       _cv_eml_init_script        1004a460 f   sfc_debugmsvc80:sfcdebug.obj
 0001:000494d0       _cv_eml_init_fcn           1004a4d0 f   sfc_debugmsvc80:sfcdebug.obj
 0001:00049530       _cv_eml_init_testobjective 1004a530 f   sfc_debugmsvc80:sfcdebug.obj
 0001:00049590       _cv_eml_init_if            1004a590 f   sfc_debugmsvc80:sfcdebug.obj
 0001:000495f0       _cv_eml_init_for           1004a5f0 f   sfc_debugmsvc80:sfcdebug.obj
 0001:00049650       _cv_eml_init_while         1004a650 f   sfc_debugmsvc80:sfcdebug.obj
 0001:000496b0       _cv_eml_init_mcdc          1004a6b0 f   sfc_debugmsvc80:sfcdebug.obj
 0001:00049720       _cv_eml_init_switch        1004a720 f   sfc_debugmsvc80:sfcdebug.obj
 0001:00049780       _cv_eml_eval               1004a780 f   sfc_debugmsvc80:sfcdebug.obj
 0001:000497f0       _sf_debug_bm_is_a_eml_breakpoint 1004a7f0 f   sfc_debugmsvc80:sfcdebug.obj
 0001:00049920       _sf_debug_temporal_threshold 1004a920 f   sfc_debugmsvc80:sfcdebug.obj
 0001:00049c10       _sf_debug_transition_conflict_error 1004ac10 f   sfc_debugmsvc80:sfcdebug.obj
 0001:00049eb0       _sf_debug_state_inconsistency_error 1004aeb0 f   sfc_debugmsvc80:sfcdebug.obj
 0001:00049fa0       _sf_debug_check_for_state_inconsistency 1004afa0 f   sfc_debugmsvc80:sfcdebug.obj
 0001:00049fe0       _sf_debug_cycle_detecton_error 1004afe0 f   sfc_debugmsvc80:sfcdebug.obj
 0001:0004a620       _sf_debug_size_eq_check_1d 1004b620 f   sfc_debugmsvc80:sfcdebug.obj
 0001:0004a640       _sf_debug_size_eq_check_nd 1004b640 f   sfc_debugmsvc80:sfcdebug.obj
 0001:0004a720       _sf_debug_dim_size_eq_check 1004b720 f   sfc_debugmsvc80:sfcdebug.obj
 0001:0004a750       _sf_debug_dim_size_geq_check 1004b750 f   sfc_debugmsvc80:sfcdebug.obj
 0001:0004a780       _sf_debug_sub_assign_size_check_nd 1004b780 f   sfc_debugmsvc80:sfcdebug.obj
 0001:0004a8a0       _sf_debug_matrix_matrix_index_check 1004b8a0 f   sfc_debugmsvc80:sfcdebug.obj
 0001:0004a8d0       _sf_debug_data_array_bounds_error_check 1004b8d0 f   sfc_debugmsvc80:sfcdebug.obj
 0001:0004a930       _sf_debug_eml_data_array_bounds_error_check 1004b930 f   sfc_debugmsvc80:sfcdebug.obj
 0001:0004ac20       _sf_debug_integer_check    1004bc20 f   sfc_debugmsvc80:sfcdebug.obj
 0001:0004aca0       _sf_debug_not_nan_check    1004bca0 f   sfc_debugmsvc80:sfcdebug.obj
 0001:0004acf0       _sf_debug_non_negative_check 1004bcf0 f   sfc_debugmsvc80:sfcdebug.obj
 0001:0004ad50       _sf_debug_overflow_detection 1004bd50 f   sfc_debugmsvc80:sfcdebug.obj
 0001:0004b270       _sf_debug_cast_to_real32_T 1004c270 f   sfc_debugmsvc80:sfcdebug.obj
 0001:0004b2d0       _sf_debug_cast_to_int8_T   1004c2d0 f   sfc_debugmsvc80:sfcdebug.obj
 0001:0004b350       _sf_debug_cast_to_uint8_T  1004c350 f   sfc_debugmsvc80:sfcdebug.obj
 0001:0004b3e0       _sf_debug_cast_to_int16_T  1004c3e0 f   sfc_debugmsvc80:sfcdebug.obj
 0001:0004b460       _sf_debug_cast_to_uint16_T 1004c460 f   sfc_debugmsvc80:sfcdebug.obj
 0001:0004b4f0       _sf_debug_cast_to_int32_T  1004c4f0 f   sfc_debugmsvc80:sfcdebug.obj
 0001:0004b560       _sf_debug_cast_to_uint32_T 1004c560 f   sfc_debugmsvc80:sfcdebug.obj
 0001:0004b5f0       _sf_debug_data_range_error 1004c5f0 f   sfc_debugmsvc80:sfcdebug.obj
 0001:0004b970       _sf_debug_data_range_error_wrapper_min_max 1004c970 f   sfc_debugmsvc80:sfcdebug.obj
 0001:0004b9e0       _sf_debug_data_range_error_wrapper_min 1004c9e0 f   sfc_debugmsvc80:sfcdebug.obj
 0001:0004ba40       _sf_debug_data_range_error_wrapper_max 1004ca40 f   sfc_debugmsvc80:sfcdebug.obj
 0001:0004baa0       _sf_debug_data_range_wrapper 1004caa0 f   sfc_debugmsvc80:sfcdebug.obj
 0001:0004baf0       _sf_debug_set_current_status_info 1004caf0 f   sfc_debugmsvc80:sfcdebug.obj
 0001:0004be50       _sf_debug_call             1004ce50 f   sfc_debugmsvc80:sfcdebug.obj
 0001:0004c840       _sf_debug_initialize_machine 1004d840 f   sfc_debugmsvc80:sfcdebug.obj
 0001:0004cae0       _sf_debug_initialize_chart 1004dae0 f   sfc_debugmsvc80:sfcdebug.obj
 0001:0004ce40       _sf_debug_ensure_script    1004de40 f   sfc_debugmsvc80:sfcdebug.obj
 0001:0004cef0       _cv_script_init_script     1004def0 f   sfc_debugmsvc80:sfcdebug.obj
 0001:0004cf50       _cv_script_init_fcn        1004df50 f   sfc_debugmsvc80:sfcdebug.obj
 0001:0004cfa0       _cv_script_init_testobjective 1004dfa0 f   sfc_debugmsvc80:sfcdebug.obj
 0001:0004cff0       _cv_script_init_if         1004dff0 f   sfc_debugmsvc80:sfcdebug.obj
 0001:0004d040       _cv_script_init_for        1004e040 f   sfc_debugmsvc80:sfcdebug.obj
 0001:0004d090       _cv_script_init_while      1004e090 f   sfc_debugmsvc80:sfcdebug.obj
 0001:0004d0e0       _cv_script_init_mcdc       1004e0e0 f   sfc_debugmsvc80:sfcdebug.obj
 0001:0004d140       _cv_script_init_switch     1004e140 f   sfc_debugmsvc80:sfcdebug.obj
 0001:0004d1a0       _cv_script_eval            1004e1a0 f   sfc_debugmsvc80:sfcdebug.obj
 0001:0004d200       _eml_debug_line_call       1004e200 f   sfc_debugmsvc80:sfcdebug.obj
 0001:0004d300       _sf_debug_terminate        1004e300 f   sfc_debugmsvc80:sfcdebug.obj
 0001:0004d430       _sf_debug_set_script_cv_ids 1004e430 f   sfc_debugmsvc80:sfcdebug.obj
 0001:0004d540       _sf_debug_api              1004e540 f   sfc_debugmsvc80:sfc_api.obj
 0001:0004ed30       _sf_debug_sm_terminate     1004fd30 f   sfc_debugmsvc80:sfdb_animation.obj
 0001:0004eea0       _sf_debug_reset_path_objects 1004fea0 f   sfc_debugmsvc80:sfdb_animation.obj
 0001:0004ef10       _sf_debug_sm_reset_object_selection_status 1004ff10 f   sfc_debugmsvc80:sfdb_animation.obj
 0001:0004efb0       _sf_debug_sm_reset_state_buffer 1004ffb0 f   sfc_debugmsvc80:sfdb_animation.obj
 0001:0004f070       _sf_debug_sm_store_state_buffer 10050070 f   sfc_debugmsvc80:sfdb_animation.obj
 0001:0004f0f0       _sf_debug_sm_restore_state_buffer1 100500f0 f   sfc_debugmsvc80:sfdb_animation.obj
 0001:0004f150       _sf_debug_sm_restore_state_buffer2 10050150 f   sfc_debugmsvc80:sfdb_animation.obj
 0001:0004f1b0       _sf_debug_sm_chart_active  100501b0 f   sfc_debugmsvc80:sfdb_animation.obj
 0001:0004f200       _sf_debug_sm_select_active_objects 10050200 f   sfc_debugmsvc80:sfdb_animation.obj
 0001:0004f580       _sf_debug_sm_is_chart_active 10050580 f   sfc_debugmsvc80:sfdb_animation.obj
 0001:0004f5c0       _sf_debug_sm_is_state_active 100505c0 f   sfc_debugmsvc80:sfdb_animation.obj
 0001:0004f770       _sf_debug_sm_get_active_states 10050770 f   sfc_debugmsvc80:sfdb_animation.obj
 0001:0004fba0       _sf_debug_sm_initialize_instance 10050ba0 f   sfc_debugmsvc80:sfdb_animation.obj
 0001:0004fda0       _sf_debug_sm_change_object_selection_status 10050da0 f   sfc_debugmsvc80:sfdb_animation.obj
 0001:0004ff90       _cv_create_interface       10050f90 f   sfc_debugmsvc80:cv_sfinterface.obj
 0001:000502a0       _cv_init_trans             100512a0 f   sfc_debugmsvc80:cv_sfinterface.obj
 0001:000502f0       _cv_init_state             100512f0 f   sfc_debugmsvc80:cv_sfinterface.obj
 0001:00050350       _cv_init_chart             10051350 f   sfc_debugmsvc80:cv_sfinterface.obj
 0001:000503a0       _cv_dec_update_call        100513a0 f   sfc_debugmsvc80:cv_sfinterface.obj
 0001:000503e0       _cv_cond_update_call       100513e0 f   sfc_debugmsvc80:cv_sfinterface.obj
 0001:00050420       _cv_sigrange_update        10051420 f   sfc_debugmsvc80:cv_sfinterface.obj
 0001:00050470       _cvsf_eml_eval             10051470 f   sfc_debugmsvc80:cv_sfinterface.obj
 0001:00050550       _cvsf_eml_init_script      10051550 f   sfc_debugmsvc80:cv_sfinterface.obj
 0001:000505b0       _cvsf_eml_init_fcn         100515b0 f   sfc_debugmsvc80:cv_sfinterface.obj
 0001:00050610       _cvsf_eml_init_testobjective 10051610 f   sfc_debugmsvc80:cv_sfinterface.obj
 0001:00050670       _cvsf_eml_init_if          10051670 f   sfc_debugmsvc80:cv_sfinterface.obj
 0001:000506d0       _cvsf_eml_init_for         100516d0 f   sfc_debugmsvc80:cv_sfinterface.obj
 0001:00050730       _cvsf_eml_init_while       10051730 f   sfc_debugmsvc80:cv_sfinterface.obj
 0001:00050790       _cvsf_eml_init_mcdc        10051790 f   sfc_debugmsvc80:cv_sfinterface.obj
 0001:00050800       _cvsf_eml_init_switch      10051800 f   sfc_debugmsvc80:cv_sfinterface.obj
 0001:00050860       _cvsf_script_eval          10051860 f   sfc_debugmsvc80:cv_sfinterface.obj
 0001:00050940       _cvsf_script_init_script   10051940 f   sfc_debugmsvc80:cv_sfinterface.obj
 0001:000509a0       _cvsf_script_init_fcn      100519a0 f   sfc_debugmsvc80:cv_sfinterface.obj
 0001:00050a00       _cvsf_script_init_testobjective 10051a00 f   sfc_debugmsvc80:cv_sfinterface.obj
 0001:00050a60       _cvsf_script_init_if       10051a60 f   sfc_debugmsvc80:cv_sfinterface.obj
 0001:00050ac0       _cvsf_script_init_for      10051ac0 f   sfc_debugmsvc80:cv_sfinterface.obj
 0001:00050b10       _cvsf_script_init_while    10051b10 f   sfc_debugmsvc80:cv_sfinterface.obj
 0001:00050b60       _cvsf_script_init_mcdc     10051b60 f   sfc_debugmsvc80:cv_sfinterface.obj
 0001:00050bd0       _cvsf_script_init_switch   10051bd0 f   sfc_debugmsvc80:cv_sfinterface.obj
 0001:00050c30       _cv_destroy_interface      10051c30 f   sfc_debugmsvc80:cv_sfinterface.obj
 0001:00050c50       _cv_create_instance_objects 10051c50 f   sfc_debugmsvc80:cv_sfinterface.obj
 0001:00050f90       _cv_is_enabled             10051f90 f   sfc_debugmsvc80:cv_sfinterface.obj
 0001:00050fa0       _sf_debug_cv_initialize_script 10051fa0 f   sfc_debugmsvc80:cv_sfinterface.obj
 0001:00051130       _sf_debug_cv_initialize_instance 10052130 f   sfc_debugmsvc80:cv_sfinterface.obj
 0001:00051430       _sf_debug_cv_terminate_chart 10052430 f   sfc_debugmsvc80:cv_sfinterface.obj
 0001:00051520       _cv_call_trans_test        10052520 f   sfc_debugmsvc80:cv_sfinterface.obj
 0001:00051530       _cv_call_sub_cond_test     10052530 f   sfc_debugmsvc80:cv_sfinterface.obj
 0001:00051640       _sf_debug_hm_initialize_instance 10052640 f   sfc_debugmsvc80:sfdb_handle_management.obj
 0001:00051750       _sf_debug_hm_get_object_id 10052750 f   sfc_debugmsvc80:sfdb_handle_management.obj
 0001:00053170       _sf_debug_object_is_eml_function 10054170 f   sfc_debugmsvc80:sfdb_handle_management.obj
 0001:000531d0       _sf_debug_hm_initialize_ids_in_machine 100541d0 f   sfc_debugmsvc80:sfdb_handle_management.obj
 0001:00053320       _sf_debug_hm_initialize_ids_in_chart 10054320 f   sfc_debugmsvc80:sfdb_handle_management.obj
 0001:00053440       _sf_debug_hm_initialize_chart 10054440 f   sfc_debugmsvc80:sfdb_handle_management.obj
 0001:00053e30       _sf_debug_hm_terminate     10054e30 f   sfc_debugmsvc80:sfdb_handle_management.obj
 0001:00053e90       _sf_debug_hm_initialize_machine 10054e90 f   sfc_debugmsvc80:sfdb_handle_management.obj
 0001:00054500       _sf_debug_st_initialize_machine 10055500 f   sfc_debugmsvc80:sfdb_data_browse.obj
 0001:000545b0       _sf_debug_st_initialize_instance 100555b0 f   sfc_debugmsvc80:sfdb_data_browse.obj
 0001:00054770       _sf_debug_st_terminate     10055770 f   sfc_debugmsvc80:sfdb_data_browse.obj
 0001:000548d0       _sf_debug_st_set_data_value_ptr_in_machine 100558d0 f   sfc_debugmsvc80:sfdb_data_browse.obj
 0001:00054940       _sf_debug_st_set_data_value_ptr_in_instance 10055940 f   sfc_debugmsvc80:sfdb_data_browse.obj
 0001:000549f0       _sf_debug_st_unset_data_value_ptr_in_machine 100559f0 f   sfc_debugmsvc80:sfdb_data_browse.obj
 0001:00054a50       _sf_debug_st_unset_data_value_ptr_in_instance 10055a50 f   sfc_debugmsvc80:sfdb_data_browse.obj
 0001:00054d60       _sf_debug_mx_value         10055d60 f   sfc_debugmsvc80:sfdb_data_browse.obj
 0001:00054db0       _sf_debug_mx_packed_vector 10055db0 f   sfc_debugmsvc80:sfdb_data_browse.obj
 0001:00054e50       _sf_debug_mx_uint_vector   10055e50 f   sfc_debugmsvc80:sfdb_data_browse.obj
 0001:00054ed0       _sf_debug_st_get_double_value_from_void_ptr_vector 10055ed0 f   sfc_debugmsvc80:sfdb_data_browse.obj
 0001:000556d0       _sf_debug_st_browse_data   100566d0 f   sfc_debugmsvc80:sfdb_data_browse.obj
 0001:00055cd0       _sf_debug_ss_initialize    10056cd0 f   sfc_debugmsvc80:sfdb_symbol_scope.obj
 0001:00055cf0       _sf_debug_ss_terminate     10056cf0 f   sfc_debugmsvc80:sfdb_symbol_scope.obj
 0001:00055d70       _sf_debug_ss_push_symbol_scope 10056d70 f   sfc_debugmsvc80:sfdb_symbol_scope.obj
 0001:00055e30       _sf_debug_ss_push_symbol_scope_eml 10056e30 f   sfc_debugmsvc80:sfdb_symbol_scope.obj
 0001:00055e80       _sf_debug_ss_pop_symbol_scope 10056e80 f   sfc_debugmsvc80:sfdb_symbol_scope.obj
 0001:00055f10       _sf_debug_ss_add_symbol    10056f10 f   sfc_debugmsvc80:sfdb_symbol_scope.obj
 0001:00055ff0       _sf_debug_ss_add_symbol_eml 10056ff0 f   sfc_debugmsvc80:sfdb_symbol_scope.obj
 0001:00056a90       _sf_debug_ss_watch_data    10057a90 f   sfc_debugmsvc80:sfdb_symbol_scope.obj
 0001:000571d0       _get_data_entry_name       100581d0 f   sfc_debugmsvc80:sfdb_symbol_scope.obj
 0001:00057220       _sf_debug_ss_whos          10058220 f   sfc_debugmsvc80:sfdb_symbol_scope.obj
 0001:000576b0       _sf_debug_cc_initialize_chart 100586b0 f   sfc_debugmsvc80:sfdb_coverage.obj
 0001:00058080       _sf_debug_cc_initialize_instance 10059080 f   sfc_debugmsvc80:sfdb_coverage.obj
 0001:00058c90       _sf_debug_cc_terminate     10059c90 f   sfc_debugmsvc80:sfdb_coverage.obj
 0001:00058d60       _sf_debug_cc_set_transition_maps 10059d60 f   sfc_debugmsvc80:sfdb_coverage.obj
 0001:00058e60       _sf_debug_cc_set_state_maps 10059e60 f   sfc_debugmsvc80:sfdb_coverage.obj
 0001:00058f30       _sf_debug_cc_set_transition_weights 10059f30 f   sfc_debugmsvc80:sfdb_coverage.obj
 0001:00059150       _sf_debug_cc_set_state_weights 1005a150 f   sfc_debugmsvc80:sfdb_coverage.obj
 0001:00059390       _sf_debug_cc_mark_transition_guard 1005a390 f   sfc_debugmsvc80:sfdb_coverage.obj
 0001:00059410       _sf_debug_cc_mark_transition_trigger 1005a410 f   sfc_debugmsvc80:sfdb_coverage.obj
 0001:00059490       _sf_debug_cc_mark_transition_decision 1005a490 f   sfc_debugmsvc80:sfdb_coverage.obj
 0001:000594f0       _sf_debug_cc_mark_transition_condition_action 1005a4f0 f   sfc_debugmsvc80:sfdb_coverage.obj
 0001:00059540       _sf_debug_cc_mark_transition_transition_action 1005a540 f   sfc_debugmsvc80:sfdb_coverage.obj
 0001:00059590       _sf_debug_cc_mark_state_entry 1005a590 f   sfc_debugmsvc80:sfdb_coverage.obj
 0001:000595e0       _sf_debug_cc_mark_state_during 1005a5e0 f   sfc_debugmsvc80:sfdb_coverage.obj
 0001:00059630       _sf_debug_cc_mark_state_exit 1005a630 f   sfc_debugmsvc80:sfdb_coverage.obj
 0001:00059c40       _sf_debug_cc_get_coverage  1005ac40 f   sfc_debugmsvc80:sfdb_coverage.obj
 0001:0005a0b0       _sf_debug_bm_clear_script_breakpoints 1005b0b0 f   sfc_debugmsvc80:sfdb_breakpoints.obj
 0001:0005a0f0       _sf_debug_bm_set_script_breakpoint 1005b0f0 f   sfc_debugmsvc80:sfdb_breakpoints.obj
 0001:0005a160       _sf_debug_bm_clear_single_script_breakpoint 1005b160 f   sfc_debugmsvc80:sfdb_breakpoints.obj
 0001:0005a1d0       _sf_debug_bm_query_script_breakpoint 1005b1d0 f   sfc_debugmsvc80:sfdb_breakpoints.obj
 0001:0005a220       _sf_debug_bm_initialize_scripts 1005b220 f   sfc_debugmsvc80:sfdb_breakpoints.obj
 0001:0005a7c0       _sf_debug_bm_terminate     1005b7c0 f   sfc_debugmsvc80:sfdb_breakpoints.obj
 0001:0005aa80       _sf_debug_bm_remove_all_breakpoints_in_machine 1005ba80 f   sfc_debugmsvc80:sfdb_breakpoints.obj
 0001:0005aad0       _sf_debug_bm_remove_all_breakpoints_in_chart 1005bad0 f   sfc_debugmsvc80:sfdb_breakpoints.obj
 0001:0005ac00       _sf_debug_bm_initialize_global_breakpoints 1005bc00 f   sfc_debugmsvc80:sfdb_breakpoints.obj
 0001:0005adb0       _sf_debug_bm_set_breakpoint 1005bdb0 f   sfc_debugmsvc80:sfdb_breakpoints.obj
 0001:0005b320       _sf_debug_bm_set_eml_breakpoint 1005c320 f   sfc_debugmsvc80:sfdb_breakpoints.obj
 0001:0005b3a0       _sf_debug_bm_initialize_machine_breakpoint_map 1005c3a0 f   sfc_debugmsvc80:sfdb_breakpoints.obj
 0001:0005b740       _sf_debug_bm_is_a_breakpoint 1005c740 f   sfc_debugmsvc80:sfdb_breakpoints.obj
 0001:0005bbb0       _sf_debug_bm_get_all_breakpoints_in_machine 1005cbb0 f   sfc_debugmsvc80:sfdb_breakpoints.obj
 0001:0005be50       _sf_debug_bm_get_all_breakpoints_in_chart 1005ce50 f   sfc_debugmsvc80:sfdb_breakpoints.obj
 0001:0005c880       _sf_debug_bm_initialize_machine 1005d880 f   sfc_debugmsvc80:sfdb_breakpoints.obj
 0001:0005c920       _sf_debug_bm_initialize_chart 1005d920 f   sfc_debugmsvc80:sfdb_breakpoints.obj
 0001:0005ccb0       _sf_debug_sc_terminate     1005dcb0 f   sfc_debugmsvc80:sfdb_state_consistency.obj
 0001:0005cf30       _sf_debug_sc_is_chart_consistent 1005df30 f   sfc_debugmsvc80:sfdb_state_consistency.obj
 0001:0005d110       _sf_debug_sc_get_consistency_error_info 1005e110 f   sfc_debugmsvc80:sfdb_state_consistency.obj
 0001:0005d470       _sf_debug_tm_terminate     1005e470 f   sfc_debugmsvc80:sfdb_call_stack.obj
 0001:0005d510       _sf_debug_tm_push_chart_instance 1005e510 f   sfc_debugmsvc80:sfdb_call_stack.obj
 0001:0005d640       _sf_debug_tm_pop_chart_instance 1005e640 f   sfc_debugmsvc80:sfdb_call_stack.obj
 0001:0005d6a0       _sf_debug_tm_push_trace_node 1005e6a0 f   sfc_debugmsvc80:sfdb_call_stack.obj
 0001:0005d7b0       _sf_debug_tm_pop_trace_node 1005e7b0 f   sfc_debugmsvc80:sfdb_call_stack.obj
 0001:0005d830       _sf_debug_tm_get_current_global_trace_index 1005e830 f   sfc_debugmsvc80:sfdb_call_stack.obj
 0001:0005d850       _sf_debug_tm_get_current_local_trace_index 1005e850 f   sfc_debugmsvc80:sfdb_call_stack.obj
 0001:0005d880       _sf_debug_tm_set_cycle_detected_flag 1005e880 f   sfc_debugmsvc80:sfdb_call_stack.obj
 0001:0005d8d0       _sf_debug_tm_set_cycle_started_flag 1005e8d0 f   sfc_debugmsvc80:sfdb_call_stack.obj
 0001:0005d920       _sf_debug_tm_get_chart_number_from_stack 1005e920 f   sfc_debugmsvc80:sfdb_call_stack.obj
 0001:0005dac0       _sf_debug_tm_browse_trace  1005eac0 f   sfc_debugmsvc80:sfdb_call_stack.obj
 0001:0005dd30       _sf_debug_cd_initialize_instance 1005ed30 f   sfc_debugmsvc80:sfdb_cycle_detection.obj
 0001:0005df60       _sf_debug_cd_mark_processed_transition_in_instance 1005ef60 f   sfc_debugmsvc80:sfdb_cycle_detection.obj
 0001:0005dfe0       _sf_debug_cd_checksum_push 1005efe0 f   sfc_debugmsvc80:sfdb_cycle_detection.obj
 0001:0005e2e0       _sf_debug_cd_checksum_pop  1005f2e0 f   sfc_debugmsvc80:sfdb_cycle_detection.obj
 0001:0005e340       _sf_debug_cd_turn_off_cycle_detection 1005f340 f   sfc_debugmsvc80:sfdb_cycle_detection.obj
 0001:0005e390       _sf_debug_cd_terminate     1005f390 f   sfc_debugmsvc80:sfdb_cycle_detection.obj
 0001:0005e560       _md5_initialize_state      1005f560 f   sfc_debugmsvc80:ckmd5.obj
 0001:0005edf0       _md5_update_state          1005fdf0 f   sfc_debugmsvc80:ckmd5.obj
 0001:0005ee10       _md5_get_hash              1005fe10 f   sfc_debugmsvc80:ckmd5.obj
 0001:0005ee30       _md5_get_hash_for_a_single_string 1005fe30 f   sfc_debugmsvc80:ckmd5.obj
 0001:0005ee9a       _mxGetPr                   1005fe9a f   libmx:libmx.dll
 0001:0005eea0       _mxCreateDoubleScalar      1005fea0 f   libmx:libmx.dll
 0001:0005eea6       _mxSetField_730            1005fea6 f   libmx:libmx.dll
 0001:0005eeac       _mxCreateDoubleMatrix_730  1005feac f   libmx:libmx.dll
 0001:0005eeb2       _mxCreateStructMatrix_730  1005feb2 f   libmx:libmx.dll
 0001:0005eeb8       _mxDestroyArray            1005feb8 f   libmx:libmx.dll
 0001:0005eebe       _mxCreateString            1005febe f   libmx:libmx.dll
 0001:0005eec4       _mxDuplicateArray          1005fec4 f   libmx:libmx.dll
 0001:0005eeca       _mxGetString_730           1005feca f   libmx:libmx.dll
 0001:0005eed0       _mxIsChar                  1005fed0 f   libmx:libmx.dll
 0001:0005eed6       _mxGetClassID              1005fed6 f   libmx:libmx.dll
 0001:0005eedc       _mxIsNumeric               1005fedc f   libmx:libmx.dll
 0001:0005eee2       _mxIsComplex               1005fee2 f   libmx:libmx.dll
 0001:0005eee8       _mxGetN                    1005fee8 f   libmx:libmx.dll
 0001:0005eeee       _mxGetM                    1005feee f   libmx:libmx.dll
 0001:0005eef4       _mxCalloc                  1005fef4 f   libmx:libmx.dll
 0001:0005eefa       _mxGetScalar               1005fefa f   libmx:libmx.dll
 0001:0005ef00       _mxIsLogical               1005ff00 f   libmx:libmx.dll
 0001:0005ef06       _mxCreateDoubleMatrix_700  1005ff06 f   libmx:libmx.dll
 0001:0005ef0c       _mxFree                    1005ff0c f   libmx:libmx.dll
 0001:0005ef12       _mxArrayToString           1005ff12 f   libmx:libmx.dll
 0001:0005ef18       _mxCreateCellMatrix_700    1005ff18 f   libmx:libmx.dll
 0001:0005ef1e       _mxSetCell_700             1005ff1e f   libmx:libmx.dll
 0001:0005ef24       _mxGetCell_700             1005ff24 f   libmx:libmx.dll
 0001:0005ef2a       _mxGetClassName            1005ff2a f   libmx:libmx.dll
 0001:0005ef30       _mxSetField_700            1005ff30 f   libmx:libmx.dll
 0001:0005ef36       _mxAddField                1005ff36 f   libmx:libmx.dll
 0001:0005ef3c       _mxGetField_700            1005ff3c f   libmx:libmx.dll
 0001:0005ef42       _mxGetNumberOfElements     1005ff42 f   libmx:libmx.dll
 0001:0005ef48       _mxIsStruct                1005ff48 f   libmx:libmx.dll
 0001:0005ef4e       _mxIsClass                 1005ff4e f   libmx:libmx.dll
 0001:0005ef54       _mxGetLogicals             1005ff54 f   libmx:libmx.dll
 0001:0005ef5a       _mxIsSparse                1005ff5a f   libmx:libmx.dll
 0001:0005ef60       _mxSetFieldByNumber_700    1005ff60 f   libmx:libmx.dll
 0001:0005ef66       _mxGetFieldByNumber_700    1005ff66 f   libmx:libmx.dll
 0001:0005ef6c       _mxGetFieldNameByNumber    1005ff6c f   libmx:libmx.dll
 0001:0005ef72       _mxGetNumberOfFields       1005ff72 f   libmx:libmx.dll
 0001:0005ef78       _mxCreateStructMatrix_700  1005ff78 f   libmx:libmx.dll
 0001:0005ef7e       _mxGetFieldNumber          1005ff7e f   libmx:libmx.dll
 0001:0005ef84       _mxIsNaN                   1005ff84 f   libmx:libmx.dll
 0001:0005ef8a       _mxIsEmpty                 1005ff8a f   libmx:libmx.dll
 0001:0005ef90       _mxGetData                 1005ff90 f   libmx:libmx.dll
 0001:0005ef96       _mxGetImagData             1005ff96 f   libmx:libmx.dll
 0001:0005ef9c       _mxArrayClassIDName        1005ff9c f   libmx:libmx.dll
 0001:0005efa2       _mxCreateNumericMatrix_700 1005ffa2 f   libmx:libmx.dll
 0001:0005efa8       _mxCreateStructArray_700   1005ffa8 f   libmx:libmx.dll
 0001:0005efae       _mxCalcSingleSubscript_700 1005ffae f   libmx:libmx.dll
 0001:0005efb4       _mxGetDimensions_700       1005ffb4 f   libmx:libmx.dll
 0001:0005efba       _mxGetNumberOfDimensions_700 1005ffba f   libmx:libmx.dll
 0001:0005efc0       _mxCreateNumericArray_700  1005ffc0 f   libmx:libmx.dll
 0001:0005efc6       _mxGetElementSize          1005ffc6 f   libmx:libmx.dll
 0001:0005efcc       _mxGetString_700           1005ffcc f   libmx:libmx.dll
 0001:0005efd2       _mxIsLogicalScalarTrue     1005ffd2 f   libmx:libmx.dll
 0001:0005efd8       _mxCreateLogicalScalar     1005ffd8 f   libmx:libmx.dll
 0001:0005efde       _mexUnlock                 1005ffde f   libmex:libmex.dll
 0001:0005efe4       _mexIsLocked               1005ffe4 f   libmex:libmex.dll
 0001:0005efea       _mexWarnMsgTxt             1005ffea f   libmex:libmex.dll
 0001:0005eff0       _mexCallMATLAB             1005fff0 f   libmex:libmex.dll
 0001:0005eff6       _mexErrMsgTxt              1005fff6 f   libmex:libmex.dll
 0001:0005effc       _mexSetTrapFlag            1005fffc f   libmex:libmex.dll
 0001:0005f002       _mexMakeArrayPersistent    10060002 f   libmex:libmex.dll
 0001:0005f008       _mexPutVariable            10060008 f   libmex:libmex.dll
 0001:0005f00e       _mexGetVariable            1006000e f   libmex:libmex.dll
 0001:0005f014       _mexLock                   10060014 f   libmex:libmex.dll
 0001:0005f01a       _mexMakeMemoryPersistent   1006001a f   libmex:libmex.dll
 0001:0005f020       _mexFunctionName           10060020 f   libmex:libmex.dll
 0001:0005f026       _ssRegisterDataTypeFxpFSlopeFixExpBias 10060026 f   libfixedpoint:libfixedpoint.dll
 0001:0005f02c       _utVSNprintf               1006002c f   libut:libut.dll
 0001:0005f032       _utCPUtime                 10060032 f   libut:libut.dll
 0001:0005f038       _utFree                    10060038 f   libut:libut.dll
 0001:0005f03e       _utMalloc                  1006003e f   libut:libut.dll
 0001:0005f044       _emlrtCheckBuiltInR2009a   10060044 f   libemlrt:libemlrt.dll
 0001:0005f04a       _emlrtCheckVsBuiltInR2009a 1006004a f   libemlrt:libemlrt.dll
 0001:0005f050       _emlrtCheckEnumR2009a      10060050 f   libemlrt:libemlrt.dll
 0001:0005f056       _emlrtCreateEnumR2010a     10060056 f   libemlrt:libemlrt.dll
 0001:0005f05c       _emlrtGetEnumElementR2009a 1006005c f   libemlrt:libemlrt.dll
 0001:0005f062       _emlrtImportVsFiArrayR2009b 10060062 f   libemlrt:libemlrt.dll
 0001:0005f068       _emlrtGetEnumUnderlyingArrayR2009a 10060068 f   libemlrt:libemlrt.dll
 0001:0005f06e       _emlrtIsEnumR2009a         1006006e f   libemlrt:libemlrt.dll
 0001:0005f080       _memset                    10060080 f   MSVCRT:MSVCR90.dll
 0001:0005f086       _malloc                    10060086 f   MSVCRT:MSVCR90.dll
 0001:0005f08c       _free                      1006008c f   MSVCRT:MSVCR90.dll
 0001:0005f092       _strcmp                    10060092 f   MSVCRT:MSVCR90.dll
 0001:0005f098       @__security_check_cookie@4 10060098 f   MSVCRT:secchk.obj
 0001:0005f0a8       _sprintf                   100600a8 f   MSVCRT:MSVCR90.dll
 0001:0005f0ae       _strlen                    100600ae f   MSVCRT:MSVCR90.dll
 0001:0005f0b4       _strcat                    100600b4 f   MSVCRT:MSVCR90.dll
 0001:0005f0c0       __ftol2_sse                100600c0 f   MSVCRT:ftol2.obj
 0001:0005f0c9       __ftol2_pentium4           100600c9 f   MSVCRT:ftol2.obj
 0001:0005f0dc       __ftol2_sse_excpt          100600dc f   MSVCRT:ftol2.obj
 0001:0005f0f6       __ftol2                    100600f6 f   MSVCRT:ftol2.obj
 0001:0005f16c       _memcpy                    1006016c f   MSVCRT:MSVCR90.dll
 0001:0005f172       _NtCurrentTeb              10060172 f i MSVCRT:crtdll.obj
 0001:0005f1c8       __CRT_INIT@12              100601c8 f   MSVCRT:crtdll.obj
 0001:0005f504       __DllMainCRTStartup@12     10060504 f   MSVCRT:crtdll.obj
 0001:0005f528       _strncpy                   10060528 f   MSVCRT:MSVCR90.dll
 0001:0005f530       __chkstk                   10060530 f   MSVCRT:chkstk.obj
 0001:0005f530       __alloca_probe             10060530     MSVCRT:chkstk.obj
 0001:0005f55c       _longjmp                   1006055c f   MSVCRT:MSVCR90.dll
 0001:0005f562       _strncmp                   10060562 f   MSVCRT:MSVCR90.dll
 0001:0005f568       _ceil                      10060568 f   MSVCRT:MSVCR90.dll
 0001:0005f56e       _strrchr                   1006056e f   MSVCRT:MSVCR90.dll
 0001:0005f574       __setjmp3                  10060574 f   MSVCRT:MSVCR90.dll
 0001:0005f57a       _calloc                    1006057a f   MSVCRT:MSVCR90.dll
 0001:0005f580       _realloc                   10060580 f   MSVCRT:MSVCR90.dll
 0001:0005f586       _ldexp                     10060586 f   MSVCRT:MSVCR90.dll
 0001:0005f58c       ___report_gsfailure        1006058c f   MSVCRT:gs_report.obj
 0001:0005f6e2       __get_sse2_info            100606e2 f   MSVCRT:cpu_disp.obj
 0001:0005f744       ___sse2_available_init     10060744 f   MSVCRT:cpu_disp.obj
 0001:0005f751       ___clean_type_info_names   10060751 f   MSVCRT:tncleanup.obj
 0001:0005f75d       __onexit                   1006075d f   MSVCRT:atonexit.obj
 0001:0005f802       _atexit                    10060802 f   MSVCRT:atonexit.obj
 0001:0005f819       __RTC_Initialize           10060819 f   MSVCRT:_initsect_.obj
 0001:0005f83f       __RTC_Terminate            1006083f f   MSVCRT:_initsect_.obj
 0001:0005f866       __encode_pointer           10060866 f   MSVCRT:MSVCR90.dll
 0001:0005f86c       __malloc_crt               1006086c f   MSVCRT:MSVCR90.dll
 0001:0005f872       __encoded_null             10060872 f   MSVCRT:MSVCR90.dll
 0001:0005f878       __decode_pointer           10060878 f   MSVCRT:MSVCR90.dll
 0001:0005f880       __ValidateImageBase        10060880 f   MSVCRT:pesect.obj
 0001:0005f8c0       __FindPESection            100608c0 f   MSVCRT:pesect.obj
 0001:0005f910       __IsNonwritableInCurrentImage 10060910 f   MSVCRT:pesect.obj
 0001:0005f9ce       __initterm                 100609ce f   MSVCRT:MSVCR90.dll
 0001:0005f9d4       __initterm_e               100609d4 f   MSVCRT:MSVCR90.dll
 0001:0005f9da       __amsg_exit                100609da f   MSVCRT:MSVCR90.dll
 0001:0005f9e0       ___CppXcptFilter           100609e0 f   MSVCRT:MSVCR90.dll
 0001:0005f9e6       _DllMain@12                100609e6 f   MSVCRT:dllmain.obj
 0001:0005fa0c       __SEH_prolog4              10060a0c f   MSVCRT:sehprolg4.obj
 0001:0005fa51       __SEH_epilog4              10060a51 f   MSVCRT:sehprolg4.obj
 0001:0005fa65       __except_handler4          10060a65 f   MSVCRT:chandler4gs.obj
 0001:0005fa8a       ___security_init_cookie    10060a8a f   MSVCRT:gs_support.obj
 0001:0005fb20       __crt_debugger_hook        10060b20 f   MSVCRT:MSVCR90.dll
 0001:0005fb26       ___clean_type_info_names_internal 10060b26 f   MSVCRT:MSVCR90.dll
 0001:0005fb2c       __unlock                   10060b2c f   MSVCRT:MSVCR90.dll
 0001:0005fb32       ___dllonexit               10060b32 f   MSVCRT:MSVCR90.dll
 0001:0005fb38       __lock                     10060b38 f   MSVCRT:MSVCR90.dll
 0001:0005fb3e       __except_handler4_common   10060b3e f   MSVCRT:MSVCR90.dll
 0001:0005fb44       _InterlockedExchange@8     10060b44 f   kernel32:KERNEL32.dll
 0001:0005fb4a       _Sleep@4                   10060b4a f   kernel32:KERNEL32.dll
 0001:0005fb50       _InterlockedCompareExchange@12 10060b50 f   kernel32:KERNEL32.dll
 0001:0005fb56       _TerminateProcess@8        10060b56 f   kernel32:KERNEL32.dll
 0001:0005fb5c       _GetCurrentProcess@0       10060b5c f   kernel32:KERNEL32.dll
 0001:0005fb62       _UnhandledExceptionFilter@4 10060b62 f   kernel32:KERNEL32.dll
 0001:0005fb68       _SetUnhandledExceptionFilter@4 10060b68 f   kernel32:KERNEL32.dll
 0001:0005fb6e       _IsDebuggerPresent@0       10060b6e f   kernel32:KERNEL32.dll
 0001:0005fb74       _DisableThreadLibraryCalls@4 10060b74 f   kernel32:KERNEL32.dll
 0001:0005fb7a       _QueryPerformanceCounter@4 10060b7a f   kernel32:KERNEL32.dll
 0001:0005fb80       _GetTickCount@0            10060b80 f   kernel32:KERNEL32.dll
 0001:0005fb86       _GetCurrentThreadId@0      10060b86 f   kernel32:KERNEL32.dll
 0001:0005fb8c       _GetCurrentProcessId@0     10060b8c f   kernel32:KERNEL32.dll
 0001:0005fb92       _GetSystemTimeAsFileTime@4 10060b92 f   kernel32:KERNEL32.dll
 0002:00000000       __imp__GetSystemTimeAsFileTime@4 10061000     kernel32:KERNEL32.dll
 0002:00000004       __imp__GetCurrentProcessId@0 10061004     kernel32:KERNEL32.dll
 0002:00000008       __imp__GetCurrentThreadId@0 10061008     kernel32:KERNEL32.dll
 0002:0000000c       __imp__GetTickCount@0      1006100c     kernel32:KERNEL32.dll
 0002:00000010       __imp__QueryPerformanceCounter@4 10061010     kernel32:KERNEL32.dll
 0002:00000014       __imp__DisableThreadLibraryCalls@4 10061014     kernel32:KERNEL32.dll
 0002:00000018       __imp__IsDebuggerPresent@0 10061018     kernel32:KERNEL32.dll
 0002:0000001c       __imp__SetUnhandledExceptionFilter@4 1006101c     kernel32:KERNEL32.dll
 0002:00000020       __imp__UnhandledExceptionFilter@4 10061020     kernel32:KERNEL32.dll
 0002:00000024       __imp__GetCurrentProcess@0 10061024     kernel32:KERNEL32.dll
 0002:00000028       __imp__TerminateProcess@8  10061028     kernel32:KERNEL32.dll
 0002:0000002c       __imp__InterlockedCompareExchange@12 1006102c     kernel32:KERNEL32.dll
 0002:00000030       __imp__Sleep@4             10061030     kernel32:KERNEL32.dll
 0002:00000034       __imp__InterlockedExchange@8 10061034     kernel32:KERNEL32.dll
 0002:00000038       \177KERNEL32_NULL_THUNK_DATA 10061038     kernel32:KERNEL32.dll
 0002:0000003c       __imp___except_handler4_common 1006103c     MSVCRT:MSVCR90.dll
 0002:00000040       __imp___onexit             10061040     MSVCRT:MSVCR90.dll
 0002:00000044       __imp___lock               10061044     MSVCRT:MSVCR90.dll
 0002:00000048       __imp____dllonexit         10061048     MSVCRT:MSVCR90.dll
 0002:0000004c       __imp___unlock             1006104c     MSVCRT:MSVCR90.dll
 0002:00000050       __imp____clean_type_info_names_internal 10061050     MSVCRT:MSVCR90.dll
 0002:00000054       __imp___crt_debugger_hook  10061054     MSVCRT:MSVCR90.dll
 0002:00000058       __imp____CppXcptFilter     10061058     MSVCRT:MSVCR90.dll
 0002:0000005c       __imp___adjust_fdiv        1006105c     MSVCRT:MSVCR90.dll
 0002:00000060       __imp___amsg_exit          10061060     MSVCRT:MSVCR90.dll
 0002:00000064       __imp___initterm_e         10061064     MSVCRT:MSVCR90.dll
 0002:00000068       __imp___initterm           10061068     MSVCRT:MSVCR90.dll
 0002:0000006c       __imp___decode_pointer     1006106c     MSVCRT:MSVCR90.dll
 0002:00000070       __imp___encoded_null       10061070     MSVCRT:MSVCR90.dll
 0002:00000074       __imp___malloc_crt         10061074     MSVCRT:MSVCR90.dll
 0002:00000078       __imp___encode_pointer     10061078     MSVCRT:MSVCR90.dll
 0002:0000007c       __imp__ldexp               1006107c     MSVCRT:MSVCR90.dll
 0002:00000080       __imp__realloc             10061080     MSVCRT:MSVCR90.dll
 0002:00000084       __imp__calloc              10061084     MSVCRT:MSVCR90.dll
 0002:00000088       __imp___setjmp3            10061088     MSVCRT:MSVCR90.dll
 0002:0000008c       __imp__strrchr             1006108c     MSVCRT:MSVCR90.dll
 0002:00000090       __imp__ceil                10061090     MSVCRT:MSVCR90.dll
 0002:00000094       __imp__strncmp             10061094     MSVCRT:MSVCR90.dll
 0002:00000098       __imp__longjmp             10061098     MSVCRT:MSVCR90.dll
 0002:0000009c       __imp__strncpy             1006109c     MSVCRT:MSVCR90.dll
 0002:000000a0       __imp__memcpy              100610a0     MSVCRT:MSVCR90.dll
 0002:000000a4       __imp__strcat              100610a4     MSVCRT:MSVCR90.dll
 0002:000000a8       __imp__strlen              100610a8     MSVCRT:MSVCR90.dll
 0002:000000ac       __imp__sprintf             100610ac     MSVCRT:MSVCR90.dll
 0002:000000b0       __imp__strcmp              100610b0     MSVCRT:MSVCR90.dll
 0002:000000b4       __imp__free                100610b4     MSVCRT:MSVCR90.dll
 0002:000000b8       __imp__malloc              100610b8     MSVCRT:MSVCR90.dll
 0002:000000bc       __imp__memset              100610bc     MSVCRT:MSVCR90.dll
 0002:000000c0       \177MSVCR90_NULL_THUNK_DATA 100610c0     MSVCRT:MSVCR90.dll
 0002:000000c4       __imp__emlrtIsEnumR2009a   100610c4     libemlrt:libemlrt.dll
 0002:000000c8       __imp__emlrtGetEnumUnderlyingArrayR2009a 100610c8     libemlrt:libemlrt.dll
 0002:000000cc       __imp__emlrtImportVsFiArrayR2009b 100610cc     libemlrt:libemlrt.dll
 0002:000000d0       __imp__emlrtGetEnumElementR2009a 100610d0     libemlrt:libemlrt.dll
 0002:000000d4       __imp__emlrtCreateEnumR2010a 100610d4     libemlrt:libemlrt.dll
 0002:000000d8       __imp__emlrtCheckVsBuiltInR2009a 100610d8     libemlrt:libemlrt.dll
 0002:000000dc       __imp__emlrtCheckEnumR2009a 100610dc     libemlrt:libemlrt.dll
 0002:000000e0       __imp__emlrtCheckBuiltInR2009a 100610e0     libemlrt:libemlrt.dll
 0002:000000e4       \177libemlrt_NULL_THUNK_DATA 100610e4     libemlrt:libemlrt.dll
 0002:000000e8       __imp__ssRegisterDataTypeFxpFSlopeFixExpBias 100610e8     libfixedpoint:libfixedpoint.dll
 0002:000000ec       \177libfixedpoint_NULL_THUNK_DATA 100610ec     libfixedpoint:libfixedpoint.dll
 0002:000000f0       __imp__mexSetTrapFlag      100610f0     libmex:libmex.dll
 0002:000000f4       __imp__mexWarnMsgTxt       100610f4     libmex:libmex.dll
 0002:000000f8       __imp__mexPutVariable      100610f8     libmex:libmex.dll
 0002:000000fc       __imp__mexErrMsgTxt        100610fc     libmex:libmex.dll
 0002:00000100       __imp__mexLock             10061100     libmex:libmex.dll
 0002:00000104       __imp__mexMakeMemoryPersistent 10061104     libmex:libmex.dll
 0002:00000108       __imp__mexFunctionName     10061108     libmex:libmex.dll
 0002:0000010c       __imp__mexGetVariable      1006110c     libmex:libmex.dll
 0002:00000110       __imp__mexCallMATLAB       10061110     libmex:libmex.dll
 0002:00000114       __imp__mexIsLocked         10061114     libmex:libmex.dll
 0002:00000118       __imp__mexUnlock           10061118     libmex:libmex.dll
 0002:0000011c       __imp__mexMakeArrayPersistent 1006111c     libmex:libmex.dll
 0002:00000120       \177libmex_NULL_THUNK_DATA 10061120     libmex:libmex.dll
 0002:00000124       __imp__mxIsStruct          10061124     libmx:libmx.dll
 0002:00000128       __imp__mxCreateDoubleScalar 10061128     libmx:libmx.dll
 0002:0000012c       __imp__mxSetField_730      1006112c     libmx:libmx.dll
 0002:00000130       __imp__mxCreateDoubleMatrix_730 10061130     libmx:libmx.dll
 0002:00000134       __imp__mxCreateStructMatrix_730 10061134     libmx:libmx.dll
 0002:00000138       __imp__mxCreateLogicalScalar 10061138     libmx:libmx.dll
 0002:0000013c       __imp__mxIsLogicalScalarTrue 1006113c     libmx:libmx.dll
 0002:00000140       __imp__mxGetString_700     10061140     libmx:libmx.dll
 0002:00000144       __imp__mxGetElementSize    10061144     libmx:libmx.dll
 0002:00000148       __imp__mxCreateNumericArray_700 10061148     libmx:libmx.dll
 0002:0000014c       __imp__mxGetNumberOfDimensions_700 1006114c     libmx:libmx.dll
 0002:00000150       __imp__mxGetDimensions_700 10061150     libmx:libmx.dll
 0002:00000154       __imp__mxCalcSingleSubscript_700 10061154     libmx:libmx.dll
 0002:00000158       __imp__mxCreateStructArray_700 10061158     libmx:libmx.dll
 0002:0000015c       __imp__mxCreateNumericMatrix_700 1006115c     libmx:libmx.dll
 0002:00000160       __imp__mxArrayClassIDName  10061160     libmx:libmx.dll
 0002:00000164       __imp__mxGetImagData       10061164     libmx:libmx.dll
 0002:00000168       __imp__mxGetData           10061168     libmx:libmx.dll
 0002:0000016c       __imp__mxIsEmpty           1006116c     libmx:libmx.dll
 0002:00000170       __imp__mxIsNaN             10061170     libmx:libmx.dll
 0002:00000174       __imp__mxGetFieldNumber    10061174     libmx:libmx.dll
 0002:00000178       __imp__mxCreateStructMatrix_700 10061178     libmx:libmx.dll
 0002:0000017c       __imp__mxGetNumberOfFields 1006117c     libmx:libmx.dll
 0002:00000180       __imp__mxGetFieldNameByNumber 10061180     libmx:libmx.dll
 0002:00000184       __imp__mxGetFieldByNumber_700 10061184     libmx:libmx.dll
 0002:00000188       __imp__mxSetFieldByNumber_700 10061188     libmx:libmx.dll
 0002:0000018c       __imp__mxIsSparse          1006118c     libmx:libmx.dll
 0002:00000190       __imp__mxGetLogicals       10061190     libmx:libmx.dll
 0002:00000194       __imp__mxIsClass           10061194     libmx:libmx.dll
 0002:00000198       __imp__mxGetPr             10061198     libmx:libmx.dll
 0002:0000019c       __imp__mxGetNumberOfElements 1006119c     libmx:libmx.dll
 0002:000001a0       __imp__mxGetField_700      100611a0     libmx:libmx.dll
 0002:000001a4       __imp__mxAddField          100611a4     libmx:libmx.dll
 0002:000001a8       __imp__mxSetField_700      100611a8     libmx:libmx.dll
 0002:000001ac       __imp__mxGetClassName      100611ac     libmx:libmx.dll
 0002:000001b0       __imp__mxGetCell_700       100611b0     libmx:libmx.dll
 0002:000001b4       __imp__mxSetCell_700       100611b4     libmx:libmx.dll
 0002:000001b8       __imp__mxCreateCellMatrix_700 100611b8     libmx:libmx.dll
 0002:000001bc       __imp__mxArrayToString     100611bc     libmx:libmx.dll
 0002:000001c0       __imp__mxFree              100611c0     libmx:libmx.dll
 0002:000001c4       __imp__mxCreateDoubleMatrix_700 100611c4     libmx:libmx.dll
 0002:000001c8       __imp__mxIsLogical         100611c8     libmx:libmx.dll
 0002:000001cc       __imp__mxGetScalar         100611cc     libmx:libmx.dll
 0002:000001d0       __imp__mxCalloc            100611d0     libmx:libmx.dll
 0002:000001d4       __imp__mxGetM              100611d4     libmx:libmx.dll
 0002:000001d8       __imp__mxGetN              100611d8     libmx:libmx.dll
 0002:000001dc       __imp__mxIsComplex         100611dc     libmx:libmx.dll
 0002:000001e0       __imp__mxIsNumeric         100611e0     libmx:libmx.dll
 0002:000001e4       __imp__mxGetClassID        100611e4     libmx:libmx.dll
 0002:000001e8       __imp__mxIsChar            100611e8     libmx:libmx.dll
 0002:000001ec       __imp__mxGetString_730     100611ec     libmx:libmx.dll
 0002:000001f0       __imp__mxDuplicateArray    100611f0     libmx:libmx.dll
 0002:000001f4       __imp__mxCreateString      100611f4     libmx:libmx.dll
 0002:000001f8       __imp__mxDestroyArray      100611f8     libmx:libmx.dll
 0002:000001fc       \177libmx_NULL_THUNK_DATA  100611fc     libmx:libmx.dll
 0002:00000200       __imp__utCPUtime           10061200     libut:libut.dll
 0002:00000204       __imp__utFree              10061204     libut:libut.dll
 0002:00000208       __imp__utMalloc            10061208     libut:libut.dll
 0002:0000020c       __imp__utVSNprintf         1006120c     libut:libut.dll
 0002:00000210       \177libut_NULL_THUNK_DATA  10061210     libut:libut.dll
 0002:00000214       ___xc_a                    10061214     MSVCRT:cinitexe.obj
 0002:00000218       ___xc_z                    10061218     MSVCRT:cinitexe.obj
 0002:0000021c       ___xi_a                    1006121c     MSVCRT:cinitexe.obj
 0002:00000228       ___xi_z                    10061228     MSVCRT:cinitexe.obj
 0002:00000320       __real@41d03516ff400000    10061320     c1_Dyno_IPT_2014.obj
 0002:00000328       __real@41c2ffd5a0800000    10061328     c1_Dyno_IPT_2014.obj
 0002:00000330       __real@41b9ca30b7000000    10061330     c1_Dyno_IPT_2014.obj
 0002:00000338       __real@41c8d479f0000000    10061338     c1_Dyno_IPT_2014.obj
 0002:00000340       __real@0000000000000000    10061340     c1_Dyno_IPT_2014.obj
 0002:00000348       __real@3ff0000000000000    10061348     c1_Dyno_IPT_2014.obj
 0002:00000350       __real@41ec6298ece00000    10061350     c1_Dyno_IPT_2014.obj
[...]
 0001:0003d340       _sf_mex_get_formatted_error_string 1003e340 f   sfc_mexmsvc80:sfc_mex.obj
 0001:0003d640       _sf_mex_destroy_array      1003e640 f   sfc_mexmsvc80:sfc_mex.obj
 0001:0003d7f0       _sfrtAddSize               1003e7f0 f   sfc_mexmsvc80:sfc_mex.obj
 0001:0003d8a0       _sfrtGenSizeString         1003e8a0 f   sfc_mexmsvc80:sfc_mex.obj
 0001:0003d8d0       _sfIsProperMatrix          1003e8d0 f   sfc_mexmsvc80:sfc_mex.obj
 0001:0003d900       _sfIsRowVector             1003e900 f   sfc_mexmsvc80:sfc_mex.obj
 0001:0003dbe0       _sf_mex_err                1003ebe0 f   sfc_mexmsvc80:sfc_mex.obj
 0001:0003dbf0       _sf_error_dimension_out_of_bound 1003ebf0 f   sfc_mexmsvc80:sfc_mex.obj
 0001:0003dc10       _sf_mex_check_and_set_actual_dimensions 1003ec10 f   sfc_mexmsvc80:sfc_mex.obj
 0001:0003e4a0       _size_mismatch_error       1003f4a0 f   sfc_mexmsvc80:sfc_mex.obj
 0001:0003eb10       _check_array_dimensions    1003fb10 f   sfc_mexmsvc80:sfc_mex.obj
 0001:0003eb60       _check_input_mxarray       1003fb60 f   sfc_mexmsvc80:sfc_mex.obj
 0001:0003f0f0       _sf_numeric_value_to_double 100400f0 f   sfc_mexmsvc80:sfc_mex.obj
 0001:0003f130       _ml_generic_out_of_bounds_check 10040130 f   sfc_mexmsvc80:sfc_mex.obj
 0001:0003f220       _ml_get_element_value_from_array 10040220 f   sfc_mexmsvc80:sfc_mex.obj
 0001:0003f5d0       __ml_generic_castability_check 100405d0 f   sfc_mexmsvc80:sfc_mex.obj
 0001:0003fa90       _ml_generic_castability_check 10040a90 f   sfc_mexmsvc80:sfc_mex.obj
 0001:0003faf0       _ml_check_mx_array_for_single_castability 10040af0 f   sfc_mexmsvc80:sfc_mex.obj
 0001:0003fc20       _ml_check_mx_array_for_logical_castability 10040c20 f   sfc_mexmsvc80:sfc_mex.obj
 0001:0003fc80       _ml_check_mx_array_for_int8_castability 10040c80 f   sfc_mexmsvc80:sfc_mex.obj
 0001:0003fd10       _ml_check_mx_array_for_uint8_castability 10040d10 f   sfc_mexmsvc80:sfc_mex.obj
 0001:0003fec0       _ml_check_mx_array_for_int16_castability 10040ec0 f   sfc_mexmsvc80:sfc_mex.obj
 0001:00040070       _ml_check_mx_array_for_uint16_castability 10041070 f   sfc_mexmsvc80:sfc_mex.obj
 0001:00040380       _ml_check_mx_array_for_int32_castability 10041380 f   sfc_mexmsvc80:sfc_mex.obj
 0001:00040660       _ml_check_mx_array_for_uint32_castability 10041660 f   sfc_mexmsvc80:sfc_mex.obj
 0001:00040970       _ml_check_mx_array_for_castability 10041970 f   sfc_mexmsvc80:sfc_mex.obj
 0001:00040ea0       _set_data_value            10041ea0 f   sfc_mexmsvc80:sfc_mex.obj
 0001:00041370       _get_data_value            10042370 f   sfc_mexmsvc80:sfc_mex.obj
 0001:00041470       _get_next_element_address  10042470 f   sfc_mexmsvc80:sfc_mex.obj
 0001:00041510       _sf_normalize_index        10042510 f   sfc_mexmsvc80:sfc_mex.obj
 0001:000417a0       _ml_array_index_bound_check 100427a0 f   sfc_mexmsvc80:sfc_mex.obj
 0001:00042040       _mx_value                  10043040 f   sfc_mexmsvc80:sfc_mex.obj
 0001:00042090       _sf_create_numeric_array   10043090 f   sfc_mexmsvc80:sfc_mex.obj
 0001:00042110       _sf_mex_assign_to_mx_array 10043110 f   sfc_mexmsvc80:sfc_mex.obj
 0001:00042340       _assign_from_mx_array      10043340 f   sfc_mexmsvc80:sfc_mex.obj
 0001:00042e00       _get_machine_and_chart_file_number 10043e00 f   sfc_mexmsvc80:sfc_sf.obj
 0001:00042ec0       _get_sfun_block_specialization 10043ec0 f   sfc_mexmsvc80:sfc_sf.obj
 0001:00042f20       _call_sf_machine_global_method_dispatcher 10043f20 f   sfc_mexmsvc80:sfc_sf.obj
 0001:000430a0       _mdl_zeroCrossings_processing 100440a0 f   sfc_mexmsvc80:sfc_sf.obj
 0001:00043150       _mdl_derivatives_processing 10044150 f   sfc_mexmsvc80:sfc_sf.obj
 0001:000433d0       _mdl_outputs_continuous_legacy 100443d0 f   sfc_mexmsvc80:sfc_sf.obj
 0001:00043450       _mdl_outputs_processing    10044450 f   sfc_mexmsvc80:sfc_sf.obj
 0001:000436b0       _mdl_enable_processing     100446b0 f   sfc_mexmsvc80:sfc_sf.obj
 0001:00043760       _mdl_disable_processing    10044760 f   sfc_mexmsvc80:sfc_sf.obj
 0001:00043dd0       _write_symbol_mapping      10044dd0 f   sfc_mexmsvc80:sfc_sf.obj
 0001:000443f0       _sf_call_output_fcn_enable_disable 100453f0 f   sfc_mexmsvc80:sfc_sf.obj
 0001:00044610       _set_dwork_information_from_mx_array 10045610 f   sfc_mexmsvc80:sfc_sf.obj
 0001:00044de0       _get_dwork_info_from_mat_file 10045de0 f   sfc_mexmsvc80:sfc_sf.obj
 0001:00044ec0       _ptr2mxStruct              10045ec0 f   sfc_mexmsvc80:sfc_sf.obj
 0001:000450e0       _SNPRINTF_WRAPPER          100460e0 f   sfc_debugmsvc80:sfcdebug.obj
 0001:00045100       _sf_debug_chart_instance_initialized_quick 10046100 f   sfc_debugmsvc80:sfcdebug.obj
 0001:00045110       _sf_debug_chart_instance_initialized 10046110 f   sfc_debugmsvc80:sfcdebug.obj
 0001:00045290       _sfrtAddSize               10046290 f   sfc_debugmsvc80:sfcdebug.obj
 0001:00045340       _sfrtGenSizeString         10046340 f   sfc_debugmsvc80:sfcdebug.obj
 0001:000457c0       _sf_debug_sim_status_listener 100467c0 f   sfc_debugmsvc80:sfcdebug.obj
 0001:00045c30       _sf_debug_form_mask_bits   10046c30 f   sfc_debugmsvc80:sfcdebug.obj
 0001:00045c70       _sf_debug_form_sf_data_type_offsets 10046c70 f   sfc_debugmsvc80:sfcdebug.obj
 0001:00045d00       _sf_debug_free_all         10046d00 f   sfc_debugmsvc80:sfcdebug.obj
 0001:00045e80       _sf_debug_append_debugger_context 10046e80 f   sfc_debugmsvc80:sfcdebug.obj
 0001:00046160       _local_strdup              10047160 f   sfc_debugmsvc80:sfcdebug.obj
 0001:00046d50       _sf_debug_em_terminate     10047d50 f   sfc_debugmsvc80:sfcdebug.obj
 0001:00046d90       _sf_debug_push_eml_function 10047d90 f   sfc_debugmsvc80:sfcdebug.obj
 0001:00046e20       _sf_debug_pop_eml_function 10047e20 f   sfc_debugmsvc80:sfcdebug.obj
 0001:000475e0       _sf_debug_get_machine_number_from_id_or_name 100485e0 f   sfc_debugmsvc80:sfcdebug.obj
 0001:00047740       _sf_debug_get_chart_number_from_id 10048740 f   sfc_debugmsvc80:sfcdebug.obj
 0001:00048060       _sf_debug_transfer_control_to_debugger_GUI 10049060 f   sfc_debugmsvc80:sfcdebug.obj
 0001:00048dc0       _sf_debug_scripts_rehash   10049dc0 f   sfc_debugmsvc80:sfcdebug.obj
 0001:00048f70       _sf_debug_get_script_line_count 10049f70 f   sfc_debugmsvc80:sfcdebug.obj
 0001:00049410       _cv_eml_state_cvId         1004a410 f   sfc_debugmsvc80:sfcdebug.obj
 0001:0004a0d0       _sf_debug_data_array_bounds_error 1004b0d0 f   sfc_debugmsvc80:sfcdebug.obj
 0001:0004a3e0       _sf_debug_runtime_error    1004b3e0 f   sfc_debugmsvc80:sfcdebug.obj
 0001:0004a580       _sf_debug_matlab_error     1004b580 f   sfc_debugmsvc80:sfcdebug.obj
 0001:0004a9b0       _sf_debug_data_value_error 1004b9b0 f   sfc_debugmsvc80:sfcdebug.obj
 0001:0004afb0       _sf_debug_data_loss_error  1004bfb0 f   sfc_debugmsvc80:sfcdebug.obj
 0001:0004b870       _call_cv_range_check       1004c870 f   sfc_debugmsvc80:sfcdebug.obj
 0001:0004bdf0       _sf_debug_invoke_cycle_detection_code 1004cdf0 f   sfc_debugmsvc80:sfcdebug.obj
 0001:0004c7b0       _sf_reset_debug_info_struct 1004d7b0 f   sfc_debugmsvc80:sfcdebug.obj
 0001:0004ce80       _cv_script_cvId            1004de80 f   sfc_debugmsvc80:sfcdebug.obj
 0001:0004d670       _sfc_api_chart_visible     1004e670 f   sfc_debugmsvc80:sfc_api.obj
 0001:0004d720       _sfc_api_active_instance   1004e720 f   sfc_debugmsvc80:sfc_api.obj
 0001:0004d7c0       _sfc_api_machine_load      1004e7c0 f   sfc_debugmsvc80:sfc_api.obj
 0001:0004d8c0       _sfc_api_debugger_alive    1004e8c0 f   sfc_debugmsvc80:sfc_api.obj
 0001:0004d8d0       _sfc_api_go                1004e8d0 f   sfc_debugmsvc80:sfc_api.obj
 0001:0004d8e0       _sfc_api_step_over         1004e8e0 f   sfc_debugmsvc80:sfc_api.obj
 0001:0004d8f0       _sfc_api_step_out          1004e8f0 f   sfc_debugmsvc80:sfc_api.obj
 0001:0004d900       _sfc_api_resume            1004e900 f   sfc_debugmsvc80:sfc_api.obj
 0001:0004d910       _sfc_api_break             1004e910 f   sfc_debugmsvc80:sfc_api.obj
 0001:0004d920       _sfc_api_stop_debugging    1004e920 f   sfc_debugmsvc80:sfc_api.obj
 0001:0004d970       _sfc_api_is_cycle_detected 1004e970 f   sfc_debugmsvc80:sfc_api.obj
 0001:0004d9c0       _sfc_api_is_array_bounds_detected 1004e9c0 f   sfc_debugmsvc80:sfc_api.obj
 0001:0004da10       _sfc_api_set_disable_all_breakpoints 1004ea10 f   sfc_debugmsvc80:sfc_api.obj
 0001:0004daa0       _sfc_api_disable_all_breakpoints_and_go 1004eaa0 f   sfc_debugmsvc80:sfc_api.obj
 0001:0004dab0       _sfc_api_close             1004eab0 f   sfc_debugmsvc80:sfc_api.obj
 0001:0004dac0       _sfc_api_browse_data       1004eac0 f   sfc_debugmsvc80:sfc_api.obj
 0001:0004db40       _sfc_api_watch_data        1004eb40 f   sfc_debugmsvc80:sfc_api.obj
 0001:0004dbc0       _sfc_api_whos              1004ebc0 f   sfc_debugmsvc80:sfc_api.obj
 0001:0004dc50       _sfc_api_get_consistency_info 1004ec50 f   sfc_debugmsvc80:sfc_api.obj
 0001:0004dc70       _sfc_api_browse_trace      1004ec70 f   sfc_debugmsvc80:sfc_api.obj
 0001:0004dc90       _sfc_api_break_on_chart_entry 1004ec90 f   sfc_debugmsvc80:sfc_api.obj
 0001:0004dcd0       _sfc_api_break_on_event_broadcast 1004ecd0 f   sfc_debugmsvc80:sfc_api.obj
 0001:0004dd10       _sfc_api_break_on_state_entry 1004ed10 f   sfc_debugmsvc80:sfc_api.obj
 0001:0004dd50       _sfc_api_set_watch         1004ed50 f   sfc_debugmsvc80:sfc_api.obj
 0001:0004de30       _sfc_api_set_breakpoints   1004ee30 f   sfc_debugmsvc80:sfc_api.obj
 0001:0004df10       _sfc_api_set_eml_breakpoints 1004ef10 f   sfc_debugmsvc80:sfc_api.obj
 0001:0004dfc0       _sfc_api_set_script_breakpoints 1004efc0 f   sfc_debugmsvc80:sfc_api.obj
 0001:0004e020       _sfc_api_add_script_breakpoints 1004f020 f   sfc_debugmsvc80:sfc_api.obj
 0001:0004e080       _sfc_api_clear_script_breakpoints 1004f080 f   sfc_debugmsvc80:sfc_api.obj
 0001:0004e0e0       _sfc_api_query_script_breakpoints 1004f0e0 f   sfc_debugmsvc80:sfc_api.obj
 0001:0004e150       _sfc_api_get_script_id     1004f150 f   sfc_debugmsvc80:sfc_api.obj
 0001:0004e1f0       _sfc_api_get_active_states 1004f1f0 f   sfc_debugmsvc80:sfc_api.obj
 0001:0004e260       _sfc_api_break_between_times 1004f260 f   sfc_debugmsvc80:sfc_api.obj
 0001:0004e2c0       _sfc_api_get_instance_handle 1004f2c0 f   sfc_debugmsvc80:sfc_api.obj
 0001:0004e3a0       _sfc_api_get_coverage      1004f3a0 f   sfc_debugmsvc80:sfc_api.obj
 0001:0004e410       _sfc_api_set_animation     1004f410 f   sfc_debugmsvc80:sfc_api.obj
 0001:0004e470       _sfc_api_select_chart      1004f470 f   sfc_debugmsvc80:sfc_api.obj
 0001:0004e500       _sfc_api_select_charts     1004f500 f   sfc_debugmsvc80:sfc_api.obj
 0001:0004e530       _sfc_api_cycle_detection_check 1004f530 f   sfc_debugmsvc80:sfc_api.obj
 0001:0004e590       _sfc_api_data_range_check  1004f590 f   sfc_debugmsvc80:sfc_api.obj
 0001:0004e5f0       _sfc_api_transition_conflict_check 1004f5f0 f   sfc_debugmsvc80:sfc_api.obj
 0001:0004e650       _sfc_api_state_consistency_check 1004f650 f   sfc_debugmsvc80:sfc_api.obj
 0001:0004e6b0       _sfc_api_set_instance_cv_ids 1004f6b0 f   sfc_debugmsvc80:sfc_api.obj
 0001:0004e7e0       _sfc_api_set_script_cv_ids 1004f7e0 f   sfc_debugmsvc80:sfc_api.obj
 0001:0004e880       _sfc_api_get_current_machine_id 1004f880 f   sfc_debugmsvc80:sfc_api.obj
 0001:0004e8b0       _sfc_api_get_current_machine_number 1004f8b0 f   sfc_debugmsvc80:sfc_api.obj
 0001:0004e8e0       _sfc_api_get_current_chart_number 1004f8e0 f   sfc_debugmsvc80:sfc_api.obj
 0001:0004e910       _sfc_api_get_current_instance_number 1004f910 f   sfc_debugmsvc80:sfc_api.obj
 0001:0004e940       _sfc_api_get_current_instance_handle 1004f940 f   sfc_debugmsvc80:sfc_api.obj
 0001:0004e960       _sfc_api_get_current_is_minor_time_step 1004f960 f   sfc_debugmsvc80:sfc_api.obj
 0001:0004e990       _sfc_api_get_current_machine_name 1004f990 f   sfc_debugmsvc80:sfc_api.obj
 0001:0004e9b0       _sfc_api_get_current_chart_id 1004f9b0 f   sfc_debugmsvc80:sfc_api.obj
 0001:0004e9e0       _sfc_api_get_current_object_type 1004f9e0 f   sfc_debugmsvc80:sfc_api.obj
 0001:0004ea10       _sfc_api_get_current_event_type 1004fa10 f   sfc_debugmsvc80:sfc_api.obj
 0001:0004ea40       _sfc_api_get_current_object_id 1004fa40 f   sfc_debugmsvc80:sfc_api.obj
 0001:0004ea70       _sfc_get_current_active_event_type 1004fa70 f   sfc_debugmsvc80:sfc_api.obj
 0001:0004eaa0       _sfc_api_get_current_active_event_id 1004faa0 f   sfc_debugmsvc80:sfc_api.obj
 0001:0004ead0       _sfc_api_get_current_simulation_time 1004fad0 f   sfc_debugmsvc80:sfc_api.obj
 0001:0004eaf0       _sfc_get_current_tag_type  1004faf0 f   sfc_debugmsvc80:sfc_api.obj
 0001:0004eb20       _sfc_get_current_coverage_percentage 1004fb20 f   sfc_debugmsvc80:sfc_api.obj
 0001:0004eb40       _sfc_get_current_statement_context 1004fb40 f   sfc_debugmsvc80:sfc_api.obj
 0001:0004eb60       _sfc_get_current_optional_integer 1004fb60 f   sfc_debugmsvc80:sfc_api.obj
 0001:0004eb90       _sfc_get_current_statement_info 1004fb90 f   sfc_debugmsvc80:sfc_api.obj
 0001:0004ec30       _sfc_api_get               1004fc30 f   sfc_debugmsvc80:sfc_api.obj
 0001:0004f630       _sf_debug_sm_fill_state_activity_data 10050630 f   sfc_debugmsvc80:sfdb_animation.obj
 0001:00051570       _sf_debug_hm_get_simulink_handle 10052570 f   sfc_debugmsvc80:sfdb_handle_management.obj
 0001:00051b60       _sf_debug_hm_initialize_globals 10052b60 f   sfc_debugmsvc80:sfdb_handle_management.obj
 0001:00051c50       _sf_debug_hm_get_machine_debug_flag 10052c50 f   sfc_debugmsvc80:sfdb_handle_management.obj
 0001:00051da0       _sf_debug_hm_get_machine_id 10052da0 f   sfc_debugmsvc80:sfdb_handle_management.obj
 0001:00051eb0       _sf_debug_hm_get_chart_id  10052eb0 f   sfc_debugmsvc80:sfdb_handle_management.obj
 0001:00052020       _sf_debug_hm_register_executing_SFunction 10053020 f   sfc_debugmsvc80:sfdb_handle_management.obj
 0001:00052170       _sf_debug_hm_get_chart_active_instance 10053170 f   sfc_debugmsvc80:sfdb_handle_management.obj
 0001:000522a0       _sf_debug_hm_get_chart_visibility 100532a0 f   sfc_debugmsvc80:sfdb_handle_management.obj
 0001:000523e0       _sf_debug_hm_form_object_boolean_properties 100533e0 f   sfc_debugmsvc80:sfdb_handle_management.obj
 0001:00052650       _sf_debug_hm_form_object_properties 10053650 f   sfc_debugmsvc80:sfdb_handle_management.obj
 0001:00052850       _sf_debug_hm_terminate_charts 10053850 f   sfc_debugmsvc80:sfdb_handle_management.obj
 0001:00052df0       _sf_debug_hm_terminate_machines 10053df0 f   sfc_debugmsvc80:sfdb_handle_management.obj
 0001:00054690       _void_ptr_stack_vector_free_total 10055690 f   sfc_debugmsvc80:sfdb_data_browse.obj
 0001:000546f0       _sf_debug_st_terminate_machine 100556f0 f   sfc_debugmsvc80:sfdb_data_browse.obj
 0001:00054720       _sf_debug_st_terminate_instance 10055720 f   sfc_debugmsvc80:sfdb_data_browse.obj
 0001:000548a0       _push_on_to_void_ptr_stack 100558a0 f   sfc_debugmsvc80:sfdb_data_browse.obj
 0001:000549d0       _pop_from_void_ptr_stack   100559d0 f   sfc_debugmsvc80:sfdb_data_browse.obj
 0001:00054ad0       _sf_debug_st_get_data_value 10055ad0 f   sfc_debugmsvc80:sfdb_data_browse.obj
 0001:00054f70       _mx_value                  10055f70 f   sfc_debugmsvc80:sfdb_data_browse.obj
 0001:00054fa0       _sf_debug_st_fill_data_struct 10055fa0 f   sfc_debugmsvc80:sfdb_data_browse.obj
 0001:00055270       _data_type_format_strings  10056270 f   sfc_debugmsvc80:sfdb_data_browse.obj
 0001:000552e0       _sf_debug_st_fill_data     100562e0 f   sfc_debugmsvc80:sfdb_data_browse.obj
 0001:00056070       _sf_debug_ss_copy_dimension 10057070 f   sfc_debugmsvc80:sfdb_symbol_scope.obj
 0001:000560e0       _sf_debug_ss_get_number_elements 100570e0 f   sfc_debugmsvc80:sfdb_symbol_scope.obj
 0001:00056100       _sf_debug_ss_fill_data_struct 10057100 f   sfc_debugmsvc80:sfdb_symbol_scope.obj
 0001:000562f0       _sf_debug_ss_reset_data_info 100572f0 f   sfc_debugmsvc80:sfdb_symbol_scope.obj
 0001:00056340       _sf_debug_fill_data_info_by_symbol_scope_entry 10057340 f   sfc_debugmsvc80:sfdb_symbol_scope.obj
 0001:000563e0       _sf_debug_fill_data_info_by_data_vector 100573e0 f   sfc_debugmsvc80:sfdb_symbol_scope.obj
 0001:000565a0       _sf_debug_ss_get_data_info 100575a0 f   sfc_debugmsvc80:sfdb_symbol_scope.obj
 0001:000567d0       _sf_debug_ss_get_data_value 100577d0 f   sfc_debugmsvc80:sfdb_symbol_scope.obj
 0001:00056b10       _sf_debug_ss_data_bytes_string 10057b10 f   sfc_debugmsvc80:sfdb_symbol_scope.obj
 0001:00056b80       _sf_debug_ss_data_class_string 10057b80 f   sfc_debugmsvc80:sfdb_symbol_scope.obj
 0001:00056ed0       _sf_debug_ss_data_size_string 10057ed0 f   sfc_debugmsvc80:sfdb_symbol_scope.obj
 0001:00056f90       _sf_debug_ss_data_create_data_info_struct 10057f90 f   sfc_debugmsvc80:sfdb_symbol_scope.obj
 0001:000570a0       _sf_debug_ss_data_create_name_value_pair 100580a0 f   sfc_debugmsvc80:sfdb_symbol_scope.obj
 0001:00057100       _sf_debug_ss_data_get_whos_info 10058100 f   sfc_debugmsvc80:sfdb_symbol_scope.obj
 0001:00057130       _same_named_data_in_data_array 10058130 f   sfc_debugmsvc80:sfdb_symbol_scope.obj
 0001:00058640       _sf_debug_cc_terminate_chart 10059640 f   sfc_debugmsvc80:sfdb_coverage.obj
 0001:00058920       _sf_debug_cc_terminate_instance 10059920 f   sfc_debugmsvc80:sfdb_coverage.obj
 0001:00059330       _sf_debug_cc_mark_object_if_needed 1005a330 f   sfc_debugmsvc80:sfdb_coverage.obj
 0001:00059680       _sf_debug_cc_fill_transition_coverage_data 1005a680 f   sfc_debugmsvc80:sfdb_coverage.obj
 0001:000597b0       _sf_debug_cc_fill_transition_coverage_map 1005a7b0 f   sfc_debugmsvc80:sfdb_coverage.obj
 0001:00059990       _sf_debug_cc_fill_state_coverage_map 1005a990 f   sfc_debugmsvc80:sfdb_coverage.obj
 0001:00059b30       _sf_debug_cc_fill_state_coverage_data 1005ab30 f   sfc_debugmsvc80:sfdb_coverage.obj
 0001:0005a4e0       _sf_debug_bm_initialize_eml 1005b4e0 f   sfc_debugmsvc80:sfdb_breakpoints.obj
 0001:0005b4d0       _sf_debug_bm_map_debug_tag_to_breakpoint_tag 1005c4d0 f   sfc_debugmsvc80:sfdb_breakpoints.obj
 0001:0005b570       _sf_debug_bm_is_a_eml_breakpoint_impl 1005c570 f   sfc_debugmsvc80:sfdb_breakpoints.obj
 0001:0005cb60       _sf_debug_sc_push_on_error_stack 1005db60 f   sfc_debugmsvc80:sfdb_state_consistency.obj
 0001:0005cc70       _sf_debug_sc_reset_error_stack 1005dc70 f   sfc_debugmsvc80:sfdb_state_consistency.obj
 0001:0005cdc0       _sf_debug_sc_is_state_inconsistent 1005ddc0 f   sfc_debugmsvc80:sfdb_state_consistency.obj
 0001:0005cfe0       _sf_debug_sc_fill_consistency_info 1005dfe0 f   sfc_debugmsvc80:sfdb_state_consistency.obj
 0001:0005d460       _void_assertion_fcn        1005e460 f   sfc_debugmsvc80:sfdb_call_stack.obj
 0001:0005d950       _sf_debug_tm_fill_local_trace 1005e950 f   sfc_debugmsvc80:sfdb_call_stack.obj
 0001:0005ddd0       _sf_debug_cd_terminate_instance 1005edd0 f   sfc_debugmsvc80:sfdb_cycle_detection.obj
 0001:0005de30       _sf_debug_cd_free_checksum_stack 1005ee30 f   sfc_debugmsvc80:sfdb_cycle_detection.obj
 0001:0005de60       _sf_debug_cd_reset_pack_strings 1005ee60 f   sfc_debugmsvc80:sfdb_cycle_detection.obj
 0001:0005e4b0       _md5file_clear             1005f4b0 f   sfc_debugmsvc80:ckmd5.obj
 0001:0005e4e0       _Encode                    1005f4e0 f   sfc_debugmsvc80:ckmd5.obj
 0001:0005e520       _Decode                    1005f520 f   sfc_debugmsvc80:ckmd5.obj
 0001:0005e5a0       _MD5Transform              1005f5a0 f   sfc_debugmsvc80:ckmd5.obj
 0001:0005ec60       _md5file_addn              1005fc60 f   sfc_debugmsvc80:ckmd5.obj
 0001:0005ed10       _md5file_hash              1005fd10 f   sfc_debugmsvc80:ckmd5.obj
 0001:0005f179       _pre_c_init                10060179 f   MSVCRT:crtdll.obj
 0001:0005f3ee       ___DllMainCRTStartup       100603ee f   MSVCRT:crtdll.obj
 0001:0005f692       _has_osfxsr_set            10060692 f   MSVCRT:cpu_disp.obj
