 Dyno_Fall_12_sfun

 Timestamp is 5066439b (Fri Sep 28 19:40:59 2012)

 Preferred load address is 10000000

 Start         Length     Name                   Class
 0001:00000000 000452f8H .text                   CODE
 0002:00000000 00000214H .idata$5                DATA
 0002:00000214 00000004H .CRT$XCA                DATA
 0002:00000218 00000004H .CRT$XCZ                DATA
 0002:0000021c 00000004H .CRT$XIA                DATA
 0002:00000220 00000004H .CRT$XIAA               DATA
 0002:00000224 00000004H .CRT$XIC                DATA
 0002:00000228 00000004H .CRT$XIZ                DATA
 0002:00000230 000044f0H .rdata                  DATA
 0002:00004720 00000004H .rdata$sxdata           DATA
 0002:00004724 00000004H .rtc$IAA                DATA
 0002:00004728 00000004H .rtc$IZZ                DATA
 0002:0000472c 00000004H .rtc$TAA                DATA
 0002:00004730 00000004H .rtc$TZZ                DATA
 0002:00004738 00000084H .xdata$x                DATA
 0002:000047bc 0000008cH .idata$2                DATA
 0002:00004848 00000014H .idata$3                DATA
 0002:0000485c 00000214H .idata$4                DATA
 0002:00004a70 0000094cH .idata$6                DATA
 0002:000053c0 00000057H .edata                  DATA
 0003:00000000 00005288H .data                   DATA
 0003:000052a0 000023ccH .bss                    DATA

  Address         Publics by Value              Rva+Base       Lib:Object

 0000:00000000       __except_list              00000000     <absolute>
 0000:00000001       ___safe_se_handler_count   00000001     <absolute>
 0000:00009876       __fltused                  00009876     <absolute>
 0000:00009876       __ldused                   00009876     <absolute>
 0000:00000000       ___ImageBase               10000000     <linker-defined>
 0001:00000000       _sf_c1_Dyno_Fall_12_get_eml_resolved_functions_info 10001000 f   c1_Dyno_Fall_12.obj
 0001:00000050       _sf_c1_Dyno_Fall_12_get_check_sum 10001050 f   c1_Dyno_Fall_12.obj
 0001:000000b0       _sf_c1_Dyno_Fall_12_get_autoinheritance_info 100010b0 f   c1_Dyno_Fall_12.obj
 0001:00000a20       _c1_Dyno_Fall_12_method_dispatcher 10001a20 f   c1_Dyno_Fall_12.obj
 0001:00005710       _sf_c2_Dyno_Fall_12_get_eml_resolved_functions_info 10006710 f   c2_Dyno_Fall_12.obj
 0001:00005760       _sf_c2_Dyno_Fall_12_get_check_sum 10006760 f   c2_Dyno_Fall_12.obj
 0001:000057c0       _sf_c2_Dyno_Fall_12_get_autoinheritance_info 100067c0 f   c2_Dyno_Fall_12.obj
 0001:000068d0       _c2_Dyno_Fall_12_method_dispatcher 100078d0 f   c2_Dyno_Fall_12.obj
 0001:00010530       _sf_c3_Dyno_Fall_12_get_eml_resolved_functions_info 10011530 f   c3_Dyno_Fall_12.obj
 0001:00010580       _sf_c3_Dyno_Fall_12_get_check_sum 10011580 f   c3_Dyno_Fall_12.obj
 0001:000105e0       _sf_c3_Dyno_Fall_12_get_autoinheritance_info 100115e0 f   c3_Dyno_Fall_12.obj
 0001:00011920       _c3_Dyno_Fall_12_method_dispatcher 10012920 f   c3_Dyno_Fall_12.obj
 0001:000168c0       _sf_c4_Dyno_Fall_12_get_eml_resolved_functions_info 100178c0 f   c4_Dyno_Fall_12.obj
 0001:00016910       _sf_c4_Dyno_Fall_12_get_check_sum 10017910 f   c4_Dyno_Fall_12.obj
 0001:00016970       _sf_c4_Dyno_Fall_12_get_autoinheritance_info 10017970 f   c4_Dyno_Fall_12.obj
 0001:000174f0       _c4_Dyno_Fall_12_method_dispatcher 100184f0 f   c4_Dyno_Fall_12.obj
 0001:0001dd00       _sf_process_check_sum_call 1001ed00 f   Dyno_Fall_12_sfun_registry.obj
 0001:0001dd30       _sf_process_autoinheritance_call 1001ed30 f   Dyno_Fall_12_sfun_registry.obj
 0001:0001dd60       _sf_process_get_eml_resolved_functions_info_call 1001ed60 f   Dyno_Fall_12_sfun_registry.obj
 0001:0001de80       _sf_mex_unlock_call        1001ee80 f   Dyno_Fall_12_sfun_registry.obj
 0001:0001df10       _sf_machine_global_initializer_called 1001ef10 f   Dyno_Fall_12_sfun_registry.obj
 0001:0001df30       _sf_machine_global_method_dispatcher 1001ef30 f   Dyno_Fall_12_sfun_registry.obj
 0001:0001df70       _sf_machine_global_terminator 1001ef70 f   Dyno_Fall_12_sfun_registry.obj
 0001:0001dfa0       _sf_register_machine_exported_symbols 1001efa0 f   Dyno_Fall_12_sfun_registry.obj
 0001:0001dfc0       _callCustomFcn             1001efc0 f   Dyno_Fall_12_sfun_registry.obj
 0001:0001dfd0       _sf_machine_global_initializer 1001efd0 f   Dyno_Fall_12_sfun_registry.obj
 0001:0001e030       __ssSetInputPortMatrixDimensions 1001f030 f   Dyno_Fall_12_sfun_registry.obj
 0001:0001e0e0       __ssSetOutputPortMatrixDimensions 1001f0e0 f   Dyno_Fall_12_sfun_registry.obj
 0001:0001e190       __ssSetInputPortVectorDimension 1001f190 f   Dyno_Fall_12_sfun_registry.obj
 0001:0001e210       __ssSetOutputPortVectorDimension 1001f210 f   Dyno_Fall_12_sfun_registry.obj
 0001:0001e290       _ssIsRunTimeParamTunable   1001f290 f   Dyno_Fall_12_sfun_registry.obj
 0001:0001e2f0       _ssGetSFuncBlockHandle     1001f2f0 f   Dyno_Fall_12_sfun_registry.obj
 0001:0001e340       __ssGetCurrentInputPortWidth 1001f340 f   Dyno_Fall_12_sfun_registry.obj
 0001:0001e410       __ssGetCurrentOutputPortWidth 1001f410 f   Dyno_Fall_12_sfun_registry.obj
 0001:0001e4e0       __ssGetCallSystemNumFcnCallDestinations 1001f4e0 f   Dyno_Fall_12_sfun_registry.obj
 0001:0001e540       _ssWarning                 1001f540 f   Dyno_Fall_12_sfun_registry.obj
 0001:0001e620       _ssSetIsInputPortUsedForContZcSignal 1001f620 f   Dyno_Fall_12_sfun_registry.obj
 0001:0001e670       _ssSetZcSignalIsZcElementDisc 1001f670 f   Dyno_Fall_12_sfun_registry.obj
 0001:0001e6d0       _ssSetZcSignalName         1001f6d0 f   Dyno_Fall_12_sfun_registry.obj
 0001:0001e720       _ssSetZcSignalWidth        1001f720 f   Dyno_Fall_12_sfun_registry.obj
 0001:0001e770       _ssSetZcSignalZcEventType  1001f770 f   Dyno_Fall_12_sfun_registry.obj
 0001:0001e7c0       _ssSetZcSignalType         1001f7c0 f   Dyno_Fall_12_sfun_registry.obj
 0001:0001e810       _ssSetZcSignalZcTol        1001f810 f   Dyno_Fall_12_sfun_registry.obj
 0001:0001e860       _ssSetZcSignalNeedsEventNotification 1001f860 f   Dyno_Fall_12_sfun_registry.obj
 0001:0001e8b0       _ssCreateAndAddZcSignalInfo 1001f8b0 f   Dyno_Fall_12_sfun_registry.obj
 0001:0001e910       _ssCloneAndAddZcSignalInfo 1001f910 f   Dyno_Fall_12_sfun_registry.obj
 0001:0001e970       _ssGetNumZcSignals         1001f970 f   Dyno_Fall_12_sfun_registry.obj
 0001:0001e9d0       _ssGetZcSignalVector       1001f9d0 f   Dyno_Fall_12_sfun_registry.obj
 0001:0001ea30       _ssGetZcSignalZcEvents     1001fa30 f   Dyno_Fall_12_sfun_registry.obj
 0001:0001ea90       _ssGetZcSignalName         1001fa90 f   Dyno_Fall_12_sfun_registry.obj
 0001:0001eaf0       _ssGetZcSignalWidth        1001faf0 f   Dyno_Fall_12_sfun_registry.obj
 0001:0001eb50       _ssGetZcSignalZcEventType  1001fb50 f   Dyno_Fall_12_sfun_registry.obj
 0001:0001ebb0       _ssGetZcSignalType         1001fbb0 f   Dyno_Fall_12_sfun_registry.obj
 0001:0001ec10       _ssGetZcSignalZcTol        1001fc10 f   Dyno_Fall_12_sfun_registry.obj
 0001:0001ec70       _ssGetZcSignalNeedsEventNotification 1001fc70 f   Dyno_Fall_12_sfun_registry.obj
 0001:0001ecd0       _ssGetZcSignalIsZcElementDisc 1001fcd0 f   Dyno_Fall_12_sfun_registry.obj
 0001:0001ed30       _ssGetIsInputPortElementContinuous 1001fd30 f   Dyno_Fall_12_sfun_registry.obj
 0001:0001ed90       __ssGetInputPortSignalPtrsFcn 1001fd90 f   Dyno_Fall_12_sfun_registry.obj
 0001:0001ef90       __ssGetInputPortSignalFcn  1001ff90 f   Dyno_Fall_12_sfun_registry.obj
 0001:0001f120       __ssSetInputPortDirectFeedThroughFcn 10020120 f   Dyno_Fall_12_sfun_registry.obj
 0001:0001f250       __ssSetInputPortReusableFcn 10020250 f   Dyno_Fall_12_sfun_registry.obj
 0001:0001f2e0       __ssSetOutputPortReusableFcn 100202e0 f   Dyno_Fall_12_sfun_registry.obj
 0001:0001f370       _ssGetDTypeIdFromMxArray   10020370 f   Dyno_Fall_12_sfun_registry.obj
 0001:0001f460       _ssWriteRTWStr             10020460 f   Dyno_Fall_12_sfun_registry.obj
 0001:0001f4a0       _ssWriteRTWMxVectParam     100204a0 f   Dyno_Fall_12_sfun_registry.obj
 0001:0001f4e0       _ssWriteRTWMx2dMatParam    100204e0 f   Dyno_Fall_12_sfun_registry.obj
 0001:0001f520       _ssWriteRTWNameValuePair   10020520 f   Dyno_Fall_12_sfun_registry.obj
 0001:0001f890       _ssWriteRTWParameters      10020890 f   Dyno_Fall_12_sfun_registry.obj
 0001:0001fc30       _ssWriteRTWParamSettings   10020c30 f   Dyno_Fall_12_sfun_registry.obj
 0001:000200e0       _ssWriteRTWWorkVect        100210e0 f   Dyno_Fall_12_sfun_registry.obj
 0001:00020470       _mexFunction               10021470 f   Dyno_Fall_12_sfun_registry.obj
 0001:00021b40       _ProcessMexSfunctionEveryCall 10022b40 f   Dyno_Fall_12_sfun_registry.obj
 0001:00021c50       _Dyno_Fall_12_initializer  10022c50 f   Dyno_Fall_12_sfun.obj
 0001:00021c60       _Dyno_Fall_12_terminator   10022c60 f   Dyno_Fall_12_sfun.obj
 0001:00021c70       _sf_Dyno_Fall_12_method_dispatcher 10022c70 f   Dyno_Fall_12_sfun.obj
 0001:00021d00       _sf_Dyno_Fall_12_process_check_sum_call 10022d00 f   Dyno_Fall_12_sfun.obj
 0001:000220f0       _sf_Dyno_Fall_12_autoinheritance_info 100230f0 f   Dyno_Fall_12_sfun.obj
 0001:00022210       _sf_Dyno_Fall_12_get_eml_resolved_functions_info 10023210 f   Dyno_Fall_12_sfun.obj
 0001:000223a0       _Dyno_Fall_12_debug_initialize 100233a0 f   Dyno_Fall_12_sfun.obj
 0001:000223f0       _Dyno_Fall_12_register_exported_symbols 100233f0 f   Dyno_Fall_12_sfun.obj
 0001:00022460       _sf_mex_mx_is_numeric      10023460 f   sfc_mexmsvc80:sfc_mex.obj
 0001:000224a0       _strcmp_ignore_ws          100234a0 f   sfc_mexmsvc80:sfc_mex.obj
 0001:000225c0       _sf_mex_duplicatearraysafe 100235c0 f   sfc_mexmsvc80:sfc_mex.obj
 0001:000227a0       _sf_set_error_debugger_context_message_fcn 100237a0 f   sfc_mexmsvc80:sfc_mex.obj
 0001:000227b0       _sf_set_debugger_matlab_error_fcn 100237b0 f   sfc_mexmsvc80:sfc_mex.obj
 0001:000227d0       _sf_set_error_prefix_string 100237d0 f   sfc_mexmsvc80:sfc_mex.obj
 0001:00022800       _sf_get_error_prefix_string 10023800 f   sfc_mexmsvc80:sfc_mex.obj
 0001:00022810       _sf_get_current_jmp_buf_ptr 10023810 f   sfc_mexmsvc80:sfc_mex.obj
 0001:00022820       _sf_set_current_jmp_buf_ptr 10023820 f   sfc_mexmsvc80:sfc_mex.obj
 0001:00022830       _sf_mex_set_halt_simulation 10023830 f   sfc_mexmsvc80:sfc_mex.obj
 0001:00022840       _sf_mex_get_halt_simulation 10023840 f   sfc_mexmsvc80:sfc_mex.obj
 0001:00022850       _sf_mex_clear_error_message 10023850 f   sfc_mexmsvc80:sfc_mex.obj
 0001:00022870       _sf_mex_get_error_message_for_read 10023870 f   sfc_mexmsvc80:sfc_mex.obj
 0001:00022880       _sf_mex_get_error_message_buffer_length 10023880 f   sfc_mexmsvc80:sfc_mex.obj
 0001:00022950       _sf_mex_warning_message    10023950 f   sfc_mexmsvc80:sfc_mex.obj
 0001:000229a0       _sf_mex_v_errbuf_createf   100239a0 f   sfc_mexmsvc80:sfc_mex.obj
 0001:000229c0       _sf_mex_errbuf_createf     100239c0 f   sfc_mexmsvc80:sfc_mex.obj
 0001:000229e0       _sf_mex_v_errbuf_catf      100239e0 f   sfc_mexmsvc80:sfc_mex.obj
 0001:00022a20       _sf_mex_errbuf_catf        10023a20 f   sfc_mexmsvc80:sfc_mex.obj
 0001:00022a60       _sf_mex_errbuf_copy        10023a60 f   sfc_mexmsvc80:sfc_mex.obj
 0001:00022a80       _sf_mex_errbuf_clear       10023a80 f   sfc_mexmsvc80:sfc_mex.obj
 0001:00022a90       _sf_mex_errbuf_isempty     10023a90 f   sfc_mexmsvc80:sfc_mex.obj
 0001:00022b20       _sf_mex_set_error_status   10023b20 f   sfc_mexmsvc80:sfc_mex.obj
 0001:00022b50       _sf_mex_error_direct_call  10023b50 f   sfc_mexmsvc80:sfc_mex.obj
 0001:00022b70       _sf_mex_long_jump_on_error 10023b70 f   sfc_mexmsvc80:sfc_mex.obj
 0001:00022ba0       _sf_mex_call_matlab        10023ba0 f   sfc_mexmsvc80:sfc_mex.obj
 0001:00022c70       _sf_mex_check_builtin      10023c70 f   sfc_mexmsvc80:sfc_mex.obj
 0001:00022ca0       _sf_mex_check_builtin_vs   10023ca0 f   sfc_mexmsvc80:sfc_mex.obj
 0001:00022ce0       _sf_mex_check_enum         10023ce0 f   sfc_mexmsvc80:sfc_mex.obj
 0001:00022d10       _sf_mex_create_enum        10023d10 f   sfc_mexmsvc80:sfc_mex.obj
 0001:00022d30       _sf_mex_get_enum_element   10023d30 f   sfc_mexmsvc80:sfc_mex.obj
 0001:00022d40       _sf_mex_createcellarray    10023d40 f   sfc_mexmsvc80:sfc_mex.obj
 0001:00022d60       _sf_mex_setcell            10023d60 f   sfc_mexmsvc80:sfc_mex.obj
 0001:00022d70       _sf_mex_getcell            10023d70 f   sfc_mexmsvc80:sfc_mex.obj
 0001:00022d80       _sf_mex_dup                10023d80 f   sfc_mexmsvc80:sfc_mex.obj
 0001:00022db0       _sf_mex_assign             10023db0 f   sfc_mexmsvc80:sfc_mex.obj
 0001:00022e00       _sf_mex_destroy            10023e00 f   sfc_mexmsvc80:sfc_mex.obj
 0001:00022e20       _mx_array_has_fi_type      10023e20 f   sfc_mexmsvc80:sfc_mex.obj
 0001:00022e50       _sf_mex_convert_from_fi    10023e50 f   sfc_mexmsvc80:sfc_mex.obj
 0001:00022ed0       _sf_mex_convert_to_double  10023ed0 f   sfc_mexmsvc80:sfc_mex.obj
 0001:00022f10       _sf_mex_import_fi_vs       10023f10 f   sfc_mexmsvc80:sfc_mex.obj
 0001:00023070       _sf_matrix_matrix_index_ok 10024070 f   sfc_mexmsvc80:sfc_mex.obj
 0001:000230f0       _ssGetCurrentInputPortDimensions_wrapper 100240f0 f   sfc_mexmsvc80:sfc_mex.obj
 0001:00023110       _ssGetCurrentOutputPortDimensions_wrapper 10024110 f   sfc_mexmsvc80:sfc_mex.obj
 0001:00023130       _sf_mex_emlrt_context_is_debug_mode 10024130 f   sfc_mexmsvc80:sfc_mex.obj
 0001:00023140       _sf_mex_emlrt_context_set_debug_mode 10024140 f   sfc_mexmsvc80:sfc_mex.obj
 0001:00023150       _sf_clear_error_manager_info 10024150 f   sfc_mexmsvc80:sfc_mex.obj
 0001:000231a0       _sf_mex_stop_simulation_abruptly_wo_error 100241a0 f   sfc_mexmsvc80:sfc_mex.obj
 0001:000231d0       _sf_mex_error_message      100241d0 f   sfc_mexmsvc80:sfc_mex.obj
 0001:00023220       _sf_react_to_error_in_matlab_call 10024220 f   sfc_mexmsvc80:sfc_mex.obj
 0001:00023240       _sf_mex_addfield           10024240 f   sfc_mexmsvc80:sfc_mex.obj
 0001:000232b0       _sf_mex_getfield           100242b0 f   sfc_mexmsvc80:sfc_mex.obj
 0001:00023430       _sf_mex_check_class        10024430 f   sfc_mexmsvc80:sfc_mex.obj
 0001:000234b0       _sf_mex_is_real            100244b0 f   sfc_mexmsvc80:sfc_mex.obj
 0001:000234f0       _sf_mex_check_complex      100244f0 f   sfc_mexmsvc80:sfc_mex.obj
 0001:00023560       _sf_mex_check_sparse       10024560 f   sfc_mexmsvc80:sfc_mex.obj
 0001:000235b0       _sf_mex_check_numerictype  100245b0 f   sfc_mexmsvc80:sfc_mex.obj
 0001:00023650       _sf_mex_check_fimath       10024650 f   sfc_mexmsvc80:sfc_mex.obj
 0001:000236f0       _sf_mex_decode_encoded_mx_struct_array 100246f0 f   sfc_mexmsvc80:sfc_mex.obj
 0001:00023890       _sf_mex_lw_bounds_check    10024890 f   sfc_mexmsvc80:sfc_mex.obj
 0001:000238c0       _sf_mex_lw_size_eq_check_1d 100248c0 f   sfc_mexmsvc80:sfc_mex.obj
 0001:000238e0       _sf_mex_lw_size_eq_check_nd 100248e0 f   sfc_mexmsvc80:sfc_mex.obj
 0001:000239c0       _sf_mex_lw_dim_size_eq_check 100249c0 f   sfc_mexmsvc80:sfc_mex.obj
 0001:000239f0       _sf_mex_lw_dim_size_geq_check 100249f0 f   sfc_mexmsvc80:sfc_mex.obj
 0001:00023a20       _sf_mex_lw_sub_assign_size_check_nd 10024a20 f   sfc_mexmsvc80:sfc_mex.obj
 0001:00023b50       _sf_mex_lw_matrix_matrix_index_check 10024b50 f   sfc_mexmsvc80:sfc_mex.obj
 0001:00023b80       _sf_mex_lw_non_negative_check 10024b80 f   sfc_mexmsvc80:sfc_mex.obj
 0001:00023bb0       _sf_mex_overflow_error     10024bb0 f   sfc_mexmsvc80:sfc_mex.obj
 0001:00023bc0       _sf_mex_dividebyzero_error 10024bc0 f   sfc_mexmsvc80:sfc_mex.obj
 0001:00023bd0       _sf_mex_unsafe_enum_error  10024bd0 f   sfc_mexmsvc80:sfc_mex.obj
 0001:00023be0       _sf_emlrtErrHandler        10024be0 f   sfc_mexmsvc80:sfc_mex.obj
 0001:00023c20       _sf_mex_printf             10024c20 f   sfc_mexmsvc80:sfc_mex.obj
 0001:00023d00       _sf_mex_check_size         10024d00 f   sfc_mexmsvc80:sfc_mex.obj
 0001:00023f80       _sf_mex_check_struct       10024f80 f   sfc_mexmsvc80:sfc_mex.obj
 0001:00024080       _sf_mex_check_struct_vs    10025080 f   sfc_mexmsvc80:sfc_mex.obj
 0001:000240c0       _sf_mex_check_fi           100250c0 f   sfc_mexmsvc80:sfc_mex.obj
 0001:00024190       _sf_mex_check_fi_vs        10025190 f   sfc_mexmsvc80:sfc_mex.obj
 0001:000241e0       _sf_echo_expression        100251e0 f   sfc_mexmsvc80:sfc_mex.obj
 0001:00024230       _sf_assertion_failed       10025230 f   sfc_mexmsvc80:sfc_mex.obj
 0001:000243b0       _sf_mex_evalin             100253b0 f   sfc_mexmsvc80:sfc_mex.obj
 0001:00024610       _sf_mex_export             10025610 f   sfc_mexmsvc80:sfc_mex.obj
 0001:000246c0       _sf_mex_get_ml_var_no_error 100256c0 f   sfc_mexmsvc80:sfc_mex.obj
 0001:00024820       _sf_mex_get_ml_var         10025820 f   sfc_mexmsvc80:sfc_mex.obj
 0001:00024b30       _ml_set_element_value_in_array 10025b30 f   sfc_mexmsvc80:sfc_mex.obj
 0001:00026230       _sf_mex_call_impl          10027230 f   sfc_mexmsvc80:sfc_mex.obj
 0001:000265c0       _sf_mex_call_debug         100275c0 f   sfc_mexmsvc80:sfc_mex.obj
 0001:000265e0       _sf_mex_call               100275e0 f   sfc_mexmsvc80:sfc_mex.obj
 0001:00026cf0       _sf_mex_createstruct       10027cf0 f   sfc_mexmsvc80:sfc_mex.obj
 0001:00026d90       _sf_mex_createstructarray  10027d90 f   sfc_mexmsvc80:sfc_mex.obj
 0001:00026df0       _sf_mex_get_mx_datatype_from_sf_datatype 10027df0 f   sfc_mexmsvc80:sfc_mex.obj
 0001:00027070       _sf_mex_ml_var_sub         10028070 f   sfc_mexmsvc80:sfc_mex.obj
 0001:000271d0       _sf_mex_ml_var_subsasgn    100281d0 f   sfc_mexmsvc80:sfc_mex.obj
 0001:000274e0       _sf_mex_sub                100284e0 f   sfc_mexmsvc80:sfc_mex.obj
 0001:00027660       _sf_mex_subsasgn           10028660 f   sfc_mexmsvc80:sfc_mex.obj
 0001:00027a10       _sf_mex_create             10028a10 f   sfc_mexmsvc80:sfc_mex.obj
 0001:00028270       _sf_mex_import             10029270 f   sfc_mexmsvc80:sfc_mex.obj
 0001:00028310       _sf_mex_import_vs          10029310 f   sfc_mexmsvc80:sfc_mex.obj
 0001:000283a0       _sf_mex_lower_fixpt_mx_array 100293a0 f   sfc_mexmsvc80:sfc_mex.obj
 0001:00028760       _sim_mode_is_rtw_gen       10029760 f   sfc_mexmsvc80:sfc_sf.obj
 0001:000287a0       _sim_mode_is_external      100297a0 f   sfc_mexmsvc80:sfc_sf.obj
 0001:000287c0       _mdlInitializeSizes        100297c0 f   sfc_mexmsvc80:sfc_sf.obj
 0001:000287e0       _mdlInitializeSampleTimes  100297e0 f   sfc_mexmsvc80:sfc_sf.obj
 0001:00028820       _mdlZeroCrossings          10029820 f   sfc_mexmsvc80:sfc_sf.obj
 0001:000288d0       _mdlDerivatives            100298d0 f   sfc_mexmsvc80:sfc_sf.obj
 0001:00028970       _mdl_initialize_conditions_processing 10029970 f   sfc_mexmsvc80:sfc_sf.obj
 0001:000289a0       _mdlInitializeConditions   100299a0 f   sfc_mexmsvc80:sfc_sf.obj
 0001:00028a40       _mdlGetSimState            10029a40 f   sfc_mexmsvc80:sfc_sf.obj
 0001:00028a60       _mdlSetSimState            10029a60 f   sfc_mexmsvc80:sfc_sf.obj
 0001:00028a80       _mdl_ext_mode_exec_processing 10029a80 f   sfc_mexmsvc80:sfc_sf.obj
 0001:00028aa0       _mdlExtModeExec            10029aa0 f   sfc_mexmsvc80:sfc_sf.obj
 0001:00028c50       _mdlTerminate              10029c50 f   sfc_mexmsvc80:sfc_sf.obj
 0001:00028cb0       _mdlRTW                    10029cb0 f   sfc_mexmsvc80:sfc_sf.obj
 0001:00028ce0       _mdlSetWorkWidths          10029ce0 f   sfc_mexmsvc80:sfc_sf.obj
 0001:00028d00       _mdlProcessParameters      10029d00 f   sfc_mexmsvc80:sfc_sf.obj
 0001:00028d20       _mdl_start_processing      10029d20 f   sfc_mexmsvc80:sfc_sf.obj
 0001:00028d60       _mdlStart                  10029d60 f   sfc_mexmsvc80:sfc_sf.obj
 0001:00028e30       _mdlEnable                 10029e30 f   sfc_mexmsvc80:sfc_sf.obj
 0001:00028ee0       _mdlDisable                10029ee0 f   sfc_mexmsvc80:sfc_sf.obj
 0001:00028f70       _sf_get_chart_instance_ptr 10029f70 f   sfc_mexmsvc80:sfc_sf.obj
 0001:00028f90       _sf_rtw_info_uint_prop     10029f90 f   sfc_mexmsvc80:sfc_sf.obj
 0001:000290c0       _sf_is_chart_inlinable     1002a0c0 f   sfc_mexmsvc80:sfc_sf.obj
 0001:000290e0       _sf_mark_output_events_with_multiple_callers 1002a0e0 f   sfc_mexmsvc80:sfc_sf.obj
 0001:00029250       _sf_mark_chart_reusable_outputs 1002a250 f   sfc_mexmsvc80:sfc_sf.obj
 0001:000293c0       _sf_mark_chart_expressionable_inputs 1002a3c0 f   sfc_mexmsvc80:sfc_sf.obj
 0001:000295b0       _sf_get_subchart_simstruct 1002a5b0 f   sfc_mexmsvc80:sfc_sf.obj
 0001:000295f0       _sf_write_symbol_mapping   1002a5f0 f   sfc_mexmsvc80:sfc_sf.obj
 0001:000297c0       _sf_get_fixpt_data_type_id 1002a7c0 f   sfc_mexmsvc80:sfc_sf.obj
 0001:00029800       _sf_get_enum_data_type_id  1002a800 f   sfc_mexmsvc80:sfc_sf.obj
 0001:00029840       _sf_get_param_data_type_id 1002a840 f   sfc_mexmsvc80:sfc_sf.obj
 0001:00029870       _sf_mex_listen_for_ctrl_c_force 1002a870 f   sfc_mexmsvc80:sfc_sf.obj
 0001:00029970       _sf_mex_draw_now           1002a970 f   sfc_mexmsvc80:sfc_sf.obj
 0001:000299b0       _sf_mex_set_debugger_sim_status_listener_fcn 1002a9b0 f   sfc_mexmsvc80:sfc_sf.obj
 0001:000299c0       _sf_mex_listen_for_ctrl_c  1002a9c0 f   sfc_mexmsvc80:sfc_sf.obj
 0001:00029a50       _sf_mex_get_sfun_param     1002aa50 f   sfc_mexmsvc80:sfc_sf.obj
 0001:00029aa0       _sf_get_runtime_param_data 1002aaa0 f   sfc_mexmsvc80:sfc_sf.obj
 0001:00029ae0       _sf_call_output_fcn_call   1002aae0 f   sfc_mexmsvc80:sfc_sf.obj
 0001:00029c00       _sf_call_output_fcn_enable 1002ac00 f   sfc_mexmsvc80:sfc_sf.obj
 0001:00029c80       _sf_call_output_fcn_disable 1002ac80 f   sfc_mexmsvc80:sfc_sf.obj
 0001:00029d00       _sf_clear_rtw_identifier   1002ad00 f   sfc_mexmsvc80:sfc_sf.obj
 0001:0002a500       _sf_set_encoded_dwork_info 1002b500 f   sfc_mexmsvc80:sfc_sf.obj
 0001:0002a690       _sf_set_rtw_dwork_info     1002b690 f   sfc_mexmsvc80:sfc_sf.obj
 0001:0002a7b0       _mdlOutputs                1002b7b0 f   sfc_mexmsvc80:sfc_sf.obj
 0001:0002a8d0       _sf_debug_disp             1002b8d0 f   sfc_debugmsvc80:sfcdebug.obj
 0001:0002aad0       _sf_debug_data_runtime_size_mismatch_error_check 1002bad0 f   sfc_debugmsvc80:sfcdebug.obj
 0001:0002ab10       _sf_debug_try_loading_machine 1002bb10 f   sfc_debugmsvc80:sfcdebug.obj
 0001:0002abe0       _sf_debug_reset_current_state_configuration 1002bbe0 f   sfc_debugmsvc80:sfcdebug.obj
 0001:0002ac20       _sf_debug_store_current_state_configuration 1002bc20 f   sfc_debugmsvc80:sfcdebug.obj
 0001:0002ac60       _sf_debug_restore_previous_state_configuration 1002bc60 f   sfc_debugmsvc80:sfcdebug.obj
 0001:0002aca0       _sf_debug_restore_previous_state_configuration2 1002bca0 f   sfc_debugmsvc80:sfcdebug.obj
 0001:0002ace0       _sf_debug_get_event_scope  1002bce0 f   sfc_debugmsvc80:sfcdebug.obj
 0001:0002ae00       _use_debugger_step_animation 1002be00 f   sfc_debugmsvc80:sfcdebug.obj
 0001:0002ae20       _sf_debug_get_script_id    1002be20 f   sfc_debugmsvc80:sfcdebug.obj
 0001:0002aeb0       _sf_debug_set_script_translation 1002beb0 f   sfc_debugmsvc80:sfcdebug.obj
 0001:0002af40       _sf_debug_get_current_machine_id 1002bf40 f   sfc_debugmsvc80:sfcdebug.obj
 0001:0002af60       _sf_debug_get_current_optional_integer 1002bf60 f   sfc_debugmsvc80:sfcdebug.obj
 0001:0002af70       _sf_debug_get_current_machine_number 1002bf70 f   sfc_debugmsvc80:sfcdebug.obj
 0001:0002af90       _sf_debug_get_current_machine_name 1002bf90 f   sfc_debugmsvc80:sfcdebug.obj
 0001:0002afb0       _sf_debug_get_current_chart_id 1002bfb0 f   sfc_debugmsvc80:sfcdebug.obj
 0001:0002afe0       _sf_debug_get_current_chart_number 1002bfe0 f   sfc_debugmsvc80:sfcdebug.obj
 0001:0002aff0       _sf_debug_get_current_instance_number 1002bff0 f   sfc_debugmsvc80:sfcdebug.obj
 0001:0002b000       _sf_debug_get_current_is_minor_time_step 1002c000 f   sfc_debugmsvc80:sfcdebug.obj
 0001:0002b070       _sf_debug_get_current_object_type 1002c070 f   sfc_debugmsvc80:sfcdebug.obj
 0001:0002b080       _sf_debug_get_current_instance_handle 1002c080 f   sfc_debugmsvc80:sfcdebug.obj
 0001:0002b0d0       _sf_debug_get_current_event_type 1002c0d0 f   sfc_debugmsvc80:sfcdebug.obj
 0001:0002b0e0       _sf_debug_get_current_object_id 1002c0e0 f   sfc_debugmsvc80:sfcdebug.obj
 0001:0002b110       _sf_debug_get_current_active_event_type 1002c110 f   sfc_debugmsvc80:sfcdebug.obj
 0001:0002b120       _sf_debug_get_current_active_event_id 1002c120 f   sfc_debugmsvc80:sfcdebug.obj
 0001:0002b150       _sf_debug_get_current_tag_type 1002c150 f   sfc_debugmsvc80:sfcdebug.obj
 0001:0002b160       _sf_debug_get_current_simulation_time 1002c160 f   sfc_debugmsvc80:sfcdebug.obj
 0001:0002b170       _sf_debug_get_current_coverage_percentage 1002c170 f   sfc_debugmsvc80:sfcdebug.obj
 0001:0002b180       _sf_debug_current_statement_context 1002c180 f   sfc_debugmsvc80:sfcdebug.obj
 0001:0002b200       _sf_debug_get_current_statement_info 1002c200 f   sfc_debugmsvc80:sfcdebug.obj
 0001:0002b340       _sf_debug_terminate_instance 1002c340 f   sfc_debugmsvc80:sfcdebug.obj
 0001:0002b5c0       _sf_debug_assertion_failed 1002c5c0 f   sfc_debugmsvc80:sfcdebug.obj
 0001:0002b790       _sf_debug_set_number_of_data_with_change_event_for_machine 1002c790 f   sfc_debugmsvc80:sfcdebug.obj
 0001:0002b7d0       _sf_debug_set_machine_event_thresholds 1002c7d0 f   sfc_debugmsvc80:sfcdebug.obj
 0001:0002b800       _sf_debug_set_machine_event_scope 1002c800 f   sfc_debugmsvc80:sfcdebug.obj
 0001:0002b840       _sf_debug_set_machine_data_thresholds 1002c840 f   sfc_debugmsvc80:sfcdebug.obj
 0001:0002b880       _sf_debug_set_machine_data_scope 1002c880 f   sfc_debugmsvc80:sfcdebug.obj
 0001:0002b900       _sf_debug_set_machine_data_name 1002c900 f   sfc_debugmsvc80:sfcdebug.obj
 0001:0002b950       _sf_debug_set_machine_data_size 1002c950 f   sfc_debugmsvc80:sfcdebug.obj
 0001:0002ba40       _sf_debug_set_machine_data_type 1002ca40 f   sfc_debugmsvc80:sfcdebug.obj
 0001:0002bb60       _sf_debug_get_chart_data_number 1002cb60 f   sfc_debugmsvc80:sfcdebug.obj
 0001:0002bb90       _sf_debug_get_chart_event_number 1002cb90 f   sfc_debugmsvc80:sfcdebug.obj
 0001:0002bbc0       _sf_debug_set_chart_state_info 1002cbc0 f   sfc_debugmsvc80:sfcdebug.obj
 0001:0002bc40       _sf_debug_set_chart_decomposition 1002cc40 f   sfc_debugmsvc80:sfcdebug.obj
 0001:0002bcb0       _sf_debug_set_chart_substate_count 1002ccb0 f   sfc_debugmsvc80:sfcdebug.obj
 0001:0002bd70       _sf_debug_set_chart_substate_index 1002cd70 f   sfc_debugmsvc80:sfcdebug.obj
 0001:0002bde0       _sf_debug_set_chart_state_substate_count 1002cde0 f   sfc_debugmsvc80:sfcdebug.obj
 0001:0002bec0       _sf_debug_set_chart_state_substate_index 1002cec0 f   sfc_debugmsvc80:sfcdebug.obj
 0001:0002bf40       _sf_debug_set_number_of_data_with_change_event_for_chart 1002cf40 f   sfc_debugmsvc80:sfcdebug.obj
 0001:0002bfc0       _sf_debug_set_number_of_states_with_entry_event_for_chart 1002cfc0 f   sfc_debugmsvc80:sfcdebug.obj
 0001:0002c030       _sf_debug_set_number_of_states_with_exit_event_for_chart 1002d030 f   sfc_debugmsvc80:sfcdebug.obj
 0001:0002c0a0       _sf_debug_set_chart_disable_implicit_casting 1002d0a0 f   sfc_debugmsvc80:sfcdebug.obj
 0001:0002c110       _sf_debug_set_chart_event_thresholds 1002d110 f   sfc_debugmsvc80:sfcdebug.obj
 0001:0002c180       _sf_debug_set_chart_data_props 1002d180 f   sfc_debugmsvc80:sfcdebug.obj
 0001:0002c5f0       _sf_debug_check_fi_license 1002d5f0 f   sfc_debugmsvc80:sfcdebug.obj
 0001:0002c780       _sf_debug_symbol_scope_push 1002d780 f   sfc_debugmsvc80:sfcdebug.obj
 0001:0002c7c0       _sf_debug_symbol_scope_push_eml 1002d7c0 f   sfc_debugmsvc80:sfcdebug.obj
 0001:0002c800       _sf_debug_symbol_scope_pop 1002d800 f   sfc_debugmsvc80:sfcdebug.obj
 0001:0002c830       _sf_debug_symbol_scope_add 1002d830 f   sfc_debugmsvc80:sfcdebug.obj
 0001:0002c880       _sf_debug_symbol_scope_add_eml 1002d880 f   sfc_debugmsvc80:sfcdebug.obj
 0001:0002c8b0       _sf_debug_symbol_scope_add_dyn 1002d8b0 f   sfc_debugmsvc80:sfcdebug.obj
 0001:0002c920       _sf_debug_symbol_scope_add_eml_dyn 1002d920 f   sfc_debugmsvc80:sfcdebug.obj
 0001:0002c970       _sf_debug_symbol_switch    1002d970 f   sfc_debugmsvc80:sfcdebug.obj
 0001:0002c990       _sf_debug_symbol_scope_add_verbose 1002d990 f   sfc_debugmsvc80:sfcdebug.obj
 0001:0002ca00       _sf_debug_set_machine_data_value_ptr 1002da00 f   sfc_debugmsvc80:sfcdebug.obj
 0001:0002ca40       _sf_debug_set_instance_data_value_ptr 1002da40 f   sfc_debugmsvc80:sfcdebug.obj
 0001:0002caa0       _sf_debug_unset_instance_data_value_ptr 1002daa0 f   sfc_debugmsvc80:sfcdebug.obj
 0001:0002caf0       _sf_debug_set_chart_event_scope 1002daf0 f   sfc_debugmsvc80:sfcdebug.obj
 0001:0002cb70       _sf_debug_set_chart_transition_coverage_maps 1002db70 f   sfc_debugmsvc80:sfcdebug.obj
 0001:0002cc00       _sf_debug_set_chart_state_coverage_maps 1002dc00 f   sfc_debugmsvc80:sfcdebug.obj
 0001:0002cc80       _sf_debug_set_instance_transition_coverage_weights 1002dc80 f   sfc_debugmsvc80:sfcdebug.obj
 0001:0002ccf0       _sf_debug_set_instance_state_coverage_weights 1002dcf0 f   sfc_debugmsvc80:sfcdebug.obj
 0001:0002cef0       _sf_debug_unload_machine   1002def0 f   sfc_debugmsvc80:sfcdebug.obj
 0001:0002cf40       _sf_debug_load_machine     1002df40 f   sfc_debugmsvc80:sfcdebug.obj
 0001:0002cff0       _sf_debug_set_active_instance_in_data_dictionary 1002dff0 f   sfc_debugmsvc80:sfcdebug.obj
 0001:0002d170       _sf_debug_set_active_instance 1002e170 f   sfc_debugmsvc80:sfcdebug.obj
 0001:0002d260       _sf_debug_chart_visiblity_change 1002e260 f   sfc_debugmsvc80:sfcdebug.obj
 0001:0002d300       _sf_debug_select_chart     1002e300 f   sfc_debugmsvc80:sfcdebug.obj
 0001:0002d3a0       _sf_debug_set_instance_cv_ids 1002e3a0 f   sfc_debugmsvc80:sfcdebug.obj
 0001:0002d560       _sf_debug_select_charts    1002e560 f   sfc_debugmsvc80:sfcdebug.obj
 0001:0002d640       _sf_debug_initialized      1002e640 f   sfc_debugmsvc80:sfcdebug.obj
 0001:0002d650       _sf_debug_is_uninterruptible 1002e650 f   sfc_debugmsvc80:sfcdebug.obj
 0001:0002d680       _sf_debug_initialize_debugger_gui 1002e680 f   sfc_debugmsvc80:sfcdebug.obj
 0001:0002da00       _sf_debug_resume           1002ea00 f   sfc_debugmsvc80:sfcdebug.obj
 0001:0002da20       _sf_debug_go               1002ea20 f   sfc_debugmsvc80:sfcdebug.obj
 0001:0002da30       _sf_debug_break            1002ea30 f   sfc_debugmsvc80:sfcdebug.obj
 0001:0002da40       _sf_debug_step_over        1002ea40 f   sfc_debugmsvc80:sfcdebug.obj
 0001:0002da50       _sf_debug_step_out         1002ea50 f   sfc_debugmsvc80:sfcdebug.obj
 0001:0002da60       _sf_debug_set_disable_all_breakpoints 1002ea60 f   sfc_debugmsvc80:sfcdebug.obj
 0001:0002da70       _sf_debug_disable_all_breakpoints_and_go 1002ea70 f   sfc_debugmsvc80:sfcdebug.obj
 0001:0002da80       _sf_debug_break_on_chart_entry 1002ea80 f   sfc_debugmsvc80:sfcdebug.obj
 0001:0002da90       _sf_debug_break_on_event_broadcast 1002ea90 f   sfc_debugmsvc80:sfcdebug.obj
 0001:0002daa0       _sf_debug_break_on_state_entry 1002eaa0 f   sfc_debugmsvc80:sfcdebug.obj
 0001:0002dab0       _sf_debug_break_between_times 1002eab0 f   sfc_debugmsvc80:sfcdebug.obj
 0001:0002dae0       _sf_debug_browse_data      1002eae0 f   sfc_debugmsvc80:sfcdebug.obj
 0001:0002db00       _sf_debug_watch_data       1002eb00 f   sfc_debugmsvc80:sfcdebug.obj
 0001:0002db20       _sf_debug_whos             1002eb20 f   sfc_debugmsvc80:sfcdebug.obj
 0001:0002db40       _sf_debug_get_consistency_info 1002eb40 f   sfc_debugmsvc80:sfcdebug.obj
 0001:0002db60       _sf_debug_browse_trace     1002eb60 f   sfc_debugmsvc80:sfcdebug.obj
 0001:0002db80       _sf_debug_set_breakpoints  1002eb80 f   sfc_debugmsvc80:sfcdebug.obj
 0001:0002dc40       _sf_debug_set_eml_breakpoints 1002ec40 f   sfc_debugmsvc80:sfcdebug.obj
 0001:0002dd50       _sf_debug_set_script_breakpoints 1002ed50 f   sfc_debugmsvc80:sfcdebug.obj
 0001:0002ddd0       _sf_debug_add_script_breakpoints 1002edd0 f   sfc_debugmsvc80:sfcdebug.obj
 0001:0002de40       _sf_debug_clear_script_breakpoints 1002ee40 f   sfc_debugmsvc80:sfcdebug.obj
 0001:0002deb0       _sf_debug_query_script_breakpoints 1002eeb0 f   sfc_debugmsvc80:sfcdebug.obj
 0001:0002df50       _sf_debug_get_eml_script_id 1002ef50 f   sfc_debugmsvc80:sfcdebug.obj
 0001:0002dfa0       _sf_debug_set_watch        1002efa0 f   sfc_debugmsvc80:sfcdebug.obj
 0001:0002e140       _sf_debug_get_coverage     1002f140 f   sfc_debugmsvc80:sfcdebug.obj
 0001:0002e160       _sf_debug_get_instance_handle 1002f160 f   sfc_debugmsvc80:sfcdebug.obj
 0001:0002e1e0       _sf_debug_get_active_states 1002f1e0 f   sfc_debugmsvc80:sfcdebug.obj
 0001:0002e200       _sf_debug_get_animation    1002f200 f   sfc_debugmsvc80:sfcdebug.obj
 0001:0002e210       _sf_debug_set_animation    1002f210 f   sfc_debugmsvc80:sfcdebug.obj
 0001:0002e220       _sf_debug_animate          1002f220 f   sfc_debugmsvc80:sfcdebug.obj
 0001:0002e250       _sf_debug_cycle_detection_check 1002f250 f   sfc_debugmsvc80:sfcdebug.obj
 0001:0002e260       _sf_debug_data_range_check 1002f260 f   sfc_debugmsvc80:sfcdebug.obj
 0001:0002e270       _sf_debug_transition_conflict_check 1002f270 f   sfc_debugmsvc80:sfcdebug.obj
 0001:0002e280       _sf_debug_state_consistency_check 1002f280 f   sfc_debugmsvc80:sfcdebug.obj
 0001:0002e290       _sf_debug_data_range_check_enabled 1002f290 f   sfc_debugmsvc80:sfcdebug.obj
 0001:0002e2a0       _sf_debug_transition_conflict_check_enabled 1002f2a0 f   sfc_debugmsvc80:sfcdebug.obj
 0001:0002e2b0       _sf_debug_transition_conflict_check_begin 1002f2b0 f   sfc_debugmsvc80:sfcdebug.obj
 0001:0002e2d0       _sf_debug_transition_conflict_check_end 1002f2d0 f   sfc_debugmsvc80:sfcdebug.obj
 0001:0002e2f0       _sf_debug_stop_debugging   1002f2f0 f   sfc_debugmsvc80:sfcdebug.obj
 0001:0002e320       _sf_debug_is_cycle_detected 1002f320 f   sfc_debugmsvc80:sfcdebug.obj
 0001:0002e330       _sf_debug_is_array_bounds_detected 1002f330 f   sfc_debugmsvc80:sfcdebug.obj
 0001:0002e340       _sf_debug_get_state_vectors_data_size 1002f340 f   sfc_debugmsvc80:sfcdebug.obj
 0001:0002e380       _sf_debug_get_state_vectors_data 1002f380 f   sfc_debugmsvc80:sfcdebug.obj
 0001:0002e450       _sf_debug_set_state_vectors_data 1002f450 f   sfc_debugmsvc80:sfcdebug.obj
 0001:0002e680       _sf_debug_get_script_index 1002f680 f   sfc_debugmsvc80:sfcdebug.obj
 0001:0002e7b0       _sf_debug_add_script       1002f7b0 f   sfc_debugmsvc80:sfcdebug.obj
 0001:0002e900       _cv_eval_point             1002f900 f   sfc_debugmsvc80:sfcdebug.obj
 0001:0002e9d0       _sf_debug_cv_init_state    1002f9d0 f   sfc_debugmsvc80:sfcdebug.obj
 0001:0002ea60       _sf_debug_cv_init_chart    1002fa60 f   sfc_debugmsvc80:sfcdebug.obj
 0001:0002eae0       _sf_debug_cv_init_trans    1002fae0 f   sfc_debugmsvc80:sfcdebug.obj
 0001:0002ebc0       _cv_eml_init_script        1002fbc0 f   sfc_debugmsvc80:sfcdebug.obj
 0001:0002ec30       _cv_eml_init_fcn           1002fc30 f   sfc_debugmsvc80:sfcdebug.obj
 0001:0002ec90       _cv_eml_init_testobjective 1002fc90 f   sfc_debugmsvc80:sfcdebug.obj
 0001:0002ecf0       _cv_eml_init_if            1002fcf0 f   sfc_debugmsvc80:sfcdebug.obj
 0001:0002ed50       _cv_eml_init_for           1002fd50 f   sfc_debugmsvc80:sfcdebug.obj
 0001:0002edb0       _cv_eml_init_while         1002fdb0 f   sfc_debugmsvc80:sfcdebug.obj
 0001:0002ee10       _cv_eml_init_mcdc          1002fe10 f   sfc_debugmsvc80:sfcdebug.obj
 0001:0002ee80       _cv_eml_init_switch        1002fe80 f   sfc_debugmsvc80:sfcdebug.obj
 0001:0002eee0       _cv_eml_eval               1002fee0 f   sfc_debugmsvc80:sfcdebug.obj
 0001:0002ef50       _sf_debug_bm_is_a_eml_breakpoint 1002ff50 f   sfc_debugmsvc80:sfcdebug.obj
 0001:0002f080       _sf_debug_temporal_threshold 10030080 f   sfc_debugmsvc80:sfcdebug.obj
 0001:0002f370       _sf_debug_transition_conflict_error 10030370 f   sfc_debugmsvc80:sfcdebug.obj
 0001:0002f610       _sf_debug_state_inconsistency_error 10030610 f   sfc_debugmsvc80:sfcdebug.obj
 0001:0002f700       _sf_debug_check_for_state_inconsistency 10030700 f   sfc_debugmsvc80:sfcdebug.obj
 0001:0002f740       _sf_debug_cycle_detecton_error 10030740 f   sfc_debugmsvc80:sfcdebug.obj
 0001:0002fd80       _sf_debug_size_eq_check_1d 10030d80 f   sfc_debugmsvc80:sfcdebug.obj
 0001:0002fda0       _sf_debug_size_eq_check_nd 10030da0 f   sfc_debugmsvc80:sfcdebug.obj
 0001:0002fe80       _sf_debug_dim_size_eq_check 10030e80 f   sfc_debugmsvc80:sfcdebug.obj
 0001:0002feb0       _sf_debug_dim_size_geq_check 10030eb0 f   sfc_debugmsvc80:sfcdebug.obj
 0001:0002fee0       _sf_debug_sub_assign_size_check_nd 10030ee0 f   sfc_debugmsvc80:sfcdebug.obj
 0001:00030000       _sf_debug_matrix_matrix_index_check 10031000 f   sfc_debugmsvc80:sfcdebug.obj
 0001:00030030       _sf_debug_data_array_bounds_error_check 10031030 f   sfc_debugmsvc80:sfcdebug.obj
 0001:00030090       _sf_debug_eml_data_array_bounds_error_check 10031090 f   sfc_debugmsvc80:sfcdebug.obj
 0001:00030380       _sf_debug_integer_check    10031380 f   sfc_debugmsvc80:sfcdebug.obj
 0001:00030400       _sf_debug_not_nan_check    10031400 f   sfc_debugmsvc80:sfcdebug.obj
 0001:00030450       _sf_debug_non_negative_check 10031450 f   sfc_debugmsvc80:sfcdebug.obj
 0001:000304b0       _sf_debug_overflow_detection 100314b0 f   sfc_debugmsvc80:sfcdebug.obj
 0001:000309d0       _sf_debug_cast_to_real32_T 100319d0 f   sfc_debugmsvc80:sfcdebug.obj
 0001:00030a30       _sf_debug_cast_to_int8_T   10031a30 f   sfc_debugmsvc80:sfcdebug.obj
 0001:00030ab0       _sf_debug_cast_to_uint8_T  10031ab0 f   sfc_debugmsvc80:sfcdebug.obj
 0001:00030b40       _sf_debug_cast_to_int16_T  10031b40 f   sfc_debugmsvc80:sfcdebug.obj
 0001:00030bc0       _sf_debug_cast_to_uint16_T 10031bc0 f   sfc_debugmsvc80:sfcdebug.obj
 0001:00030c50       _sf_debug_cast_to_int32_T  10031c50 f   sfc_debugmsvc80:sfcdebug.obj
 0001:00030cc0       _sf_debug_cast_to_uint32_T 10031cc0 f   sfc_debugmsvc80:sfcdebug.obj
 0001:00030d50       _sf_debug_data_range_error 10031d50 f   sfc_debugmsvc80:sfcdebug.obj
 0001:000310d0       _sf_debug_data_range_error_wrapper_min_max 100320d0 f   sfc_debugmsvc80:sfcdebug.obj
 0001:00031140       _sf_debug_data_range_error_wrapper_min 10032140 f   sfc_debugmsvc80:sfcdebug.obj
 0001:000311a0       _sf_debug_data_range_error_wrapper_max 100321a0 f   sfc_debugmsvc80:sfcdebug.obj
 0001:00031200       _sf_debug_data_range_wrapper 10032200 f   sfc_debugmsvc80:sfcdebug.obj
 0001:00031250       _sf_debug_set_current_status_info 10032250 f   sfc_debugmsvc80:sfcdebug.obj
 0001:000315b0       _sf_debug_call             100325b0 f   sfc_debugmsvc80:sfcdebug.obj
 0001:00031fa0       _sf_debug_initialize_machine 10032fa0 f   sfc_debugmsvc80:sfcdebug.obj
 0001:00032240       _sf_debug_initialize_chart 10033240 f   sfc_debugmsvc80:sfcdebug.obj
 0001:000325a0       _sf_debug_ensure_script    100335a0 f   sfc_debugmsvc80:sfcdebug.obj
 0001:00032650       _cv_script_init_script     10033650 f   sfc_debugmsvc80:sfcdebug.obj
 0001:000326b0       _cv_script_init_fcn        100336b0 f   sfc_debugmsvc80:sfcdebug.obj
 0001:00032700       _cv_script_init_testobjective 10033700 f   sfc_debugmsvc80:sfcdebug.obj
 0001:00032750       _cv_script_init_if         10033750 f   sfc_debugmsvc80:sfcdebug.obj
 0001:000327a0       _cv_script_init_for        100337a0 f   sfc_debugmsvc80:sfcdebug.obj
 0001:000327f0       _cv_script_init_while      100337f0 f   sfc_debugmsvc80:sfcdebug.obj
 0001:00032840       _cv_script_init_mcdc       10033840 f   sfc_debugmsvc80:sfcdebug.obj
 0001:000328a0       _cv_script_init_switch     100338a0 f   sfc_debugmsvc80:sfcdebug.obj
 0001:00032900       _cv_script_eval            10033900 f   sfc_debugmsvc80:sfcdebug.obj
 0001:00032960       _eml_debug_line_call       10033960 f   sfc_debugmsvc80:sfcdebug.obj
 0001:00032a60       _sf_debug_terminate        10033a60 f   sfc_debugmsvc80:sfcdebug.obj
 0001:00032b90       _sf_debug_set_script_cv_ids 10033b90 f   sfc_debugmsvc80:sfcdebug.obj
 0001:00032ca0       _sf_debug_api              10033ca0 f   sfc_debugmsvc80:sfc_api.obj
 0001:00034490       _sf_debug_sm_terminate     10035490 f   sfc_debugmsvc80:sfdb_animation.obj
 0001:00034600       _sf_debug_reset_path_objects 10035600 f   sfc_debugmsvc80:sfdb_animation.obj
 0001:00034670       _sf_debug_sm_reset_object_selection_status 10035670 f   sfc_debugmsvc80:sfdb_animation.obj
 0001:00034710       _sf_debug_sm_reset_state_buffer 10035710 f   sfc_debugmsvc80:sfdb_animation.obj
 0001:000347d0       _sf_debug_sm_store_state_buffer 100357d0 f   sfc_debugmsvc80:sfdb_animation.obj
 0001:00034850       _sf_debug_sm_restore_state_buffer1 10035850 f   sfc_debugmsvc80:sfdb_animation.obj
 0001:000348b0       _sf_debug_sm_restore_state_buffer2 100358b0 f   sfc_debugmsvc80:sfdb_animation.obj
 0001:00034910       _sf_debug_sm_chart_active  10035910 f   sfc_debugmsvc80:sfdb_animation.obj
 0001:00034960       _sf_debug_sm_select_active_objects 10035960 f   sfc_debugmsvc80:sfdb_animation.obj
 0001:00034ce0       _sf_debug_sm_is_chart_active 10035ce0 f   sfc_debugmsvc80:sfdb_animation.obj
 0001:00034d20       _sf_debug_sm_is_state_active 10035d20 f   sfc_debugmsvc80:sfdb_animation.obj
 0001:00034ed0       _sf_debug_sm_get_active_states 10035ed0 f   sfc_debugmsvc80:sfdb_animation.obj
 0001:00035300       _sf_debug_sm_initialize_instance 10036300 f   sfc_debugmsvc80:sfdb_animation.obj
 0001:00035500       _sf_debug_sm_change_object_selection_status 10036500 f   sfc_debugmsvc80:sfdb_animation.obj
 0001:000356f0       _cv_create_interface       100366f0 f   sfc_debugmsvc80:cv_sfinterface.obj
 0001:00035a00       _cv_init_trans             10036a00 f   sfc_debugmsvc80:cv_sfinterface.obj
 0001:00035a50       _cv_init_state             10036a50 f   sfc_debugmsvc80:cv_sfinterface.obj
 0001:00035ab0       _cv_init_chart             10036ab0 f   sfc_debugmsvc80:cv_sfinterface.obj
 0001:00035b00       _cv_dec_update_call        10036b00 f   sfc_debugmsvc80:cv_sfinterface.obj
 0001:00035b40       _cv_cond_update_call       10036b40 f   sfc_debugmsvc80:cv_sfinterface.obj
 0001:00035b80       _cv_sigrange_update        10036b80 f   sfc_debugmsvc80:cv_sfinterface.obj
 0001:00035bd0       _cvsf_eml_eval             10036bd0 f   sfc_debugmsvc80:cv_sfinterface.obj
 0001:00035cb0       _cvsf_eml_init_script      10036cb0 f   sfc_debugmsvc80:cv_sfinterface.obj
 0001:00035d10       _cvsf_eml_init_fcn         10036d10 f   sfc_debugmsvc80:cv_sfinterface.obj
 0001:00035d70       _cvsf_eml_init_testobjective 10036d70 f   sfc_debugmsvc80:cv_sfinterface.obj
 0001:00035dd0       _cvsf_eml_init_if          10036dd0 f   sfc_debugmsvc80:cv_sfinterface.obj
 0001:00035e30       _cvsf_eml_init_for         10036e30 f   sfc_debugmsvc80:cv_sfinterface.obj
 0001:00035e90       _cvsf_eml_init_while       10036e90 f   sfc_debugmsvc80:cv_sfinterface.obj
 0001:00035ef0       _cvsf_eml_init_mcdc        10036ef0 f   sfc_debugmsvc80:cv_sfinterface.obj
 0001:00035f60       _cvsf_eml_init_switch      10036f60 f   sfc_debugmsvc80:cv_sfinterface.obj
 0001:00035fc0       _cvsf_script_eval          10036fc0 f   sfc_debugmsvc80:cv_sfinterface.obj
 0001:000360a0       _cvsf_script_init_script   100370a0 f   sfc_debugmsvc80:cv_sfinterface.obj
 0001:00036100       _cvsf_script_init_fcn      10037100 f   sfc_debugmsvc80:cv_sfinterface.obj
 0001:00036160       _cvsf_script_init_testobjective 10037160 f   sfc_debugmsvc80:cv_sfinterface.obj
 0001:000361c0       _cvsf_script_init_if       100371c0 f   sfc_debugmsvc80:cv_sfinterface.obj
 0001:00036220       _cvsf_script_init_for      10037220 f   sfc_debugmsvc80:cv_sfinterface.obj
 0001:00036270       _cvsf_script_init_while    10037270 f   sfc_debugmsvc80:cv_sfinterface.obj
 0001:000362c0       _cvsf_script_init_mcdc     100372c0 f   sfc_debugmsvc80:cv_sfinterface.obj
 0001:00036330       _cvsf_script_init_switch   10037330 f   sfc_debugmsvc80:cv_sfinterface.obj
 0001:00036390       _cv_destroy_interface      10037390 f   sfc_debugmsvc80:cv_sfinterface.obj
 0001:000363b0       _cv_create_instance_objects 100373b0 f   sfc_debugmsvc80:cv_sfinterface.obj
 0001:000366f0       _cv_is_enabled             100376f0 f   sfc_debugmsvc80:cv_sfinterface.obj
 0001:00036700       _sf_debug_cv_initialize_script 10037700 f   sfc_debugmsvc80:cv_sfinterface.obj
 0001:00036890       _sf_debug_cv_initialize_instance 10037890 f   sfc_debugmsvc80:cv_sfinterface.obj
 0001:00036b90       _sf_debug_cv_terminate_chart 10037b90 f   sfc_debugmsvc80:cv_sfinterface.obj
 0001:00036c80       _cv_call_trans_test        10037c80 f   sfc_debugmsvc80:cv_sfinterface.obj
 0001:00036c90       _cv_call_sub_cond_test     10037c90 f   sfc_debugmsvc80:cv_sfinterface.obj
 0001:00036da0       _sf_debug_hm_initialize_instance 10037da0 f   sfc_debugmsvc80:sfdb_handle_management.obj
 0001:00036eb0       _sf_debug_hm_get_object_id 10037eb0 f   sfc_debugmsvc80:sfdb_handle_management.obj
 0001:000388d0       _sf_debug_object_is_eml_function 100398d0 f   sfc_debugmsvc80:sfdb_handle_management.obj
 0001:00038930       _sf_debug_hm_initialize_ids_in_machine 10039930 f   sfc_debugmsvc80:sfdb_handle_management.obj
 0001:00038a80       _sf_debug_hm_initialize_ids_in_chart 10039a80 f   sfc_debugmsvc80:sfdb_handle_management.obj
 0001:00038ba0       _sf_debug_hm_initialize_chart 10039ba0 f   sfc_debugmsvc80:sfdb_handle_management.obj
 0001:00039590       _sf_debug_hm_terminate     1003a590 f   sfc_debugmsvc80:sfdb_handle_management.obj
 0001:000395f0       _sf_debug_hm_initialize_machine 1003a5f0 f   sfc_debugmsvc80:sfdb_handle_management.obj
 0001:00039c60       _sf_debug_st_initialize_machine 1003ac60 f   sfc_debugmsvc80:sfdb_data_browse.obj
 0001:00039d10       _sf_debug_st_initialize_instance 1003ad10 f   sfc_debugmsvc80:sfdb_data_browse.obj
 0001:00039ed0       _sf_debug_st_terminate     1003aed0 f   sfc_debugmsvc80:sfdb_data_browse.obj
 0001:0003a030       _sf_debug_st_set_data_value_ptr_in_machine 1003b030 f   sfc_debugmsvc80:sfdb_data_browse.obj
 0001:0003a0a0       _sf_debug_st_set_data_value_ptr_in_instance 1003b0a0 f   sfc_debugmsvc80:sfdb_data_browse.obj
 0001:0003a150       _sf_debug_st_unset_data_value_ptr_in_machine 1003b150 f   sfc_debugmsvc80:sfdb_data_browse.obj
 0001:0003a1b0       _sf_debug_st_unset_data_value_ptr_in_instance 1003b1b0 f   sfc_debugmsvc80:sfdb_data_browse.obj
 0001:0003a4c0       _sf_debug_mx_value         1003b4c0 f   sfc_debugmsvc80:sfdb_data_browse.obj
 0001:0003a510       _sf_debug_mx_packed_vector 1003b510 f   sfc_debugmsvc80:sfdb_data_browse.obj
 0001:0003a5b0       _sf_debug_mx_uint_vector   1003b5b0 f   sfc_debugmsvc80:sfdb_data_browse.obj
 0001:0003a630       _sf_debug_st_get_double_value_from_void_ptr_vector 1003b630 f   sfc_debugmsvc80:sfdb_data_browse.obj
 0001:0003ae30       _sf_debug_st_browse_data   1003be30 f   sfc_debugmsvc80:sfdb_data_browse.obj
 0001:0003b430       _sf_debug_ss_initialize    1003c430 f   sfc_debugmsvc80:sfdb_symbol_scope.obj
 0001:0003b450       _sf_debug_ss_terminate     1003c450 f   sfc_debugmsvc80:sfdb_symbol_scope.obj
 0001:0003b4d0       _sf_debug_ss_push_symbol_scope 1003c4d0 f   sfc_debugmsvc80:sfdb_symbol_scope.obj
 0001:0003b590       _sf_debug_ss_push_symbol_scope_eml 1003c590 f   sfc_debugmsvc80:sfdb_symbol_scope.obj
 0001:0003b5e0       _sf_debug_ss_pop_symbol_scope 1003c5e0 f   sfc_debugmsvc80:sfdb_symbol_scope.obj
 0001:0003b670       _sf_debug_ss_add_symbol    1003c670 f   sfc_debugmsvc80:sfdb_symbol_scope.obj
 0001:0003b750       _sf_debug_ss_add_symbol_eml 1003c750 f   sfc_debugmsvc80:sfdb_symbol_scope.obj
 0001:0003c1f0       _sf_debug_ss_watch_data    1003d1f0 f   sfc_debugmsvc80:sfdb_symbol_scope.obj
 0001:0003c930       _get_data_entry_name       1003d930 f   sfc_debugmsvc80:sfdb_symbol_scope.obj
 0001:0003c980       _sf_debug_ss_whos          1003d980 f   sfc_debugmsvc80:sfdb_symbol_scope.obj
 0001:0003ce10       _sf_debug_cc_initialize_chart 1003de10 f   sfc_debugmsvc80:sfdb_coverage.obj
 0001:0003d7e0       _sf_debug_cc_initialize_instance 1003e7e0 f   sfc_debugmsvc80:sfdb_coverage.obj
 0001:0003e3f0       _sf_debug_cc_terminate     1003f3f0 f   sfc_debugmsvc80:sfdb_coverage.obj
 0001:0003e4c0       _sf_debug_cc_set_transition_maps 1003f4c0 f   sfc_debugmsvc80:sfdb_coverage.obj
 0001:0003e5c0       _sf_debug_cc_set_state_maps 1003f5c0 f   sfc_debugmsvc80:sfdb_coverage.obj
 0001:0003e690       _sf_debug_cc_set_transition_weights 1003f690 f   sfc_debugmsvc80:sfdb_coverage.obj
 0001:0003e8b0       _sf_debug_cc_set_state_weights 1003f8b0 f   sfc_debugmsvc80:sfdb_coverage.obj
 0001:0003eaf0       _sf_debug_cc_mark_transition_guard 1003faf0 f   sfc_debugmsvc80:sfdb_coverage.obj
 0001:0003eb70       _sf_debug_cc_mark_transition_trigger 1003fb70 f   sfc_debugmsvc80:sfdb_coverage.obj
 0001:0003ebf0       _sf_debug_cc_mark_transition_decision 1003fbf0 f   sfc_debugmsvc80:sfdb_coverage.obj
 0001:0003ec50       _sf_debug_cc_mark_transition_condition_action 1003fc50 f   sfc_debugmsvc80:sfdb_coverage.obj
 0001:0003eca0       _sf_debug_cc_mark_transition_transition_action 1003fca0 f   sfc_debugmsvc80:sfdb_coverage.obj
 0001:0003ecf0       _sf_debug_cc_mark_state_entry 1003fcf0 f   sfc_debugmsvc80:sfdb_coverage.obj
 0001:0003ed40       _sf_debug_cc_mark_state_during 1003fd40 f   sfc_debugmsvc80:sfdb_coverage.obj
 0001:0003ed90       _sf_debug_cc_mark_state_exit 1003fd90 f   sfc_debugmsvc80:sfdb_coverage.obj
 0001:0003f3a0       _sf_debug_cc_get_coverage  100403a0 f   sfc_debugmsvc80:sfdb_coverage.obj
 0001:0003f810       _sf_debug_bm_clear_script_breakpoints 10040810 f   sfc_debugmsvc80:sfdb_breakpoints.obj
 0001:0003f850       _sf_debug_bm_set_script_breakpoint 10040850 f   sfc_debugmsvc80:sfdb_breakpoints.obj
 0001:0003f8c0       _sf_debug_bm_clear_single_script_breakpoint 100408c0 f   sfc_debugmsvc80:sfdb_breakpoints.obj
 0001:0003f930       _sf_debug_bm_query_script_breakpoint 10040930 f   sfc_debugmsvc80:sfdb_breakpoints.obj
 0001:0003f980       _sf_debug_bm_initialize_scripts 10040980 f   sfc_debugmsvc80:sfdb_breakpoints.obj
 0001:0003ff20       _sf_debug_bm_terminate     10040f20 f   sfc_debugmsvc80:sfdb_breakpoints.obj
 0001:000401e0       _sf_debug_bm_remove_all_breakpoints_in_machine 100411e0 f   sfc_debugmsvc80:sfdb_breakpoints.obj
 0001:00040230       _sf_debug_bm_remove_all_breakpoints_in_chart 10041230 f   sfc_debugmsvc80:sfdb_breakpoints.obj
 0001:00040360       _sf_debug_bm_initialize_global_breakpoints 10041360 f   sfc_debugmsvc80:sfdb_breakpoints.obj
 0001:00040510       _sf_debug_bm_set_breakpoint 10041510 f   sfc_debugmsvc80:sfdb_breakpoints.obj
 0001:00040a80       _sf_debug_bm_set_eml_breakpoint 10041a80 f   sfc_debugmsvc80:sfdb_breakpoints.obj
 0001:00040b00       _sf_debug_bm_initialize_machine_breakpoint_map 10041b00 f   sfc_debugmsvc80:sfdb_breakpoints.obj
 0001:00040ea0       _sf_debug_bm_is_a_breakpoint 10041ea0 f   sfc_debugmsvc80:sfdb_breakpoints.obj
 0001:00041310       _sf_debug_bm_get_all_breakpoints_in_machine 10042310 f   sfc_debugmsvc80:sfdb_breakpoints.obj
 0001:000415b0       _sf_debug_bm_get_all_breakpoints_in_chart 100425b0 f   sfc_debugmsvc80:sfdb_breakpoints.obj
 0001:00041fe0       _sf_debug_bm_initialize_machine 10042fe0 f   sfc_debugmsvc80:sfdb_breakpoints.obj
 0001:00042080       _sf_debug_bm_initialize_chart 10043080 f   sfc_debugmsvc80:sfdb_breakpoints.obj
 0001:00042410       _sf_debug_sc_terminate     10043410 f   sfc_debugmsvc80:sfdb_state_consistency.obj
 0001:00042690       _sf_debug_sc_is_chart_consistent 10043690 f   sfc_debugmsvc80:sfdb_state_consistency.obj
 0001:00042870       _sf_debug_sc_get_consistency_error_info 10043870 f   sfc_debugmsvc80:sfdb_state_consistency.obj
 0001:00042bd0       _sf_debug_tm_terminate     10043bd0 f   sfc_debugmsvc80:sfdb_call_stack.obj
 0001:00042c70       _sf_debug_tm_push_chart_instance 10043c70 f   sfc_debugmsvc80:sfdb_call_stack.obj
 0001:00042da0       _sf_debug_tm_pop_chart_instance 10043da0 f   sfc_debugmsvc80:sfdb_call_stack.obj
 0001:00042e00       _sf_debug_tm_push_trace_node 10043e00 f   sfc_debugmsvc80:sfdb_call_stack.obj
 0001:00042f10       _sf_debug_tm_pop_trace_node 10043f10 f   sfc_debugmsvc80:sfdb_call_stack.obj
 0001:00042f90       _sf_debug_tm_get_current_global_trace_index 10043f90 f   sfc_debugmsvc80:sfdb_call_stack.obj
 0001:00042fb0       _sf_debug_tm_get_current_local_trace_index 10043fb0 f   sfc_debugmsvc80:sfdb_call_stack.obj
 0001:00042fe0       _sf_debug_tm_set_cycle_detected_flag 10043fe0 f   sfc_debugmsvc80:sfdb_call_stack.obj
 0001:00043030       _sf_debug_tm_set_cycle_started_flag 10044030 f   sfc_debugmsvc80:sfdb_call_stack.obj
 0001:00043080       _sf_debug_tm_get_chart_number_from_stack 10044080 f   sfc_debugmsvc80:sfdb_call_stack.obj
 0001:00043220       _sf_debug_tm_browse_trace  10044220 f   sfc_debugmsvc80:sfdb_call_stack.obj
 0001:00043490       _sf_debug_cd_initialize_instance 10044490 f   sfc_debugmsvc80:sfdb_cycle_detection.obj
 0001:000436c0       _sf_debug_cd_mark_processed_transition_in_instance 100446c0 f   sfc_debugmsvc80:sfdb_cycle_detection.obj
 0001:00043740       _sf_debug_cd_checksum_push 10044740 f   sfc_debugmsvc80:sfdb_cycle_detection.obj
 0001:00043a40       _sf_debug_cd_checksum_pop  10044a40 f   sfc_debugmsvc80:sfdb_cycle_detection.obj
 0001:00043aa0       _sf_debug_cd_turn_off_cycle_detection 10044aa0 f   sfc_debugmsvc80:sfdb_cycle_detection.obj
 0001:00043af0       _sf_debug_cd_terminate     10044af0 f   sfc_debugmsvc80:sfdb_cycle_detection.obj
 0001:00043cc0       _md5_initialize_state      10044cc0 f   sfc_debugmsvc80:ckmd5.obj
 0001:00044550       _md5_update_state          10045550 f   sfc_debugmsvc80:ckmd5.obj
 0001:00044570       _md5_get_hash              10045570 f   sfc_debugmsvc80:ckmd5.obj
 0001:00044590       _md5_get_hash_for_a_single_string 10045590 f   sfc_debugmsvc80:ckmd5.obj
 0001:000445fa       _mxGetPr                   100455fa f   libmx:libmx.dll
 0001:00044600       _mxCreateDoubleScalar      10045600 f   libmx:libmx.dll
 0001:00044606       _mxSetField_730            10045606 f   libmx:libmx.dll
 0001:0004460c       _mxCreateDoubleMatrix_730  1004560c f   libmx:libmx.dll
 0001:00044612       _mxCreateStructMatrix_730  10045612 f   libmx:libmx.dll
 0001:00044618       _mxDestroyArray            10045618 f   libmx:libmx.dll
 0001:0004461e       _mxCreateString            1004561e f   libmx:libmx.dll
 0001:00044624       _mxDuplicateArray          10045624 f   libmx:libmx.dll
 0001:0004462a       _mxGetString_730           1004562a f   libmx:libmx.dll
 0001:00044630       _mxIsChar                  10045630 f   libmx:libmx.dll
 0001:00044636       _mxGetClassID              10045636 f   libmx:libmx.dll
 0001:0004463c       _mxIsNumeric               1004563c f   libmx:libmx.dll
 0001:00044642       _mxIsComplex               10045642 f   libmx:libmx.dll
 0001:00044648       _mxGetN                    10045648 f   libmx:libmx.dll
 0001:0004464e       _mxGetM                    1004564e f   libmx:libmx.dll
 0001:00044654       _mxCalloc                  10045654 f   libmx:libmx.dll
 0001:0004465a       _mxGetScalar               1004565a f   libmx:libmx.dll
 0001:00044660       _mxIsLogical               10045660 f   libmx:libmx.dll
 0001:00044666       _mxCreateDoubleMatrix_700  10045666 f   libmx:libmx.dll
 0001:0004466c       _mxFree                    1004566c f   libmx:libmx.dll
 0001:00044672       _mxArrayToString           10045672 f   libmx:libmx.dll
 0001:00044678       _mxCreateCellMatrix_700    10045678 f   libmx:libmx.dll
 0001:0004467e       _mxSetCell_700             1004567e f   libmx:libmx.dll
 0001:00044684       _mxGetCell_700             10045684 f   libmx:libmx.dll
 0001:0004468a       _mxGetClassName            1004568a f   libmx:libmx.dll
 0001:00044690       _mxSetField_700            10045690 f   libmx:libmx.dll
 0001:00044696       _mxAddField                10045696 f   libmx:libmx.dll
 0001:0004469c       _mxGetField_700            1004569c f   libmx:libmx.dll
 0001:000446a2       _mxGetNumberOfElements     100456a2 f   libmx:libmx.dll
 0001:000446a8       _mxIsStruct                100456a8 f   libmx:libmx.dll
 0001:000446ae       _mxIsClass                 100456ae f   libmx:libmx.dll
 0001:000446b4       _mxGetLogicals             100456b4 f   libmx:libmx.dll
 0001:000446ba       _mxIsSparse                100456ba f   libmx:libmx.dll
 0001:000446c0       _mxSetFieldByNumber_700    100456c0 f   libmx:libmx.dll
 0001:000446c6       _mxGetFieldByNumber_700    100456c6 f   libmx:libmx.dll
 0001:000446cc       _mxGetFieldNameByNumber    100456cc f   libmx:libmx.dll
 0001:000446d2       _mxGetNumberOfFields       100456d2 f   libmx:libmx.dll
 0001:000446d8       _mxCreateStructMatrix_700  100456d8 f   libmx:libmx.dll
 0001:000446de       _mxGetFieldNumber          100456de f   libmx:libmx.dll
 0001:000446e4       _mxIsNaN                   100456e4 f   libmx:libmx.dll
 0001:000446ea       _mxIsEmpty                 100456ea f   libmx:libmx.dll
 0001:000446f0       _mxGetData                 100456f0 f   libmx:libmx.dll
 0001:000446f6       _mxGetImagData             100456f6 f   libmx:libmx.dll
 0001:000446fc       _mxArrayClassIDName        100456fc f   libmx:libmx.dll
 0001:00044702       _mxCreateNumericMatrix_700 10045702 f   libmx:libmx.dll
 0001:00044708       _mxCreateStructArray_700   10045708 f   libmx:libmx.dll
 0001:0004470e       _mxCalcSingleSubscript_700 1004570e f   libmx:libmx.dll
 0001:00044714       _mxGetDimensions_700       10045714 f   libmx:libmx.dll
 0001:0004471a       _mxGetNumberOfDimensions_700 1004571a f   libmx:libmx.dll
 0001:00044720       _mxCreateNumericArray_700  10045720 f   libmx:libmx.dll
 0001:00044726       _mxGetElementSize          10045726 f   libmx:libmx.dll
 0001:0004472c       _mxGetString_700           1004572c f   libmx:libmx.dll
 0001:00044732       _mxIsLogicalScalarTrue     10045732 f   libmx:libmx.dll
 0001:00044738       _mxCreateLogicalScalar     10045738 f   libmx:libmx.dll
 0001:0004473e       _mexUnlock                 1004573e f   libmex:libmex.dll
 0001:00044744       _mexIsLocked               10045744 f   libmex:libmex.dll
 0001:0004474a       _mexWarnMsgTxt             1004574a f   libmex:libmex.dll
 0001:00044750       _mexCallMATLAB             10045750 f   libmex:libmex.dll
 0001:00044756       _mexErrMsgTxt              10045756 f   libmex:libmex.dll
 0001:0004475c       _mexSetTrapFlag            1004575c f   libmex:libmex.dll
 0001:00044762       _mexMakeArrayPersistent    10045762 f   libmex:libmex.dll
 0001:00044768       _mexPutVariable            10045768 f   libmex:libmex.dll
 0001:0004476e       _mexGetVariable            1004576e f   libmex:libmex.dll
 0001:00044774       _mexLock                   10045774 f   libmex:libmex.dll
 0001:0004477a       _mexMakeMemoryPersistent   1004577a f   libmex:libmex.dll
 0001:00044780       _mexFunctionName           10045780 f   libmex:libmex.dll
 0001:00044786       _ssRegisterDataTypeFxpFSlopeFixExpBias 10045786 f   libfixedpoint:libfixedpoint.dll
 0001:0004478c       _utVSNprintf               1004578c f   libut:libut.dll
 0001:00044792       _utCPUtime                 10045792 f   libut:libut.dll
 0001:00044798       _utFree                    10045798 f   libut:libut.dll
 0001:0004479e       _utMalloc                  1004579e f   libut:libut.dll
 0001:000447a4       _emlrtCheckBuiltInR2009a   100457a4 f   libemlrt:libemlrt.dll
 0001:000447aa       _emlrtCheckVsBuiltInR2009a 100457aa f   libemlrt:libemlrt.dll
 0001:000447b0       _emlrtCheckEnumR2009a      100457b0 f   libemlrt:libemlrt.dll
 0001:000447b6       _emlrtCreateEnumR2010a     100457b6 f   libemlrt:libemlrt.dll
 0001:000447bc       _emlrtGetEnumElementR2009a 100457bc f   libemlrt:libemlrt.dll
 0001:000447c2       _emlrtImportVsFiArrayR2009b 100457c2 f   libemlrt:libemlrt.dll
 0001:000447c8       _emlrtGetEnumUnderlyingArrayR2009a 100457c8 f   libemlrt:libemlrt.dll
 0001:000447ce       _emlrtIsEnumR2009a         100457ce f   libemlrt:libemlrt.dll
 0001:000447e0       _memset                    100457e0 f   MSVCRT:MSVCR90.dll
 0001:000447e6       _malloc                    100457e6 f   MSVCRT:MSVCR90.dll
 0001:000447ec       _free                      100457ec f   MSVCRT:MSVCR90.dll
 0001:000447f2       _strcmp                    100457f2 f   MSVCRT:MSVCR90.dll
 0001:000447f8       @__security_check_cookie@4 100457f8 f   MSVCRT:secchk.obj
 0001:00044808       _sprintf                   10045808 f   MSVCRT:MSVCR90.dll
 0001:0004480e       _strlen                    1004580e f   MSVCRT:MSVCR90.dll
 0001:00044814       _strcat                    10045814 f   MSVCRT:MSVCR90.dll
 0001:00044820       __ftol2_sse                10045820 f   MSVCRT:ftol2.obj
 0001:00044829       __ftol2_pentium4           10045829 f   MSVCRT:ftol2.obj
 0001:0004483c       __ftol2_sse_excpt          1004583c f   MSVCRT:ftol2.obj
 0001:00044856       __ftol2                    10045856 f   MSVCRT:ftol2.obj
 0001:000448cc       _memcpy                    100458cc f   MSVCRT:MSVCR90.dll
 0001:000448d2       _NtCurrentTeb              100458d2 f i MSVCRT:crtdll.obj
 0001:00044928       __CRT_INIT@12              10045928 f   MSVCRT:crtdll.obj
 0001:00044c64       __DllMainCRTStartup@12     10045c64 f   MSVCRT:crtdll.obj
 0001:00044c88       _strncpy                   10045c88 f   MSVCRT:MSVCR90.dll
 0001:00044c90       __alloca_probe             10045c90     MSVCRT:chkstk.obj
 0001:00044c90       __chkstk                   10045c90 f   MSVCRT:chkstk.obj
 0001:00044cbc       _longjmp                   10045cbc f   MSVCRT:MSVCR90.dll
 0001:00044cc2       _strncmp                   10045cc2 f   MSVCRT:MSVCR90.dll
 0001:00044cc8       _ceil                      10045cc8 f   MSVCRT:MSVCR90.dll
 0001:00044cce       _strrchr                   10045cce f   MSVCRT:MSVCR90.dll
 0001:00044cd4       __setjmp3                  10045cd4 f   MSVCRT:MSVCR90.dll
 0001:00044cda       _calloc                    10045cda f   MSVCRT:MSVCR90.dll
 0001:00044ce0       _realloc                   10045ce0 f   MSVCRT:MSVCR90.dll
 0001:00044ce6       _ldexp                     10045ce6 f   MSVCRT:MSVCR90.dll
 0001:00044cec       ___report_gsfailure        10045cec f   MSVCRT:gs_report.obj
 0001:00044e42       __get_sse2_info            10045e42 f   MSVCRT:cpu_disp.obj
 0001:00044ea4       ___sse2_available_init     10045ea4 f   MSVCRT:cpu_disp.obj
 0001:00044eb1       ___clean_type_info_names   10045eb1 f   MSVCRT:tncleanup.obj
 0001:00044ebd       __onexit                   10045ebd f   MSVCRT:atonexit.obj
 0001:00044f62       _atexit                    10045f62 f   MSVCRT:atonexit.obj
 0001:00044f79       __RTC_Initialize           10045f79 f   MSVCRT:_initsect_.obj
 0001:00044f9f       __RTC_Terminate            10045f9f f   MSVCRT:_initsect_.obj
 0001:00044fc6       __encode_pointer           10045fc6 f   MSVCRT:MSVCR90.dll
 0001:00044fcc       __malloc_crt               10045fcc f   MSVCRT:MSVCR90.dll
 0001:00044fd2       __encoded_null             10045fd2 f   MSVCRT:MSVCR90.dll
 0001:00044fd8       __decode_pointer           10045fd8 f   MSVCRT:MSVCR90.dll
 0001:00044fe0       __ValidateImageBase        10045fe0 f   MSVCRT:pesect.obj
 0001:00045020       __FindPESection            10046020 f   MSVCRT:pesect.obj
 0001:00045070       __IsNonwritableInCurrentImage 10046070 f   MSVCRT:pesect.obj
 0001:0004512e       __initterm                 1004612e f   MSVCRT:MSVCR90.dll
 0001:00045134       __initterm_e               10046134 f   MSVCRT:MSVCR90.dll
 0001:0004513a       __amsg_exit                1004613a f   MSVCRT:MSVCR90.dll
 0001:00045140       ___CppXcptFilter           10046140 f   MSVCRT:MSVCR90.dll
 0001:00045146       _DllMain@12                10046146 f   MSVCRT:dllmain.obj
 0001:0004516c       __SEH_prolog4              1004616c f   MSVCRT:sehprolg4.obj
 0001:000451b1       __SEH_epilog4              100461b1 f   MSVCRT:sehprolg4.obj
 0001:000451c5       __except_handler4          100461c5 f   MSVCRT:chandler4gs.obj
 0001:000451ea       ___security_init_cookie    100461ea f   MSVCRT:gs_support.obj
 0001:00045280       __crt_debugger_hook        10046280 f   MSVCRT:MSVCR90.dll
 0001:00045286       ___clean_type_info_names_internal 10046286 f   MSVCRT:MSVCR90.dll
 0001:0004528c       __unlock                   1004628c f   MSVCRT:MSVCR90.dll
 0001:00045292       ___dllonexit               10046292 f   MSVCRT:MSVCR90.dll
 0001:00045298       __lock                     10046298 f   MSVCRT:MSVCR90.dll
 0001:0004529e       __except_handler4_common   1004629e f   MSVCRT:MSVCR90.dll
 0001:000452a4       _InterlockedExchange@8     100462a4 f   kernel32:KERNEL32.dll
 0001:000452aa       _Sleep@4                   100462aa f   kernel32:KERNEL32.dll
 0001:000452b0       _InterlockedCompareExchange@12 100462b0 f   kernel32:KERNEL32.dll
 0001:000452b6       _TerminateProcess@8        100462b6 f   kernel32:KERNEL32.dll
 0001:000452bc       _GetCurrentProcess@0       100462bc f   kernel32:KERNEL32.dll
 0001:000452c2       _UnhandledExceptionFilter@4 100462c2 f   kernel32:KERNEL32.dll
 0001:000452c8       _SetUnhandledExceptionFilter@4 100462c8 f   kernel32:KERNEL32.dll
 0001:000452ce       _IsDebuggerPresent@0       100462ce f   kernel32:KERNEL32.dll
 0001:000452d4       _DisableThreadLibraryCalls@4 100462d4 f   kernel32:KERNEL32.dll
 0001:000452da       _QueryPerformanceCounter@4 100462da f   kernel32:KERNEL32.dll
 0001:000452e0       _GetTickCount@0            100462e0 f   kernel32:KERNEL32.dll
 0001:000452e6       _GetCurrentThreadId@0      100462e6 f   kernel32:KERNEL32.dll
 0001:000452ec       _GetCurrentProcessId@0     100462ec f   kernel32:KERNEL32.dll
 0001:000452f2       _GetSystemTimeAsFileTime@4 100462f2 f   kernel32:KERNEL32.dll
 0002:00000000       __imp__GetSystemTimeAsFileTime@4 10047000     kernel32:KERNEL32.dll
 0002:00000004       __imp__GetCurrentProcessId@0 10047004     kernel32:KERNEL32.dll
 0002:00000008       __imp__GetCurrentThreadId@0 10047008     kernel32:KERNEL32.dll
 0002:0000000c       __imp__GetTickCount@0      1004700c     kernel32:KERNEL32.dll
 0002:00000010       __imp__QueryPerformanceCounter@4 10047010     kernel32:KERNEL32.dll
 0002:00000014       __imp__DisableThreadLibraryCalls@4 10047014     kernel32:KERNEL32.dll
 0002:00000018       __imp__IsDebuggerPresent@0 10047018     kernel32:KERNEL32.dll
 0002:0000001c       __imp__SetUnhandledExceptionFilter@4 1004701c     kernel32:KERNEL32.dll
 0002:00000020       __imp__UnhandledExceptionFilter@4 10047020     kernel32:KERNEL32.dll
 0002:00000024       __imp__GetCurrentProcess@0 10047024     kernel32:KERNEL32.dll
 0002:00000028       __imp__TerminateProcess@8  10047028     kernel32:KERNEL32.dll
 0002:0000002c       __imp__InterlockedCompareExchange@12 1004702c     kernel32:KERNEL32.dll
 0002:00000030       __imp__Sleep@4             10047030     kernel32:KERNEL32.dll
 0002:00000034       __imp__InterlockedExchange@8 10047034     kernel32:KERNEL32.dll
 0002:00000038       \177KERNEL32_NULL_THUNK_DATA 10047038     kernel32:KERNEL32.dll
 0002:0000003c       __imp___except_handler4_common 1004703c     MSVCRT:MSVCR90.dll
 0002:00000040       __imp___onexit             10047040     MSVCRT:MSVCR90.dll
 0002:00000044       __imp___lock               10047044     MSVCRT:MSVCR90.dll
 0002:00000048       __imp____dllonexit         10047048     MSVCRT:MSVCR90.dll
 0002:0000004c       __imp___unlock             1004704c     MSVCRT:MSVCR90.dll
 0002:00000050       __imp____clean_type_info_names_internal 10047050     MSVCRT:MSVCR90.dll
 0002:00000054       __imp___crt_debugger_hook  10047054     MSVCRT:MSVCR90.dll
 0002:00000058       __imp____CppXcptFilter     10047058     MSVCRT:MSVCR90.dll
 0002:0000005c       __imp___adjust_fdiv        1004705c     MSVCRT:MSVCR90.dll
 0002:00000060       __imp___amsg_exit          10047060     MSVCRT:MSVCR90.dll
 0002:00000064       __imp___initterm_e         10047064     MSVCRT:MSVCR90.dll
 0002:00000068       __imp___initterm           10047068     MSVCRT:MSVCR90.dll
 0002:0000006c       __imp___decode_pointer     1004706c     MSVCRT:MSVCR90.dll
 0002:00000070       __imp___encoded_null       10047070     MSVCRT:MSVCR90.dll
 0002:00000074       __imp___malloc_crt         10047074     MSVCRT:MSVCR90.dll
 0002:00000078       __imp___encode_pointer     10047078     MSVCRT:MSVCR90.dll
 0002:0000007c       __imp__ldexp               1004707c     MSVCRT:MSVCR90.dll
 0002:00000080       __imp__realloc             10047080     MSVCRT:MSVCR90.dll
 0002:00000084       __imp__calloc              10047084     MSVCRT:MSVCR90.dll
 0002:00000088       __imp___setjmp3            10047088     MSVCRT:MSVCR90.dll
 0002:0000008c       __imp__strrchr             1004708c     MSVCRT:MSVCR90.dll
 0002:00000090       __imp__ceil                10047090     MSVCRT:MSVCR90.dll
 0002:00000094       __imp__strncmp             10047094     MSVCRT:MSVCR90.dll
 0002:00000098       __imp__longjmp             10047098     MSVCRT:MSVCR90.dll
 0002:0000009c       __imp__strncpy             1004709c     MSVCRT:MSVCR90.dll
 0002:000000a0       __imp__memcpy              100470a0     MSVCRT:MSVCR90.dll
 0002:000000a4       __imp__strcat              100470a4     MSVCRT:MSVCR90.dll
 0002:000000a8       __imp__strlen              100470a8     MSVCRT:MSVCR90.dll
 0002:000000ac       __imp__sprintf             100470ac     MSVCRT:MSVCR90.dll
 0002:000000b0       __imp__strcmp              100470b0     MSVCRT:MSVCR90.dll
 0002:000000b4       __imp__free                100470b4     MSVCRT:MSVCR90.dll
 0002:000000b8       __imp__malloc              100470b8     MSVCRT:MSVCR90.dll
 0002:000000bc       __imp__memset              100470bc     MSVCRT:MSVCR90.dll
 0002:000000c0       \177MSVCR90_NULL_THUNK_DATA 100470c0     MSVCRT:MSVCR90.dll
 0002:000000c4       __imp__emlrtIsEnumR2009a   100470c4     libemlrt:libemlrt.dll
 0002:000000c8       __imp__emlrtGetEnumUnderlyingArrayR2009a 100470c8     libemlrt:libemlrt.dll
 0002:000000cc       __imp__emlrtImportVsFiArrayR2009b 100470cc     libemlrt:libemlrt.dll
 0002:000000d0       __imp__emlrtGetEnumElementR2009a 100470d0     libemlrt:libemlrt.dll
 0002:000000d4       __imp__emlrtCreateEnumR2010a 100470d4     libemlrt:libemlrt.dll
 0002:000000d8       __imp__emlrtCheckVsBuiltInR2009a 100470d8     libemlrt:libemlrt.dll
 0002:000000dc       __imp__emlrtCheckEnumR2009a 100470dc     libemlrt:libemlrt.dll
 0002:000000e0       __imp__emlrtCheckBuiltInR2009a 100470e0     libemlrt:libemlrt.dll
 0002:000000e4       \177libemlrt_NULL_THUNK_DATA 100470e4     libemlrt:libemlrt.dll
 0002:000000e8       __imp__ssRegisterDataTypeFxpFSlopeFixExpBias 100470e8     libfixedpoint:libfixedpoint.dll
 0002:000000ec       \177libfixedpoint_NULL_THUNK_DATA 100470ec     libfixedpoint:libfixedpoint.dll
 0002:000000f0       __imp__mexSetTrapFlag      100470f0     libmex:libmex.dll
 0002:000000f4       __imp__mexWarnMsgTxt       100470f4     libmex:libmex.dll
 0002:000000f8       __imp__mexPutVariable      100470f8     libmex:libmex.dll
 0002:000000fc       __imp__mexErrMsgTxt        100470fc     libmex:libmex.dll
 0002:00000100       __imp__mexLock             10047100     libmex:libmex.dll
 0002:00000104       __imp__mexMakeMemoryPersistent 10047104     libmex:libmex.dll
 0002:00000108       __imp__mexFunctionName     10047108     libmex:libmex.dll
 0002:0000010c       __imp__mexGetVariable      1004710c     libmex:libmex.dll
 0002:00000110       __imp__mexCallMATLAB       10047110     libmex:libmex.dll
 0002:00000114       __imp__mexIsLocked         10047114     libmex:libmex.dll
 0002:00000118       __imp__mexUnlock           10047118     libmex:libmex.dll
 0002:0000011c       __imp__mexMakeArrayPersistent 1004711c     libmex:libmex.dll
 0002:00000120       \177libmex_NULL_THUNK_DATA 10047120     libmex:libmex.dll
 0002:00000124       __imp__mxIsStruct          10047124     libmx:libmx.dll
 0002:00000128       __imp__mxCreateDoubleScalar 10047128     libmx:libmx.dll
 0002:0000012c       __imp__mxSetField_730      1004712c     libmx:libmx.dll
 0002:00000130       __imp__mxCreateDoubleMatrix_730 10047130     libmx:libmx.dll
 0002:00000134       __imp__mxCreateStructMatrix_730 10047134     libmx:libmx.dll
 0002:00000138       __imp__mxCreateLogicalScalar 10047138     libmx:libmx.dll
 0002:0000013c       __imp__mxIsLogicalScalarTrue 1004713c     libmx:libmx.dll
 0002:00000140       __imp__mxGetString_700     10047140     libmx:libmx.dll
 0002:00000144       __imp__mxGetElementSize    10047144     libmx:libmx.dll
 0002:00000148       __imp__mxCreateNumericArray_700 10047148     libmx:libmx.dll
 0002:0000014c       __imp__mxGetNumberOfDimensions_700 1004714c     libmx:libmx.dll
 0002:00000150       __imp__mxGetDimensions_700 10047150     libmx:libmx.dll
 0002:00000154       __imp__mxCalcSingleSubscript_700 10047154     libmx:libmx.dll
 0002:00000158       __imp__mxCreateStructArray_700 10047158     libmx:libmx.dll
 0002:0000015c       __imp__mxCreateNumericMatrix_700 1004715c     libmx:libmx.dll
 0002:00000160       __imp__mxArrayClassIDName  10047160     libmx:libmx.dll
 0002:00000164       __imp__mxGetImagData       10047164     libmx:libmx.dll
 0002:00000168       __imp__mxGetData           10047168     libmx:libmx.dll
 0002:0000016c       __imp__mxIsEmpty           1004716c     libmx:libmx.dll
 0002:00000170       __imp__mxIsNaN             10047170     libmx:libmx.dll
 0002:00000174       __imp__mxGetFieldNumber    10047174     libmx:libmx.dll
 0002:00000178       __imp__mxCreateStructMatrix_700 10047178     libmx:libmx.dll
 0002:0000017c       __imp__mxGetNumberOfFields 1004717c     libmx:libmx.dll
 0002:00000180       __imp__mxGetFieldNameByNumber 10047180     libmx:libmx.dll
 0002:00000184       __imp__mxGetFieldByNumber_700 10047184     libmx:libmx.dll
 0002:00000188       __imp__mxSetFieldByNumber_700 10047188     libmx:libmx.dll
 0002:0000018c       __imp__mxIsSparse          1004718c     libmx:libmx.dll
 0002:00000190       __imp__mxGetLogicals       10047190     libmx:libmx.dll
 0002:00000194       __imp__mxIsClass           10047194     libmx:libmx.dll
 0002:00000198       __imp__mxGetPr             10047198     libmx:libmx.dll
 0002:0000019c       __imp__mxGetNumberOfElements 1004719c     libmx:libmx.dll
 0002:000001a0       __imp__mxGetField_700      100471a0     libmx:libmx.dll
 0002:000001a4       __imp__mxAddField          100471a4     libmx:libmx.dll
 0002:000001a8       __imp__mxSetField_700      100471a8     libmx:libmx.dll
 0002:000001ac       __imp__mxGetClassName      100471ac     libmx:libmx.dll
 0002:000001b0       __imp__mxGetCell_700       100471b0     libmx:libmx.dll
 0002:000001b4       __imp__mxSetCell_700       100471b4     libmx:libmx.dll
 0002:000001b8       __imp__mxCreateCellMatrix_700 100471b8     libmx:libmx.dll
 0002:000001bc       __imp__mxArrayToString     100471bc     libmx:libmx.dll
 0002:000001c0       __imp__mxFree              100471c0     libmx:libmx.dll
 0002:000001c4       __imp__mxCreateDoubleMatrix_700 100471c4     libmx:libmx.dll
 0002:000001c8       __imp__mxIsLogical         100471c8     libmx:libmx.dll
 0002:000001cc       __imp__mxGetScalar         100471cc     libmx:libmx.dll
 0002:000001d0       __imp__mxCalloc            100471d0     libmx:libmx.dll
 0002:000001d4       __imp__mxGetM              100471d4     libmx:libmx.dll
 0002:000001d8       __imp__mxGetN              100471d8     libmx:libmx.dll
 0002:000001dc       __imp__mxIsComplex         100471dc     libmx:libmx.dll
 0002:000001e0       __imp__mxIsNumeric         100471e0     libmx:libmx.dll
 0002:000001e4       __imp__mxGetClassID        100471e4     libmx:libmx.dll
 0002:000001e8       __imp__mxIsChar            100471e8     libmx:libmx.dll
 0002:000001ec       __imp__mxGetString_730     100471ec     libmx:libmx.dll
 0002:000001f0       __imp__mxDuplicateArray    100471f0     libmx:libmx.dll
 0002:000001f4       __imp__mxCreateString      100471f4     libmx:libmx.dll
 0002:000001f8       __imp__mxDestroyArray      100471f8     libmx:libmx.dll
 0002:000001fc       \177libmx_NULL_THUNK_DATA  100471fc     libmx:libmx.dll
 0002:00000200       __imp__utCPUtime           10047200     libut:libut.dll
 0002:00000204       __imp__utFree              10047204     libut:libut.dll
 0002:00000208       __imp__utMalloc            10047208     libut:libut.dll
 0002:0000020c       __imp__utVSNprintf         1004720c     libut:libut.dll
 0002:00000210       \177libut_NULL_THUNK_DATA  10047210     libut:libut.dll
 0002:00000214       ___xc_a                    10047214     MSVCRT:cinitexe.obj
 0002:00000218       ___xc_z                    10047218     MSVCRT:cinitexe.obj
 0002:0000021c       ___xi_a                    1004721c     MSVCRT:cinitexe.obj
 0002:00000228       ___xi_z                    10047228     MSVCRT:cinitexe.obj
 0002:00000320       __real@41d03516ff400000    10047320     c1_Dyno_Fall_12.obj
 0002:00000328       __real@41c2ffd5a0800000    10047328     c1_Dyno_Fall_12.obj
 0002:00000330       __real@41b9ca30b7000000    10047330     c1_Dyno_Fall_12.obj
 0002:00000338       __real@41c8d479f0000000    10047338     c1_Dyno_Fall_12.obj
 0002:00000340       __real@0000000000000000    10047340     c1_Dyno_Fall_12.obj
 0002:00000348       __real@3ff0000000000000    10047348     c1_Dyno_Fall_12.obj
 0002:00000350       __real@41ec6298ece00000    10047350     c1_Dyno_Fall_12.obj
 0002:00000358       __real@41e0ac700b400000    10047358     c1_Dyno_Fall_12.obj
 0002:00000360       __real@41ef4a7beb600000    10047360     c1_Dyno_Fall_12.obj
 0002:00000368       __real@41ab6d1494000000    10047368     c1_Dyno_Fall_12.obj
 0002:00000520       __real@41df1b8244400000    10047520     c2_Dyno_Fall_12.obj
 0002:00000528       __real@41e7b2c02c800000    10047528     c2_Dyno_Fall_12.obj
 0002:00000530       __real@41e84c4498c00000    10047530     c2_Dyno_Fall_12.obj
 0002:00000538       __real@41e01197cd800000    10047538     c2_Dyno_Fall_12.obj
 0002:00000540       __real@4014000000000000    10047540     c2_Dyno_Fall_12.obj
 0002:00000548       __real@41ce374fce800000    10047548     c2_Dyno_Fall_12.obj
 0002:00000550       __real@41e58588a1800000    10047550     c2_Dyno_Fall_12.obj
 0002:00000558       __real@41cb5c6f2e000000    10047558     c2_Dyno_Fall_12.obj
 0002:00000560       __real@41e0bf6f74200000    10047560     c2_Dyno_Fall_12.obj
 0002:00000620       __real@41d4ed566a800000    10047620     c3_Dyno_Fall_12.obj
 0002:00000628       __real@41be3d4815000000    10047628     c3_Dyno_Fall_12.obj
 0002:00000630       __real@41c162a8e2000000    10047630     c3_Dyno_Fall_12.obj
 0002:00000638       __real@41e13cdad8200000    10047638     c3_Dyno_Fall_12.obj
 0002:00000640       __real@4024000000000000    10047640     c3_Dyno_Fall_12.obj
 0002:00000648       __real@41da15b63e800000    10047648     c3_Dyno_Fall_12.obj
 0002:00000650       __real@41c14d64a0800000    10047650     c3_Dyno_Fall_12.obj
 0002:00000658       __real@41c0dbd1ad800000    10047658     c3_Dyno_Fall_12.obj
 0002:00000660       __real@41eb2a01de800000    10047660     c3_Dyno_Fall_12.obj
 0002:000007c8       __real@41eb3a20f8c00000    100477c8     c4_Dyno_Fall_12.obj
 0002:000007d0       __real@41ec8584e2600000    100477d0     c4_Dyno_Fall_12.obj
 0002:000007d8       __real@41e14a31e9e00000    100477d8     c4_Dyno_Fall_12.obj
 0002:000007e0       __real@41ca181c30800000    100477e0     c4_Dyno_Fall_12.obj
 0002:000007e8       __real@41a4fc1504000000    100477e8     c4_Dyno_Fall_12.obj
 0002:000007f0       __real@41d440bab6400000    100477f0     c4_Dyno_Fall_12.obj
 0002:000007f8       __real@41bf6946c0000000    100477f8     c4_Dyno_Fall_12.obj
 0002:00000800       __real@41bf184afa000000    10047800     c4_Dyno_Fall_12.obj
 0002:00000808       _DYNAMIC_DIMENSION_DEF     10047808     Dyno_Fall_12_sfun_registry.obj
 0002:00000818       __ssBadLevel2InputAccessMsg 10047818     Dyno_Fall_12_sfun_registry.obj
[...]
 0001:00022aa0       _sf_mex_get_formatted_error_string 10023aa0 f   sfc_mexmsvc80:sfc_mex.obj
 0001:00022da0       _sf_mex_destroy_array      10023da0 f   sfc_mexmsvc80:sfc_mex.obj
 0001:00022f50       _sfrtAddSize               10023f50 f   sfc_mexmsvc80:sfc_mex.obj
 0001:00023000       _sfrtGenSizeString         10024000 f   sfc_mexmsvc80:sfc_mex.obj
 0001:00023030       _sfIsProperMatrix          10024030 f   sfc_mexmsvc80:sfc_mex.obj
 0001:00023060       _sfIsRowVector             10024060 f   sfc_mexmsvc80:sfc_mex.obj
 0001:00023340       _sf_mex_err                10024340 f   sfc_mexmsvc80:sfc_mex.obj
 0001:00023350       _sf_error_dimension_out_of_bound 10024350 f   sfc_mexmsvc80:sfc_mex.obj
 0001:00023370       _sf_mex_check_and_set_actual_dimensions 10024370 f   sfc_mexmsvc80:sfc_mex.obj
 0001:00023c00       _size_mismatch_error       10024c00 f   sfc_mexmsvc80:sfc_mex.obj
 0001:00024270       _check_array_dimensions    10025270 f   sfc_mexmsvc80:sfc_mex.obj
 0001:000242c0       _check_input_mxarray       100252c0 f   sfc_mexmsvc80:sfc_mex.obj
 0001:00024850       _sf_numeric_value_to_double 10025850 f   sfc_mexmsvc80:sfc_mex.obj
 0001:00024890       _ml_generic_out_of_bounds_check 10025890 f   sfc_mexmsvc80:sfc_mex.obj
 0001:00024980       _ml_get_element_value_from_array 10025980 f   sfc_mexmsvc80:sfc_mex.obj
 0001:00024d30       __ml_generic_castability_check 10025d30 f   sfc_mexmsvc80:sfc_mex.obj
 0001:000251f0       _ml_generic_castability_check 100261f0 f   sfc_mexmsvc80:sfc_mex.obj
 0001:00025250       _ml_check_mx_array_for_single_castability 10026250 f   sfc_mexmsvc80:sfc_mex.obj
 0001:00025380       _ml_check_mx_array_for_logical_castability 10026380 f   sfc_mexmsvc80:sfc_mex.obj
 0001:000253e0       _ml_check_mx_array_for_int8_castability 100263e0 f   sfc_mexmsvc80:sfc_mex.obj
 0001:00025470       _ml_check_mx_array_for_uint8_castability 10026470 f   sfc_mexmsvc80:sfc_mex.obj
 0001:00025620       _ml_check_mx_array_for_int16_castability 10026620 f   sfc_mexmsvc80:sfc_mex.obj
 0001:000257d0       _ml_check_mx_array_for_uint16_castability 100267d0 f   sfc_mexmsvc80:sfc_mex.obj
 0001:00025ae0       _ml_check_mx_array_for_int32_castability 10026ae0 f   sfc_mexmsvc80:sfc_mex.obj
 0001:00025dc0       _ml_check_mx_array_for_uint32_castability 10026dc0 f   sfc_mexmsvc80:sfc_mex.obj
 0001:000260d0       _ml_check_mx_array_for_castability 100270d0 f   sfc_mexmsvc80:sfc_mex.obj
 0001:00026600       _set_data_value            10027600 f   sfc_mexmsvc80:sfc_mex.obj
 0001:00026ad0       _get_data_value            10027ad0 f   sfc_mexmsvc80:sfc_mex.obj
 0001:00026bd0       _get_next_element_address  10027bd0 f   sfc_mexmsvc80:sfc_mex.obj
 0001:00026c70       _sf_normalize_index        10027c70 f   sfc_mexmsvc80:sfc_mex.obj
 0001:00026f00       _ml_array_index_bound_check 10027f00 f   sfc_mexmsvc80:sfc_mex.obj
 0001:000277a0       _mx_value                  100287a0 f   sfc_mexmsvc80:sfc_mex.obj
 0001:000277f0       _sf_create_numeric_array   100287f0 f   sfc_mexmsvc80:sfc_mex.obj
 0001:00027870       _sf_mex_assign_to_mx_array 10028870 f   sfc_mexmsvc80:sfc_mex.obj
 0001:00027aa0       _assign_from_mx_array      10028aa0 f   sfc_mexmsvc80:sfc_mex.obj
 0001:00028560       _get_machine_and_chart_file_number 10029560 f   sfc_mexmsvc80:sfc_sf.obj
 0001:00028620       _get_sfun_block_specialization 10029620 f   sfc_mexmsvc80:sfc_sf.obj
 0001:00028680       _call_sf_machine_global_method_dispatcher 10029680 f   sfc_mexmsvc80:sfc_sf.obj
 0001:00028800       _mdl_zeroCrossings_processing 10029800 f   sfc_mexmsvc80:sfc_sf.obj
 0001:000288b0       _mdl_derivatives_processing 100298b0 f   sfc_mexmsvc80:sfc_sf.obj
 0001:00028b30       _mdl_outputs_continuous_legacy 10029b30 f   sfc_mexmsvc80:sfc_sf.obj
 0001:00028bb0       _mdl_outputs_processing    10029bb0 f   sfc_mexmsvc80:sfc_sf.obj
 0001:00028e10       _mdl_enable_processing     10029e10 f   sfc_mexmsvc80:sfc_sf.obj
 0001:00028ec0       _mdl_disable_processing    10029ec0 f   sfc_mexmsvc80:sfc_sf.obj
 0001:00029530       _write_symbol_mapping      1002a530 f   sfc_mexmsvc80:sfc_sf.obj
 0001:00029b50       _sf_call_output_fcn_enable_disable 1002ab50 f   sfc_mexmsvc80:sfc_sf.obj
 0001:00029d70       _set_dwork_information_from_mx_array 1002ad70 f   sfc_mexmsvc80:sfc_sf.obj
 0001:0002a540       _get_dwork_info_from_mat_file 1002b540 f   sfc_mexmsvc80:sfc_sf.obj
 0001:0002a620       _ptr2mxStruct              1002b620 f   sfc_mexmsvc80:sfc_sf.obj
 0001:0002a840       _SNPRINTF_WRAPPER          1002b840 f   sfc_debugmsvc80:sfcdebug.obj
 0001:0002a860       _sf_debug_chart_instance_initialized_quick 1002b860 f   sfc_debugmsvc80:sfcdebug.obj
 0001:0002a870       _sf_debug_chart_instance_initialized 1002b870 f   sfc_debugmsvc80:sfcdebug.obj
 0001:0002a9f0       _sfrtAddSize               1002b9f0 f   sfc_debugmsvc80:sfcdebug.obj
 0001:0002aaa0       _sfrtGenSizeString         1002baa0 f   sfc_debugmsvc80:sfcdebug.obj
 0001:0002af20       _sf_debug_sim_status_listener 1002bf20 f   sfc_debugmsvc80:sfcdebug.obj
 0001:0002b390       _sf_debug_form_mask_bits   1002c390 f   sfc_debugmsvc80:sfcdebug.obj
 0001:0002b3d0       _sf_debug_form_sf_data_type_offsets 1002c3d0 f   sfc_debugmsvc80:sfcdebug.obj
 0001:0002b460       _sf_debug_free_all         1002c460 f   sfc_debugmsvc80:sfcdebug.obj
 0001:0002b5e0       _sf_debug_append_debugger_context 1002c5e0 f   sfc_debugmsvc80:sfcdebug.obj
 0001:0002b8c0       _local_strdup              1002c8c0 f   sfc_debugmsvc80:sfcdebug.obj
 0001:0002c4b0       _sf_debug_em_terminate     1002d4b0 f   sfc_debugmsvc80:sfcdebug.obj
 0001:0002c4f0       _sf_debug_push_eml_function 1002d4f0 f   sfc_debugmsvc80:sfcdebug.obj
 0001:0002c580       _sf_debug_pop_eml_function 1002d580 f   sfc_debugmsvc80:sfcdebug.obj
 0001:0002cd40       _sf_debug_get_machine_number_from_id_or_name 1002dd40 f   sfc_debugmsvc80:sfcdebug.obj
 0001:0002cea0       _sf_debug_get_chart_number_from_id 1002dea0 f   sfc_debugmsvc80:sfcdebug.obj
 0001:0002d7c0       _sf_debug_transfer_control_to_debugger_GUI 1002e7c0 f   sfc_debugmsvc80:sfcdebug.obj
 0001:0002e520       _sf_debug_scripts_rehash   1002f520 f   sfc_debugmsvc80:sfcdebug.obj
 0001:0002e6d0       _sf_debug_get_script_line_count 1002f6d0 f   sfc_debugmsvc80:sfcdebug.obj
 0001:0002eb70       _cv_eml_state_cvId         1002fb70 f   sfc_debugmsvc80:sfcdebug.obj
 0001:0002f830       _sf_debug_data_array_bounds_error 10030830 f   sfc_debugmsvc80:sfcdebug.obj
 0001:0002fb40       _sf_debug_runtime_error    10030b40 f   sfc_debugmsvc80:sfcdebug.obj
 0001:0002fce0       _sf_debug_matlab_error     10030ce0 f   sfc_debugmsvc80:sfcdebug.obj
 0001:00030110       _sf_debug_data_value_error 10031110 f   sfc_debugmsvc80:sfcdebug.obj
 0001:00030710       _sf_debug_data_loss_error  10031710 f   sfc_debugmsvc80:sfcdebug.obj
 0001:00030fd0       _call_cv_range_check       10031fd0 f   sfc_debugmsvc80:sfcdebug.obj
 0001:00031550       _sf_debug_invoke_cycle_detection_code 10032550 f   sfc_debugmsvc80:sfcdebug.obj
 0001:00031f10       _sf_reset_debug_info_struct 10032f10 f   sfc_debugmsvc80:sfcdebug.obj
 0001:000325e0       _cv_script_cvId            100335e0 f   sfc_debugmsvc80:sfcdebug.obj
 0001:00032dd0       _sfc_api_chart_visible     10033dd0 f   sfc_debugmsvc80:sfc_api.obj
 0001:00032e80       _sfc_api_active_instance   10033e80 f   sfc_debugmsvc80:sfc_api.obj
 0001:00032f20       _sfc_api_machine_load      10033f20 f   sfc_debugmsvc80:sfc_api.obj
 0001:00033020       _sfc_api_debugger_alive    10034020 f   sfc_debugmsvc80:sfc_api.obj
 0001:00033030       _sfc_api_go                10034030 f   sfc_debugmsvc80:sfc_api.obj
 0001:00033040       _sfc_api_step_over         10034040 f   sfc_debugmsvc80:sfc_api.obj
 0001:00033050       _sfc_api_step_out          10034050 f   sfc_debugmsvc80:sfc_api.obj
 0001:00033060       _sfc_api_resume            10034060 f   sfc_debugmsvc80:sfc_api.obj
 0001:00033070       _sfc_api_break             10034070 f   sfc_debugmsvc80:sfc_api.obj
 0001:00033080       _sfc_api_stop_debugging    10034080 f   sfc_debugmsvc80:sfc_api.obj
 0001:000330d0       _sfc_api_is_cycle_detected 100340d0 f   sfc_debugmsvc80:sfc_api.obj
 0001:00033120       _sfc_api_is_array_bounds_detected 10034120 f   sfc_debugmsvc80:sfc_api.obj
 0001:00033170       _sfc_api_set_disable_all_breakpoints 10034170 f   sfc_debugmsvc80:sfc_api.obj
 0001:00033200       _sfc_api_disable_all_breakpoints_and_go 10034200 f   sfc_debugmsvc80:sfc_api.obj
 0001:00033210       _sfc_api_close             10034210 f   sfc_debugmsvc80:sfc_api.obj
 0001:00033220       _sfc_api_browse_data       10034220 f   sfc_debugmsvc80:sfc_api.obj
 0001:000332a0       _sfc_api_watch_data        100342a0 f   sfc_debugmsvc80:sfc_api.obj
 0001:00033320       _sfc_api_whos              10034320 f   sfc_debugmsvc80:sfc_api.obj
 0001:000333b0       _sfc_api_get_consistency_info 100343b0 f   sfc_debugmsvc80:sfc_api.obj
 0001:000333d0       _sfc_api_browse_trace      100343d0 f   sfc_debugmsvc80:sfc_api.obj
 0001:000333f0       _sfc_api_break_on_chart_entry 100343f0 f   sfc_debugmsvc80:sfc_api.obj
 0001:00033430       _sfc_api_break_on_event_broadcast 10034430 f   sfc_debugmsvc80:sfc_api.obj
 0001:00033470       _sfc_api_break_on_state_entry 10034470 f   sfc_debugmsvc80:sfc_api.obj
 0001:000334b0       _sfc_api_set_watch         100344b0 f   sfc_debugmsvc80:sfc_api.obj
 0001:00033590       _sfc_api_set_breakpoints   10034590 f   sfc_debugmsvc80:sfc_api.obj
 0001:00033670       _sfc_api_set_eml_breakpoints 10034670 f   sfc_debugmsvc80:sfc_api.obj
 0001:00033720       _sfc_api_set_script_breakpoints 10034720 f   sfc_debugmsvc80:sfc_api.obj
 0001:00033780       _sfc_api_add_script_breakpoints 10034780 f   sfc_debugmsvc80:sfc_api.obj
 0001:000337e0       _sfc_api_clear_script_breakpoints 100347e0 f   sfc_debugmsvc80:sfc_api.obj
 0001:00033840       _sfc_api_query_script_breakpoints 10034840 f   sfc_debugmsvc80:sfc_api.obj
 0001:000338b0       _sfc_api_get_script_id     100348b0 f   sfc_debugmsvc80:sfc_api.obj
 0001:00033950       _sfc_api_get_active_states 10034950 f   sfc_debugmsvc80:sfc_api.obj
 0001:000339c0       _sfc_api_break_between_times 100349c0 f   sfc_debugmsvc80:sfc_api.obj
 0001:00033a20       _sfc_api_get_instance_handle 10034a20 f   sfc_debugmsvc80:sfc_api.obj
 0001:00033b00       _sfc_api_get_coverage      10034b00 f   sfc_debugmsvc80:sfc_api.obj
 0001:00033b70       _sfc_api_set_animation     10034b70 f   sfc_debugmsvc80:sfc_api.obj
 0001:00033bd0       _sfc_api_select_chart      10034bd0 f   sfc_debugmsvc80:sfc_api.obj
 0001:00033c60       _sfc_api_select_charts     10034c60 f   sfc_debugmsvc80:sfc_api.obj
 0001:00033c90       _sfc_api_cycle_detection_check 10034c90 f   sfc_debugmsvc80:sfc_api.obj
 0001:00033cf0       _sfc_api_data_range_check  10034cf0 f   sfc_debugmsvc80:sfc_api.obj
 0001:00033d50       _sfc_api_transition_conflict_check 10034d50 f   sfc_debugmsvc80:sfc_api.obj
 0001:00033db0       _sfc_api_state_consistency_check 10034db0 f   sfc_debugmsvc80:sfc_api.obj
 0001:00033e10       _sfc_api_set_instance_cv_ids 10034e10 f   sfc_debugmsvc80:sfc_api.obj
 0001:00033f40       _sfc_api_set_script_cv_ids 10034f40 f   sfc_debugmsvc80:sfc_api.obj
 0001:00033fe0       _sfc_api_get_current_machine_id 10034fe0 f   sfc_debugmsvc80:sfc_api.obj
 0001:00034010       _sfc_api_get_current_machine_number 10035010 f   sfc_debugmsvc80:sfc_api.obj
 0001:00034040       _sfc_api_get_current_chart_number 10035040 f   sfc_debugmsvc80:sfc_api.obj
 0001:00034070       _sfc_api_get_current_instance_number 10035070 f   sfc_debugmsvc80:sfc_api.obj
 0001:000340a0       _sfc_api_get_current_instance_handle 100350a0 f   sfc_debugmsvc80:sfc_api.obj
 0001:000340c0       _sfc_api_get_current_is_minor_time_step 100350c0 f   sfc_debugmsvc80:sfc_api.obj
 0001:000340f0       _sfc_api_get_current_machine_name 100350f0 f   sfc_debugmsvc80:sfc_api.obj
 0001:00034110       _sfc_api_get_current_chart_id 10035110 f   sfc_debugmsvc80:sfc_api.obj
 0001:00034140       _sfc_api_get_current_object_type 10035140 f   sfc_debugmsvc80:sfc_api.obj
 0001:00034170       _sfc_api_get_current_event_type 10035170 f   sfc_debugmsvc80:sfc_api.obj
 0001:000341a0       _sfc_api_get_current_object_id 100351a0 f   sfc_debugmsvc80:sfc_api.obj
 0001:000341d0       _sfc_get_current_active_event_type 100351d0 f   sfc_debugmsvc80:sfc_api.obj
 0001:00034200       _sfc_api_get_current_active_event_id 10035200 f   sfc_debugmsvc80:sfc_api.obj
 0001:00034230       _sfc_api_get_current_simulation_time 10035230 f   sfc_debugmsvc80:sfc_api.obj
 0001:00034250       _sfc_get_current_tag_type  10035250 f   sfc_debugmsvc80:sfc_api.obj
 0001:00034280       _sfc_get_current_coverage_percentage 10035280 f   sfc_debugmsvc80:sfc_api.obj
 0001:000342a0       _sfc_get_current_statement_context 100352a0 f   sfc_debugmsvc80:sfc_api.obj
 0001:000342c0       _sfc_get_current_optional_integer 100352c0 f   sfc_debugmsvc80:sfc_api.obj
 0001:000342f0       _sfc_get_current_statement_info 100352f0 f   sfc_debugmsvc80:sfc_api.obj
 0001:00034390       _sfc_api_get               10035390 f   sfc_debugmsvc80:sfc_api.obj
 0001:00034d90       _sf_debug_sm_fill_state_activity_data 10035d90 f   sfc_debugmsvc80:sfdb_animation.obj
 0001:00036cd0       _sf_debug_hm_get_simulink_handle 10037cd0 f   sfc_debugmsvc80:sfdb_handle_management.obj
 0001:000372c0       _sf_debug_hm_initialize_globals 100382c0 f   sfc_debugmsvc80:sfdb_handle_management.obj
 0001:000373b0       _sf_debug_hm_get_machine_debug_flag 100383b0 f   sfc_debugmsvc80:sfdb_handle_management.obj
 0001:00037500       _sf_debug_hm_get_machine_id 10038500 f   sfc_debugmsvc80:sfdb_handle_management.obj
 0001:00037610       _sf_debug_hm_get_chart_id  10038610 f   sfc_debugmsvc80:sfdb_handle_management.obj
 0001:00037780       _sf_debug_hm_register_executing_SFunction 10038780 f   sfc_debugmsvc80:sfdb_handle_management.obj
 0001:000378d0       _sf_debug_hm_get_chart_active_instance 100388d0 f   sfc_debugmsvc80:sfdb_handle_management.obj
 0001:00037a00       _sf_debug_hm_get_chart_visibility 10038a00 f   sfc_debugmsvc80:sfdb_handle_management.obj
 0001:00037b40       _sf_debug_hm_form_object_boolean_properties 10038b40 f   sfc_debugmsvc80:sfdb_handle_management.obj
 0001:00037db0       _sf_debug_hm_form_object_properties 10038db0 f   sfc_debugmsvc80:sfdb_handle_management.obj
 0001:00037fb0       _sf_debug_hm_terminate_charts 10038fb0 f   sfc_debugmsvc80:sfdb_handle_management.obj
 0001:00038550       _sf_debug_hm_terminate_machines 10039550 f   sfc_debugmsvc80:sfdb_handle_management.obj
 0001:00039df0       _void_ptr_stack_vector_free_total 1003adf0 f   sfc_debugmsvc80:sfdb_data_browse.obj
 0001:00039e50       _sf_debug_st_terminate_machine 1003ae50 f   sfc_debugmsvc80:sfdb_data_browse.obj
 0001:00039e80       _sf_debug_st_terminate_instance 1003ae80 f   sfc_debugmsvc80:sfdb_data_browse.obj
 0001:0003a000       _push_on_to_void_ptr_stack 1003b000 f   sfc_debugmsvc80:sfdb_data_browse.obj
 0001:0003a130       _pop_from_void_ptr_stack   1003b130 f   sfc_debugmsvc80:sfdb_data_browse.obj
 0001:0003a230       _sf_debug_st_get_data_value 1003b230 f   sfc_debugmsvc80:sfdb_data_browse.obj
 0001:0003a6d0       _mx_value                  1003b6d0 f   sfc_debugmsvc80:sfdb_data_browse.obj
 0001:0003a700       _sf_debug_st_fill_data_struct 1003b700 f   sfc_debugmsvc80:sfdb_data_browse.obj
 0001:0003a9d0       _data_type_format_strings  1003b9d0 f   sfc_debugmsvc80:sfdb_data_browse.obj
 0001:0003aa40       _sf_debug_st_fill_data     1003ba40 f   sfc_debugmsvc80:sfdb_data_browse.obj
 0001:0003b7d0       _sf_debug_ss_copy_dimension 1003c7d0 f   sfc_debugmsvc80:sfdb_symbol_scope.obj
 0001:0003b840       _sf_debug_ss_get_number_elements 1003c840 f   sfc_debugmsvc80:sfdb_symbol_scope.obj
 0001:0003b860       _sf_debug_ss_fill_data_struct 1003c860 f   sfc_debugmsvc80:sfdb_symbol_scope.obj
 0001:0003ba50       _sf_debug_ss_reset_data_info 1003ca50 f   sfc_debugmsvc80:sfdb_symbol_scope.obj
 0001:0003baa0       _sf_debug_fill_data_info_by_symbol_scope_entry 1003caa0 f   sfc_debugmsvc80:sfdb_symbol_scope.obj
 0001:0003bb40       _sf_debug_fill_data_info_by_data_vector 1003cb40 f   sfc_debugmsvc80:sfdb_symbol_scope.obj
 0001:0003bd00       _sf_debug_ss_get_data_info 1003cd00 f   sfc_debugmsvc80:sfdb_symbol_scope.obj
 0001:0003bf30       _sf_debug_ss_get_data_value 1003cf30 f   sfc_debugmsvc80:sfdb_symbol_scope.obj
 0001:0003c270       _sf_debug_ss_data_bytes_string 1003d270 f   sfc_debugmsvc80:sfdb_symbol_scope.obj
 0001:0003c2e0       _sf_debug_ss_data_class_string 1003d2e0 f   sfc_debugmsvc80:sfdb_symbol_scope.obj
 0001:0003c630       _sf_debug_ss_data_size_string 1003d630 f   sfc_debugmsvc80:sfdb_symbol_scope.obj
 0001:0003c6f0       _sf_debug_ss_data_create_data_info_struct 1003d6f0 f   sfc_debugmsvc80:sfdb_symbol_scope.obj
 0001:0003c800       _sf_debug_ss_data_create_name_value_pair 1003d800 f   sfc_debugmsvc80:sfdb_symbol_scope.obj
 0001:0003c860       _sf_debug_ss_data_get_whos_info 1003d860 f   sfc_debugmsvc80:sfdb_symbol_scope.obj
 0001:0003c890       _same_named_data_in_data_array 1003d890 f   sfc_debugmsvc80:sfdb_symbol_scope.obj
 0001:0003dda0       _sf_debug_cc_terminate_chart 1003eda0 f   sfc_debugmsvc80:sfdb_coverage.obj
 0001:0003e080       _sf_debug_cc_terminate_instance 1003f080 f   sfc_debugmsvc80:sfdb_coverage.obj
 0001:0003ea90       _sf_debug_cc_mark_object_if_needed 1003fa90 f   sfc_debugmsvc80:sfdb_coverage.obj
 0001:0003ede0       _sf_debug_cc_fill_transition_coverage_data 1003fde0 f   sfc_debugmsvc80:sfdb_coverage.obj
 0001:0003ef10       _sf_debug_cc_fill_transition_coverage_map 1003ff10 f   sfc_debugmsvc80:sfdb_coverage.obj
 0001:0003f0f0       _sf_debug_cc_fill_state_coverage_map 100400f0 f   sfc_debugmsvc80:sfdb_coverage.obj
 0001:0003f290       _sf_debug_cc_fill_state_coverage_data 10040290 f   sfc_debugmsvc80:sfdb_coverage.obj
 0001:0003fc40       _sf_debug_bm_initialize_eml 10040c40 f   sfc_debugmsvc80:sfdb_breakpoints.obj
 0001:00040c30       _sf_debug_bm_map_debug_tag_to_breakpoint_tag 10041c30 f   sfc_debugmsvc80:sfdb_breakpoints.obj
 0001:00040cd0       _sf_debug_bm_is_a_eml_breakpoint_impl 10041cd0 f   sfc_debugmsvc80:sfdb_breakpoints.obj
 0001:000422c0       _sf_debug_sc_push_on_error_stack 100432c0 f   sfc_debugmsvc80:sfdb_state_consistency.obj
 0001:000423d0       _sf_debug_sc_reset_error_stack 100433d0 f   sfc_debugmsvc80:sfdb_state_consistency.obj
 0001:00042520       _sf_debug_sc_is_state_inconsistent 10043520 f   sfc_debugmsvc80:sfdb_state_consistency.obj
 0001:00042740       _sf_debug_sc_fill_consistency_info 10043740 f   sfc_debugmsvc80:sfdb_state_consistency.obj
 0001:00042bc0       _void_assertion_fcn        10043bc0 f   sfc_debugmsvc80:sfdb_call_stack.obj
 0001:000430b0       _sf_debug_tm_fill_local_trace 100440b0 f   sfc_debugmsvc80:sfdb_call_stack.obj
 0001:00043530       _sf_debug_cd_terminate_instance 10044530 f   sfc_debugmsvc80:sfdb_cycle_detection.obj
 0001:00043590       _sf_debug_cd_free_checksum_stack 10044590 f   sfc_debugmsvc80:sfdb_cycle_detection.obj
 0001:000435c0       _sf_debug_cd_reset_pack_strings 100445c0 f   sfc_debugmsvc80:sfdb_cycle_detection.obj
 0001:00043c10       _md5file_clear             10044c10 f   sfc_debugmsvc80:ckmd5.obj
 0001:00043c40       _Encode                    10044c40 f   sfc_debugmsvc80:ckmd5.obj
 0001:00043c80       _Decode                    10044c80 f   sfc_debugmsvc80:ckmd5.obj
 0001:00043d00       _MD5Transform              10044d00 f   sfc_debugmsvc80:ckmd5.obj
 0001:000443c0       _md5file_addn              100453c0 f   sfc_debugmsvc80:ckmd5.obj
 0001:00044470       _md5file_hash              10045470 f   sfc_debugmsvc80:ckmd5.obj
 0001:000448d9       _pre_c_init                100458d9 f   MSVCRT:crtdll.obj
 0001:00044b4e       ___DllMainCRTStartup       10045b4e f   MSVCRT:crtdll.obj
 0001:00044df2       _has_osfxsr_set            10045df2 f   MSVCRT:cpu_disp.obj
